[Br "main"; Label "$48_65_6c_6c_6f_2c_20_57_6f_72_6c_64_21_20_a";
 Data
   [|Byte 72uy; Byte 101uy; Byte 108uy; Byte 108uy; Byte 111uy; Byte 44uy;
     Byte 32uy; Byte 87uy; Byte 111uy; Byte 114uy; Byte 108uy; Byte 100uy;
     Byte 33uy; Byte 32uy; Byte 10uy; Byte 0uy|]; Label "main"; PushRealRs;
 MovRM (R 0,Lbl "$48_65_6c_6c_6f_2c_20_57_6f_72_6c_64_21_20_a"); Push (R 0);
 MovRR (BP,SP); Call "printf"; PopRealRs; MovRC (R 0,Int 0); Ret]