[Br "main";
 Label
   "$53_74_6f_72_61_67_65_20_73_69_7a_65_20_66_6f_72_20_69_6e_74_20_3a_20_25_64_20_a";
 Data
   [|Byte 83uy; Byte 116uy; Byte 111uy; Byte 114uy; Byte 97uy; Byte 103uy;
     Byte 101uy; Byte 32uy; Byte 115uy; Byte 105uy; Byte 122uy; Byte 101uy;
     Byte 32uy; Byte 102uy; Byte 111uy; Byte 114uy; Byte 32uy; Byte 105uy;
     Byte 110uy; Byte 116uy; Byte 32uy; Byte 58uy; Byte 32uy; Byte 37uy;
     Byte 100uy; Byte 32uy; Byte 10uy; Byte 0uy|]; Label "main"; PushRealRs;
 MovRM
   (R 0,
    Lbl
      "$53_74_6f_72_61_67_65_20_73_69_7a_65_20_66_6f_72_20_69_6e_74_20_3a_20_25_64_20_a");
 Push (R 0); PushC (Int 4); MovRR (BP,SP); Call "printf"; PopRealRs;
 MovRC (R 0,Int 0); Ret]