[Br "main";
 Label
   "$76_61_6c_75_65_20_6f_66_20_61_20_69_6e_20_6d_61_69_6e_28_29_20_3d_20_25_64_a";
 Data
   [|Byte 118uy; Byte 97uy; Byte 108uy; Byte 117uy; Byte 101uy; Byte 32uy;
     Byte 111uy; Byte 102uy; Byte 32uy; Byte 97uy; Byte 32uy; Byte 105uy;
     Byte 110uy; Byte 32uy; Byte 109uy; Byte 97uy; Byte 105uy; Byte 110uy;
     Byte 40uy; Byte 41uy; Byte 32uy; Byte 61uy; Byte 32uy; Byte 37uy;
     Byte 100uy; Byte 10uy; Byte 0uy|];
 Label
   "$76_61_6c_75_65_20_6f_66_20_61_20_69_6e_20_73_75_6d_28_29_20_3d_20_25_64_a";
 Data
   [|Byte 118uy; Byte 97uy; Byte 108uy; Byte 117uy; Byte 101uy; Byte 32uy;
     Byte 111uy; Byte 102uy; Byte 32uy; Byte 97uy; Byte 32uy; Byte 105uy;
     Byte 110uy; Byte 32uy; Byte 115uy; Byte 117uy; Byte 109uy; Byte 40uy;
     Byte 41uy; Byte 32uy; Byte 61uy; Byte 32uy; Byte 37uy; Byte 100uy;
     Byte 10uy; Byte 0uy|];
 Label
   "$76_61_6c_75_65_20_6f_66_20_62_20_69_6e_20_73_75_6d_28_29_20_3d_20_25_64_a";
 Data
   [|Byte 118uy; Byte 97uy; Byte 108uy; Byte 117uy; Byte 101uy; Byte 32uy;
     Byte 111uy; Byte 102uy; Byte 32uy; Byte 98uy; Byte 32uy; Byte 105uy;
     Byte 110uy; Byte 32uy; Byte 115uy; Byte 117uy; Byte 109uy; Byte 40uy;
     Byte 41uy; Byte 32uy; Byte 61uy; Byte 32uy; Byte 37uy; Byte 100uy;
     Byte 10uy; Byte 0uy|];
 Label
   "$76_61_6c_75_65_20_6f_66_20_63_20_69_6e_20_6d_61_69_6e_28_29_20_3d_20_25_64_a";
 Data
   [|Byte 118uy; Byte 97uy; Byte 108uy; Byte 117uy; Byte 101uy; Byte 32uy;
     Byte 111uy; Byte 102uy; Byte 32uy; Byte 99uy; Byte 32uy; Byte 105uy;
     Byte 110uy; Byte 32uy; Byte 109uy; Byte 97uy; Byte 105uy; Byte 110uy;
     Byte 40uy; Byte 41uy; Byte 32uy; Byte 61uy; Byte 32uy; Byte 37uy;
     Byte 100uy; Byte 10uy; Byte 0uy|]; Label "a"; Data [|Int 20|]; Label "main";
 AddC (SP,Int 3); MovRC (R 1,Int 10); MovRC (R 2,Int 20); MovRC (R 3,Int 0);
 PushRealRs;
 MovRM
   (R 0,
    Lbl
      "$76_61_6c_75_65_20_6f_66_20_61_20_69_6e_20_6d_61_69_6e_28_29_20_3d_20_25_64_a");
 Push (R 0); Push (R 1); MovRR (BP,SP); Call "printf"; PopRealRs; PushRealRs;
 Push (R 1); Push (R 2); MovRR (BP,SP); Call "sum"; PopRealRs; MovRR (R 3,R 0);
 PushRealRs;
 MovRM
   (R 0,
    Lbl
      "$76_61_6c_75_65_20_6f_66_20_63_20_69_6e_20_6d_61_69_6e_28_29_20_3d_20_25_64_a");
 Push (R 0); Push (R 3); MovRR (BP,SP); Call "printf"; PopRealRs;
 MovRC (R 0,Int 0); SubC (SP,Int 3); Ret; SubC (SP,Int 3); Ret; Label "sum";
 PushRealRs;
 MovRM
   (R 0,
    Lbl
      "$76_61_6c_75_65_20_6f_66_20_61_20_69_6e_20_73_75_6d_28_29_20_3d_20_25_64_a");
 Push (R 0); Push (R -2); MovRR (BP,SP); Call "printf"; PopRealRs; PushRealRs;
 MovRM
   (R 0,
    Lbl
      "$76_61_6c_75_65_20_6f_66_20_62_20_69_6e_20_73_75_6d_28_29_20_3d_20_25_64_a");
 Push (R 0); Push (R -1); MovRR (BP,SP); Call "printf"; PopRealRs; Push (R -2);
 MovRR (R 0,R -1); Add (R 0,SP); SubC (SP,Int 1); Ret; Ret]