[Br "main";
 Label
   "$41_64_64_72_65_73_73_20_6f_66_20_76_61_72_31_20_76_61_72_69_61_62_6c_65_3a_20_25_78_a";
 Data
   [|Byte 65uy; Byte 100uy; Byte 100uy; Byte 114uy; Byte 101uy; Byte 115uy;
     Byte 115uy; Byte 32uy; Byte 111uy; Byte 102uy; Byte 32uy; Byte 118uy;
     Byte 97uy; Byte 114uy; Byte 49uy; Byte 32uy; Byte 118uy; Byte 97uy;
     Byte 114uy; Byte 105uy; Byte 97uy; Byte 98uy; Byte 108uy; Byte 101uy;
     Byte 58uy; Byte 32uy; Byte 37uy; Byte 120uy; Byte 10uy; Byte 0uy|];
 Label
   "$41_64_64_72_65_73_73_20_6f_66_20_76_61_72_32_20_76_61_72_69_61_62_6c_65_3a_20_25_78_a";
 Data
   [|Byte 65uy; Byte 100uy; Byte 100uy; Byte 114uy; Byte 101uy; Byte 115uy;
     Byte 115uy; Byte 32uy; Byte 111uy; Byte 102uy; Byte 32uy; Byte 118uy;
     Byte 97uy; Byte 114uy; Byte 50uy; Byte 32uy; Byte 118uy; Byte 97uy;
     Byte 114uy; Byte 105uy; Byte 97uy; Byte 98uy; Byte 108uy; Byte 101uy;
     Byte 58uy; Byte 32uy; Byte 37uy; Byte 120uy; Byte 10uy; Byte 0uy|];
 Label "main"; AddC (4,SP,Ptr (2,Byte)); MovRC (R 0,Int 10); MovRR (RX,SP);
 Add (4,SP,R 0); MovRR (R 2,RX); PushRealRs;
 MovRM
   (R 0,
    Lbl
      "$41_64_64_72_65_73_73_20_6f_66_20_76_61_72_31_20_76_61_72_69_61_62_6c_65_3a_20_25_78_a");
 Push (R 0); MovRHandle (R 0,HandleReg 1); Push (R 0); MovRR (BP,SP);
 Call "printf"; PopRealRs; PushRealRs;
 MovRM
   (R 0,
    Lbl
      "$41_64_64_72_65_73_73_20_6f_66_20_76_61_72_32_20_76_61_72_69_61_62_6c_65_3a_20_25_78_a");
 Push (R 0); MovRHandle (R 0,HandleReg 2); Push (R 0); MovRR (BP,SP);
 Call "printf"; PopRealRs; MovRC (R 0,Int 0); SubC (4,SP,Ptr (2,Byte)); Ret;
 SubC (4,SP,Ptr (2,Byte))]