[Br "main";
 Label
   "$41_64_64_72_65_73_73_20_6f_66_20_76_61_72_20_76_61_72_69_61_62_6c_65_3a_20_25_78_a";
 Data
   [|Byte 65uy; Byte 100uy; Byte 100uy; Byte 114uy; Byte 101uy; Byte 115uy;
     Byte 115uy; Byte 32uy; Byte 111uy; Byte 102uy; Byte 32uy; Byte 118uy;
     Byte 97uy; Byte 114uy; Byte 32uy; Byte 118uy; Byte 97uy; Byte 114uy;
     Byte 105uy; Byte 97uy; Byte 98uy; Byte 108uy; Byte 101uy; Byte 58uy;
     Byte 32uy; Byte 37uy; Byte 120uy; Byte 10uy; Byte 0uy|];
 Label
   "$41_64_64_72_65_73_73_20_73_74_6f_72_65_64_20_69_6e_20_69_70_20_76_61_72_69_61_62_6c_65_3a_20_25_78_a";
 Data
   [|Byte 65uy; Byte 100uy; Byte 100uy; Byte 114uy; Byte 101uy; Byte 115uy;
     Byte 115uy; Byte 32uy; Byte 115uy; Byte 116uy; Byte 111uy; Byte 114uy;
     Byte 101uy; Byte 100uy; Byte 32uy; Byte 105uy; Byte 110uy; Byte 32uy;
     Byte 105uy; Byte 112uy; Byte 32uy; Byte 118uy; Byte 97uy; Byte 114uy;
     Byte 105uy; Byte 97uy; Byte 98uy; Byte 108uy; Byte 101uy; Byte 58uy;
     Byte 32uy; Byte 37uy; Byte 120uy; Byte 10uy; Byte 0uy|];
 Label
   "$56_61_6c_75_65_20_6f_66_20_2a_69_70_20_76_61_72_69_61_62_6c_65_3a_20_25_64_a";
 Data
   [|Byte 86uy; Byte 97uy; Byte 108uy; Byte 117uy; Byte 101uy; Byte 32uy;
     Byte 111uy; Byte 102uy; Byte 32uy; Byte 42uy; Byte 105uy; Byte 112uy;
     Byte 32uy; Byte 118uy; Byte 97uy; Byte 114uy; Byte 105uy; Byte 97uy;
     Byte 98uy; Byte 108uy; Byte 101uy; Byte 58uy; Byte 32uy; Byte 37uy;
     Byte 100uy; Byte 10uy; Byte 0uy|]; Label "main"; AddC (4,SP,Ptr (2,Byte));
 MovRC (R 1,Int 20); MovRHandle (R 0,HandleReg 1); MovRR (R 2,R 0); PushRealRs;
 MovRM
   (R 0,
    Lbl
      "$41_64_64_72_65_73_73_20_6f_66_20_76_61_72_20_76_61_72_69_61_62_6c_65_3a_20_25_78_a");
 Push (R 0); MovRHandle (R 0,HandleReg 1); Push (R 0); MovRR (BP,SP);
 Call "printf"; PopRealRs; PushRealRs;
 MovRM
   (R 0,
    Lbl
      "$41_64_64_72_65_73_73_20_73_74_6f_72_65_64_20_69_6e_20_69_70_20_76_61_72_69_61_62_6c_65_3a_20_25_78_a");
 Push (R 0); Push (R 2); MovRR (BP,SP); Call "printf"; PopRealRs; PushRealRs;
 MovRM
   (R 0,
    Lbl
      "$56_61_6c_75_65_20_6f_66_20_2a_69_70_20_76_61_72_69_61_62_6c_65_3a_20_25_64_a");
 Push (R 0); MovRR (R 0,R 2); MovRM (R 0,Indirect (R 0)); Push (R 0);
 MovRR (BP,SP); Call "printf"; PopRealRs; MovRC (R 0,Int 0);
 SubC (4,SP,Ptr (2,Byte)); Ret; SubC (4,SP,Ptr (2,Byte))]