[Br "main"; Label "$4d_61_78_20_76_61_6c_75_65_20_69_73_20_3a_20_25_64_a";
 Data
   [|Byte 77uy; Byte 97uy; Byte 120uy; Byte 32uy; Byte 118uy; Byte 97uy;
     Byte 108uy; Byte 117uy; Byte 101uy; Byte 32uy; Byte 105uy; Byte 115uy;
     Byte 32uy; Byte 58uy; Byte 32uy; Byte 37uy; Byte 100uy; Byte 10uy; Byte 0uy|];
 Label "main"; AddC (SP,Int 3); MovRC (R 1,Int 100); MovRC (R 2,Int 200);
 PushRealRs; Push (R 1); Push (R 2); MovRR (BP,SP); Call "max"; PopRealRs;
 MovRR (R 3,R 0); PushRealRs;
 MovRM (R 0,Lbl "$4d_61_78_20_76_61_6c_75_65_20_69_73_20_3a_20_25_64_a");
 Push (R 0); Push (R 3); MovRR (BP,SP); Call "printf"; PopRealRs;
 MovRC (R 0,Int 0); SubC (SP,Int 3); Ret; SubC (SP,Int 3); Ret; Label "max";
 AddC (SP,Int 1); Push (R -2); MovRR (R 0,R -1); Cmp (R 0,SP); SubC (SP,Int 1);
 MovRR (R 0,PSR_GT); CmpC (R 0,Byte 0uy); Br0 "else_1"; MovRR (R 1,R -2);
 Br "cont_2"; Label "else_1"; MovRR (R 1,R -1); Label "cont_2"; MovRR (R 0,R 1);
 SubC (SP,Int 1); Ret; SubC (SP,Int 1); Ret]