[{value = "int";
  line = 3;
  column = 0;}; {value = "main";
                 line = 3;
                 column = 4;}; {value = "(";
                                line = 3;
                                column = 8;}; {value = ")";
                                               line = 3;
                                               column = 9;}; {value = "{";
                                                              line = 3;
                                                              column = 11;};
 {value = "printf";
  line = 4;
  column = 3;}; {value = "(";
                 line = 4;
                 column = 9;}; {value = ""Storage size for int : %d \n"";
                                line = 4;
                                column = 10;}; {value = ",";
                                                line = 4;
                                                column = 40;};
 {value = "sizeof";
  line = 4;
  column = 42;}; {value = "(";
                  line = 4;
                  column = 48;}; {value = "int";
                                  line = 4;
                                  column = 49;}; {value = ")";
                                                  line = 4;
                                                  column = 52;}; {value = ")";
                                                                  line = 4;
                                                                  column = 53;};
 {value = ";";
  line = 4;
  column = 54;}; {value = "return";
                  line = 6;
                  column = 3;}; {value = "0";
                                 line = 6;
                                 column = 10;}; {value = ";";
                                                 line = 6;
                                                 column = 11;}; {value = "}";
                                                                 line = 7;
                                                                 column = 0;}]