[{value = "int";
  line = 2;
  column = 0;}; {value = "g";
                 line = 2;
                 column = 4;}; {value = ";";
                                line = 2;
                                column = 5;}; {value = "int";
                                               line = 4;
                                               column = 0;}; {value = "main";
                                                              line = 4;
                                                              column = 4;};
 {value = "(";
  line = 4;
  column = 9;}; {value = ")";
                 line = 4;
                 column = 10;}; {value = "{";
                                 line = 4;
                                 column = 12;}; {value = "int";
                                                 line = 5;
                                                 column = 2;}; {value = "a";
                                                                line = 5;
                                                                column = 6;};
 {value = ",";
  line = 5;
  column = 7;}; {value = "b";
                 line = 5;
                 column = 9;}; {value = ";";
                                line = 5;
                                column = 10;}; {value = "a";
                                                line = 6;
                                                column = 2;}; {value = "=";
                                                               line = 6;
                                                               column = 4;};
 {value = "10";
  line = 6;
  column = 6;}; {value = ";";
                 line = 6;
                 column = 8;}; {value = "b";
                                line = 7;
                                column = 2;}; {value = "=";
                                               line = 7;
                                               column = 4;}; {value = "20";
                                                              line = 7;
                                                              column = 6;};
 {value = ";";
  line = 7;
  column = 8;}; {value = "g";
                 line = 8;
                 column = 2;}; {value = "=";
                                line = 8;
                                column = 4;}; {value = "a";
                                               line = 8;
                                               column = 6;}; {value = "+";
                                                              line = 8;
                                                              column = 8;};
 {value = "b";
  line = 8;
  column = 10;}; {value = ";";
                  line = 8;
                  column = 11;}; {value = "printf";
                                  line = 10;
                                  column = 2;}; {value = "(";
                                                 line = 10;
                                                 column = 9;};
 {value = ""value of a = %d, b = %d and g = %d\n"";
  line = 10;
  column = 10;}; {value = ",";
                  line = 10;
                  column = 48;}; {value = "a";
                                  line = 10;
                                  column = 50;}; {value = ",";
                                                  line = 10;
                                                  column = 51;}; {value = "b";
                                                                  line = 10;
                                                                  column = 53;};
 {value = ",";
  line = 10;
  column = 54;}; {value = "g";
                  line = 10;
                  column = 56;}; {value = ")";
                                  line = 10;
                                  column = 57;}; {value = ";";
                                                  line = 10;
                                                  column = 58;};
 {value = "return";
  line = 12;
  column = 2;}; {value = "0";
                 line = 12;
                 column = 9;}; {value = ";";
                                line = 12;
                                column = 10;}; {value = "}";
                                                line = 13;
                                                column = 0;}]