[{value = "int";
  line = 4;
  column = 0;
  file = Local "source";}; {value = "g";
                            line = 4;
                            column = 4;
                            file = Local "source";}; {value = "=";
                                                      line = 4;
                                                      column = 6;
                                                      file = Local "source";};
 {value = "20";
  line = 4;
  column = 8;
  file = Local "source";}; {value = ";";
                            line = 4;
                            column = 10;
                            file = Local "source";}; {value = "int";
                                                      line = 6;
                                                      column = 0;
                                                      file = Local "source";};
 {value = "main";
  line = 6;
  column = 4;
  file = Local "source";}; {value = "(";
                            line = 6;
                            column = 9;
                            file = Local "source";}; {value = ")";
                                                      line = 6;
                                                      column = 10;
                                                      file = Local "source";};
 {value = "{";
  line = 6;
  column = 12;
  file = Local "source";}; {value = "int";
                            line = 9;
                            column = 2;
                            file = Local "source";}; {value = "g";
                                                      line = 9;
                                                      column = 6;
                                                      file = Local "source";};
 {value = "=";
  line = 9;
  column = 8;
  file = Local "source";}; {value = "10";
                            line = 9;
                            column = 10;
                            file = Local "source";}; {value = ";";
                                                      line = 9;
                                                      column = 12;
                                                      file = Local "source";};
 {value = "printf";
  line = 11;
  column = 2;
  file = Local "source";}; {value = "(";
                            line = 11;
                            column = 9;
                            file = Local "source";};
 {value = ""value of g = %d\n"";
  line = 11;
  column = 10;
  file = Local "source";}; {value = ",";
                            line = 11;
                            column = 29;
                            file = Local "source";}; {value = "g";
                                                      line = 11;
                                                      column = 32;
                                                      file = Local "source";};
 {value = ")";
  line = 11;
  column = 33;
  file = Local "source";}; {value = ";";
                            line = 11;
                            column = 34;
                            file = Local "source";}; {value = "return";
                                                      line = 13;
                                                      column = 2;
                                                      file = Local "source";};
 {value = "0";
  line = 13;
  column = 9;
  file = Local "source";}; {value = ";";
                            line = 13;
                            column = 10;
                            file = Local "source";}; {value = "}";
                                                      line = 14;
                                                      column = 0;
                                                      file = Local "source";}]