[{value = "int";
  line = 3;
  column = 0;
  file = Local "source";}; {value = "sum";
                            line = 3;
                            column = 4;
                            file = Local "source";}; {value = "(";
                                                      line = 3;
                                                      column = 7;
                                                      file = Local "source";};
 {value = "int";
  line = 3;
  column = 8;
  file = Local "source";}; {value = "a";
                            line = 3;
                            column = 12;
                            file = Local "source";}; {value = ",";
                                                      line = 3;
                                                      column = 13;
                                                      file = Local "source";};
 {value = "int";
  line = 3;
  column = 15;
  file = Local "source";}; {value = "b";
                            line = 3;
                            column = 19;
                            file = Local "source";}; {value = ")";
                                                      line = 3;
                                                      column = 20;
                                                      file = Local "source";};
 {value = ";";
  line = 3;
  column = 21;
  file = Local "source";}; {value = "int";
                            line = 6;
                            column = 0;
                            file = Local "source";}; {value = "a";
                                                      line = 6;
                                                      column = 4;
                                                      file = Local "source";};
 {value = "=";
  line = 6;
  column = 6;
  file = Local "source";}; {value = "20";
                            line = 6;
                            column = 8;
                            file = Local "source";}; {value = ";";
                                                      line = 6;
                                                      column = 10;
                                                      file = Local "source";};
 {value = "int";
  line = 8;
  column = 0;
  file = Local "source";}; {value = "main";
                            line = 8;
                            column = 4;
                            file = Local "source";}; {value = "(";
                                                      line = 8;
                                                      column = 9;
                                                      file = Local "source";};
 {value = ")";
  line = 8;
  column = 10;
  file = Local "source";}; {value = "{";
                            line = 8;
                            column = 12;
                            file = Local "source";}; {value = "int";
                                                      line = 11;
                                                      column = 2;
                                                      file = Local "source";};
 {value = "a";
  line = 11;
  column = 6;
  file = Local "source";}; {value = "=";
                            line = 11;
                            column = 8;
                            file = Local "source";}; {value = "10";
                                                      line = 11;
                                                      column = 10;
                                                      file = Local "source";};
 {value = ";";
  line = 11;
  column = 12;
  file = Local "source";}; {value = "int";
                            line = 12;
                            column = 2;
                            file = Local "source";}; {value = "b";
                                                      line = 12;
                                                      column = 6;
                                                      file = Local "source";};
 {value = "=";
  line = 12;
  column = 8;
  file = Local "source";}; {value = "20";
                            line = 12;
                            column = 10;
                            file = Local "source";}; {value = ";";
                                                      line = 12;
                                                      column = 12;
                                                      file = Local "source";};
 {value = "int";
  line = 13;
  column = 2;
  file = Local "source";}; {value = "c";
                            line = 13;
                            column = 6;
                            file = Local "source";}; {value = "=";
                                                      line = 13;
                                                      column = 8;
                                                      file = Local "source";};
 {value = "0";
  line = 13;
  column = 10;
  file = Local "source";}; {value = ";";
                            line = 13;
                            column = 11;
                            file = Local "source";}; {value = "printf";
                                                      line = 15;
                                                      column = 2;
                                                      file = Local "source";};
 {value = "(";
  line = 15;
  column = 9;
  file = Local "source";}; {value = ""value of a in main() = %d\n"";
                            line = 15;
                            column = 10;
                            file = Local "source";}; {value = ",";
                                                      line = 15;
                                                      column = 39;
                                                      file = Local "source";};
 {value = "a";
  line = 15;
  column = 42;
  file = Local "source";}; {value = ")";
                            line = 15;
                            column = 43;
                            file = Local "source";}; {value = ";";
                                                      line = 15;
                                                      column = 44;
                                                      file = Local "source";};
 {value = "c";
  line = 16;
  column = 2;
  file = Local "source";}; {value = "=";
                            line = 16;
                            column = 4;
                            file = Local "source";}; {value = "sum";
                                                      line = 16;
                                                      column = 6;
                                                      file = Local "source";};
 {value = "(";
  line = 16;
  column = 9;
  file = Local "source";}; {value = "a";
                            line = 16;
                            column = 11;
                            file = Local "source";}; {value = ",";
                                                      line = 16;
                                                      column = 12;
                                                      file = Local "source";};
 {value = "b";
  line = 16;
  column = 14;
  file = Local "source";}; {value = ")";
                            line = 16;
                            column = 15;
                            file = Local "source";}; {value = ";";
                                                      line = 16;
                                                      column = 16;
                                                      file = Local "source";};
 {value = "printf";
  line = 17;
  column = 2;
  file = Local "source";}; {value = "(";
                            line = 17;
                            column = 9;
                            file = Local "source";};
 {value = ""value of c in main() = %d\n"";
  line = 17;
  column = 10;
  file = Local "source";}; {value = ",";
                            line = 17;
                            column = 39;
                            file = Local "source";}; {value = "c";
                                                      line = 17;
                                                      column = 42;
                                                      file = Local "source";};
 {value = ")";
  line = 17;
  column = 43;
  file = Local "source";}; {value = ";";
                            line = 17;
                            column = 44;
                            file = Local "source";}; {value = "return";
                                                      line = 19;
                                                      column = 2;
                                                      file = Local "source";};
 {value = "0";
  line = 19;
  column = 9;
  file = Local "source";}; {value = ";";
                            line = 19;
                            column = 10;
                            file = Local "source";}; {value = "}";
                                                      line = 20;
                                                      column = 0;
                                                      file = Local "source";};
 {value = "int";
  line = 23;
  column = 0;
  file = Local "source";}; {value = "sum";
                            line = 23;
                            column = 4;
                            file = Local "source";}; {value = "(";
                                                      line = 23;
                                                      column = 7;
                                                      file = Local "source";};
 {value = "int";
  line = 23;
  column = 8;
  file = Local "source";}; {value = "a";
                            line = 23;
                            column = 12;
                            file = Local "source";}; {value = ",";
                                                      line = 23;
                                                      column = 13;
                                                      file = Local "source";};
 {value = "int";
  line = 23;
  column = 15;
  file = Local "source";}; {value = "b";
                            line = 23;
                            column = 19;
                            file = Local "source";}; {value = ")";
                                                      line = 23;
                                                      column = 20;
                                                      file = Local "source";};
 {value = "{";
  line = 23;
  column = 22;
  file = Local "source";}; {value = "printf";
                            line = 25;
                            column = 3;
                            file = Local "source";}; {value = "(";
                                                      line = 25;
                                                      column = 10;
                                                      file = Local "source";};
 {value = ""value of a in sum() = %d\n"";
  line = 25;
  column = 11;
  file = Local "source";}; {value = ",";
                            line = 25;
                            column = 39;
                            file = Local "source";}; {value = "a";
                                                      line = 25;
                                                      column = 42;
                                                      file = Local "source";};
 {value = ")";
  line = 25;
  column = 43;
  file = Local "source";}; {value = ";";
                            line = 25;
                            column = 44;
                            file = Local "source";}; {value = "printf";
                                                      line = 26;
                                                      column = 3;
                                                      file = Local "source";};
 {value = "(";
  line = 26;
  column = 10;
  file = Local "source";}; {value = ""value of b in sum() = %d\n"";
                            line = 26;
                            column = 11;
                            file = Local "source";}; {value = ",";
                                                      line = 26;
                                                      column = 39;
                                                      file = Local "source";};
 {value = "b";
  line = 26;
  column = 42;
  file = Local "source";}; {value = ")";
                            line = 26;
                            column = 43;
                            file = Local "source";}; {value = ";";
                                                      line = 26;
                                                      column = 44;
                                                      file = Local "source";};
 {value = "return";
  line = 28;
  column = 3;
  file = Local "source";}; {value = "a";
                            line = 28;
                            column = 10;
                            file = Local "source";}; {value = "+";
                                                      line = 28;
                                                      column = 12;
                                                      file = Local "source";};
 {value = "b";
  line = 28;
  column = 14;
  file = Local "source";}; {value = ";";
                            line = 28;
                            column = 15;
                            file = Local "source";}; {value = "}";
                                                      line = 29;
                                                      column = 0;
                                                      file = Local "source";}]