[{value = "int";
  line = 3;
  column = 0;
  file = Local "source";}; {value = "main";
                            line = 3;
                            column = 4;
                            file = Local "source";}; {value = "(";
                                                      line = 3;
                                                      column = 9;
                                                      file = Local "source";};
 {value = ")";
  line = 3;
  column = 10;
  file = Local "source";}; {value = "{";
                            line = 3;
                            column = 12;
                            file = Local "source";}; {value = "int";
                                                      line = 5;
                                                      column = 3;
                                                      file = Local "source";};
 {value = "*";
  line = 5;
  column = 8;
  file = Local "source";}; {value = "ptr";
                            line = 5;
                            column = 9;
                            file = Local "source";}; {value = "=";
                                                      line = 5;
                                                      column = 13;
                                                      file = Local "source";};
 {value = "NULL";
  line = 5;
  column = 15;
  file = Local "source";}; {value = ";";
                            line = 5;
                            column = 19;
                            file = Local "source";}; {value = "printf";
                                                      line = 7;
                                                      column = 3;
                                                      file = Local "source";};
 {value = "(";
  line = 7;
  column = 9;
  file = Local "source";}; {value = ""The value of ptr is : %x\n"";
                            line = 7;
                            column = 10;
                            file = Local "source";}; {value = ",";
                                                      line = 7;
                                                      column = 38;
                                                      file = Local "source";};
 {value = "ptr";
  line = 7;
  column = 40;
  file = Local "source";}; {value = ")";
                            line = 7;
                            column = 45;
                            file = Local "source";}; {value = ";";
                                                      line = 7;
                                                      column = 46;
                                                      file = Local "source";};
 {value = "return";
  line = 9;
  column = 3;
  file = Local "source";}; {value = "0";
                            line = 9;
                            column = 10;
                            file = Local "source";}; {value = ";";
                                                      line = 9;
                                                      column = 11;
                                                      file = Local "source";};
 {value = "}";
  line = 10;
  column = 0;
  file = Local "source";}]