[{value = "int";
  line = 4;
  column = 0;
  file = Local "source";}; {value = "main";
                            line = 4;
                            column = 4;
                            file = Local "source";}; {value = "(";
                                                      line = 4;
                                                      column = 9;
                                                      file = Local "source";};
 {value = ")";
  line = 4;
  column = 10;
  file = Local "source";}; {value = "{";
                            line = 4;
                            column = 12;
                            file = Local "source";}; {value = "char";
                                                      line = 6;
                                                      column = 3;
                                                      file = Local "source";};
 {value = "str1";
  line = 6;
  column = 8;
  file = Local "source";}; {value = "[";
                            line = 6;
                            column = 12;
                            file = Local "source";}; {value = "12";
                                                      line = 6;
                                                      column = 13;
                                                      file = Local "source";};
 {value = "]";
  line = 6;
  column = 15;
  file = Local "source";}; {value = "=";
                            line = 6;
                            column = 17;
                            file = Local "source";}; {value = ""Hello"";
                                                      line = 6;
                                                      column = 19;
                                                      file = Local "source";};
 {value = ";";
  line = 6;
  column = 26;
  file = Local "source";}; {value = "char";
                            line = 7;
                            column = 3;
                            file = Local "source";}; {value = "str2";
                                                      line = 7;
                                                      column = 8;
                                                      file = Local "source";};
 {value = "[";
  line = 7;
  column = 12;
  file = Local "source";}; {value = "12";
                            line = 7;
                            column = 13;
                            file = Local "source";}; {value = "]";
                                                      line = 7;
                                                      column = 15;
                                                      file = Local "source";};
 {value = "=";
  line = 7;
  column = 17;
  file = Local "source";}; {value = ""World"";
                            line = 7;
                            column = 19;
                            file = Local "source";}; {value = ";";
                                                      line = 7;
                                                      column = 26;
                                                      file = Local "source";};
 {value = "char";
  line = 8;
  column = 3;
  file = Local "source";}; {value = "str3";
                            line = 8;
                            column = 8;
                            file = Local "source";}; {value = "[";
                                                      line = 8;
                                                      column = 12;
                                                      file = Local "source";};
 {value = "12";
  line = 8;
  column = 13;
  file = Local "source";}; {value = "]";
                            line = 8;
                            column = 15;
                            file = Local "source";}; {value = ";";
                                                      line = 8;
                                                      column = 16;
                                                      file = Local "source";};
 {value = "int";
  line = 9;
  column = 3;
  file = Local "source";}; {value = "len";
                            line = 9;
                            column = 8;
                            file = Local "source";}; {value = ";";
                                                      line = 9;
                                                      column = 12;
                                                      file = Local "source";};
 {value = "strcpy";
  line = 12;
  column = 3;
  file = Local "source";}; {value = "(";
                            line = 12;
                            column = 9;
                            file = Local "source";}; {value = "str3";
                                                      line = 12;
                                                      column = 10;
                                                      file = Local "source";};
 {value = ",";
  line = 12;
  column = 14;
  file = Local "source";}; {value = "str1";
                            line = 12;
                            column = 16;
                            file = Local "source";}; {value = ")";
                                                      line = 12;
                                                      column = 20;
                                                      file = Local "source";};
 {value = ";";
  line = 12;
  column = 21;
  file = Local "source";}; {value = "printf";
                            line = 13;
                            column = 3;
                            file = Local "source";}; {value = "(";
                                                      line = 13;
                                                      column = 9;
                                                      file = Local "source";};
 {value = ""strcpy( str3, str1) :  %s\n"";
  line = 13;
  column = 10;
  file = Local "source";}; {value = ",";
                            line = 13;
                            column = 39;
                            file = Local "source";}; {value = "str3";
                                                      line = 13;
                                                      column = 41;
                                                      file = Local "source";};
 {value = ")";
  line = 13;
  column = 46;
  file = Local "source";}; {value = ";";
                            line = 13;
                            column = 47;
                            file = Local "source";}; {value = "strcat";
                                                      line = 16;
                                                      column = 3;
                                                      file = Local "source";};
 {value = "(";
  line = 16;
  column = 9;
  file = Local "source";}; {value = "str1";
                            line = 16;
                            column = 11;
                            file = Local "source";}; {value = ",";
                                                      line = 16;
                                                      column = 15;
                                                      file = Local "source";};
 {value = "str2";
  line = 16;
  column = 17;
  file = Local "source";}; {value = ")";
                            line = 16;
                            column = 21;
                            file = Local "source";}; {value = ";";
                                                      line = 16;
                                                      column = 22;
                                                      file = Local "source";};
 {value = "printf";
  line = 17;
  column = 3;
  file = Local "source";}; {value = "(";
                            line = 17;
                            column = 9;
                            file = Local "source";};
 {value = ""strcat( str1, str2):   %s\n"";
  line = 17;
  column = 10;
  file = Local "source";}; {value = ",";
                            line = 17;
                            column = 39;
                            file = Local "source";}; {value = "str1";
                                                      line = 17;
                                                      column = 41;
                                                      file = Local "source";};
 {value = ")";
  line = 17;
  column = 46;
  file = Local "source";}; {value = ";";
                            line = 17;
                            column = 47;
                            file = Local "source";}; {value = "len";
                                                      line = 20;
                                                      column = 3;
                                                      file = Local "source";};
 {value = "=";
  line = 20;
  column = 7;
  file = Local "source";}; {value = "strlen";
                            line = 20;
                            column = 9;
                            file = Local "source";}; {value = "(";
                                                      line = 20;
                                                      column = 15;
                                                      file = Local "source";};
 {value = "str1";
  line = 20;
  column = 16;
  file = Local "source";}; {value = ")";
                            line = 20;
                            column = 20;
                            file = Local "source";}; {value = ";";
                                                      line = 20;
                                                      column = 21;
                                                      file = Local "source";};
 {value = "printf";
  line = 21;
  column = 3;
  file = Local "source";}; {value = "(";
                            line = 21;
                            column = 9;
                            file = Local "source";};
 {value = ""strlen(str1) :  %d\n"";
  line = 21;
  column = 10;
  file = Local "source";}; {value = ",";
                            line = 21;
                            column = 32;
                            file = Local "source";}; {value = "len";
                                                      line = 21;
                                                      column = 34;
                                                      file = Local "source";};
 {value = ")";
  line = 21;
  column = 38;
  file = Local "source";}; {value = ";";
                            line = 21;
                            column = 39;
                            file = Local "source";}; {value = "return";
                                                      line = 23;
                                                      column = 3;
                                                      file = Local "source";};
 {value = "0";
  line = 23;
  column = 10;
  file = Local "source";}; {value = ";";
                            line = 23;
                            column = 11;
                            file = Local "source";}; {value = "}";
                                                      line = 24;
                                                      column = 0;
                                                      file = Local "source";}]