[{value = "struct";
  line = 4;
  column = 0;
  file = Local "source";}; {value = "Books";
                            line = 4;
                            column = 7;
                            file = Local "source";}; {value = "{";
                                                      line = 4;
                                                      column = 13;
                                                      file = Local "source";};
 {value = "char";
  line = 5;
  column = 3;
  file = Local "source";}; {value = "title";
                            line = 5;
                            column = 9;
                            file = Local "source";}; {value = "[";
                                                      line = 5;
                                                      column = 14;
                                                      file = Local "source";};
 {value = "50";
  line = 5;
  column = 15;
  file = Local "source";}; {value = "]";
                            line = 5;
                            column = 17;
                            file = Local "source";}; {value = ";";
                                                      line = 5;
                                                      column = 18;
                                                      file = Local "source";};
 {value = "char";
  line = 6;
  column = 3;
  file = Local "source";}; {value = "author";
                            line = 6;
                            column = 9;
                            file = Local "source";}; {value = "[";
                                                      line = 6;
                                                      column = 15;
                                                      file = Local "source";};
 {value = "50";
  line = 6;
  column = 16;
  file = Local "source";}; {value = "]";
                            line = 6;
                            column = 18;
                            file = Local "source";}; {value = ";";
                                                      line = 6;
                                                      column = 19;
                                                      file = Local "source";};
 {value = "char";
  line = 7;
  column = 3;
  file = Local "source";}; {value = "subject";
                            line = 7;
                            column = 9;
                            file = Local "source";}; {value = "[";
                                                      line = 7;
                                                      column = 16;
                                                      file = Local "source";};
 {value = "100";
  line = 7;
  column = 17;
  file = Local "source";}; {value = "]";
                            line = 7;
                            column = 20;
                            file = Local "source";}; {value = ";";
                                                      line = 7;
                                                      column = 21;
                                                      file = Local "source";};
 {value = "int";
  line = 8;
  column = 3;
  file = Local "source";}; {value = "book_id";
                            line = 8;
                            column = 9;
                            file = Local "source";}; {value = ";";
                                                      line = 8;
                                                      column = 16;
                                                      file = Local "source";};
 {value = "}";
  line = 9;
  column = 0;
  file = Local "source";}; {value = ";";
                            line = 9;
                            column = 1;
                            file = Local "source";}; {value = "int";
                                                      line = 11;
                                                      column = 0;
                                                      file = Local "source";};
 {value = "main";
  line = 11;
  column = 4;
  file = Local "source";}; {value = "(";
                            line = 11;
                            column = 8;
                            file = Local "source";}; {value = ")";
                                                      line = 11;
                                                      column = 10;
                                                      file = Local "source";};
 {value = "{";
  line = 11;
  column = 12;
  file = Local "source";}; {value = "struct";
                            line = 13;
                            column = 3;
                            file = Local "source";}; {value = "Books";
                                                      line = 13;
                                                      column = 10;
                                                      file = Local "source";};
 {value = "Book1";
  line = 13;
  column = 16;
  file = Local "source";}; {value = ";";
                            line = 13;
                            column = 21;
                            file = Local "source";}; {value = "struct";
                                                      line = 14;
                                                      column = 3;
                                                      file = Local "source";};
 {value = "Books";
  line = 14;
  column = 10;
  file = Local "source";}; {value = "Book2";
                            line = 14;
                            column = 16;
                            file = Local "source";}; {value = ";";
                                                      line = 14;
                                                      column = 21;
                                                      file = Local "source";};
 {value = "strcpy";
  line = 17;
  column = 3;
  file = Local "source";}; {value = "(";
                            line = 17;
                            column = 9;
                            file = Local "source";}; {value = "Book1";
                                                      line = 17;
                                                      column = 11;
                                                      file = Local "source";};
 {value = ".";
  line = 17;
  column = 16;
  file = Local "source";}; {value = "title";
                            line = 17;
                            column = 17;
                            file = Local "source";}; {value = ",";
                                                      line = 17;
                                                      column = 22;
                                                      file = Local "source";};
 {value = ""C Programming"";
  line = 17;
  column = 24;
  file = Local "source";}; {value = ")";
                            line = 17;
                            column = 39;
                            file = Local "source";}; {value = ";";
                                                      line = 17;
                                                      column = 40;
                                                      file = Local "source";};
 {value = "strcpy";
  line = 18;
  column = 3;
  file = Local "source";}; {value = "(";
                            line = 18;
                            column = 9;
                            file = Local "source";}; {value = "Book1";
                                                      line = 18;
                                                      column = 11;
                                                      file = Local "source";};
 {value = ".";
  line = 18;
  column = 16;
  file = Local "source";}; {value = "author";
                            line = 18;
                            column = 17;
                            file = Local "source";}; {value = ",";
                                                      line = 18;
                                                      column = 23;
                                                      file = Local "source";};
 {value = ""Nuha Ali"";
  line = 18;
  column = 25;
  file = Local "source";}; {value = ")";
                            line = 18;
                            column = 35;
                            file = Local "source";}; {value = ";";
                                                      line = 18;
                                                      column = 36;
                                                      file = Local "source";};
 {value = "strcpy";
  line = 19;
  column = 3;
  file = Local "source";}; {value = "(";
                            line = 19;
                            column = 9;
                            file = Local "source";}; {value = "Book1";
                                                      line = 19;
                                                      column = 11;
                                                      file = Local "source";};
 {value = ".";
  line = 19;
  column = 16;
  file = Local "source";}; {value = "subject";
                            line = 19;
                            column = 17;
                            file = Local "source";}; {value = ",";
                                                      line = 19;
                                                      column = 24;
                                                      file = Local "source";};
 {value = ""C Programming Tutorial"";
  line = 19;
  column = 26;
  file = Local "source";}; {value = ")";
                            line = 19;
                            column = 50;
                            file = Local "source";}; {value = ";";
                                                      line = 19;
                                                      column = 51;
                                                      file = Local "source";};
 {value = "Book1";
  line = 20;
  column = 3;
  file = Local "source";}; {value = ".";
                            line = 20;
                            column = 8;
                            file = Local "source";}; {value = "book_id";
                                                      line = 20;
                                                      column = 9;
                                                      file = Local "source";};
 {value = "=";
  line = 20;
  column = 17;
  file = Local "source";}; {value = "6495407";
                            line = 20;
                            column = 19;
                            file = Local "source";}; {value = ";";
                                                      line = 20;
                                                      column = 26;
                                                      file = Local "source";};
 {value = "strcpy";
  line = 23;
  column = 3;
  file = Local "source";}; {value = "(";
                            line = 23;
                            column = 9;
                            file = Local "source";}; {value = "Book2";
                                                      line = 23;
                                                      column = 11;
                                                      file = Local "source";};
 {value = ".";
  line = 23;
  column = 16;
  file = Local "source";}; {value = "title";
                            line = 23;
                            column = 17;
                            file = Local "source";}; {value = ",";
                                                      line = 23;
                                                      column = 22;
                                                      file = Local "source";};
 {value = ""Telecom Billing"";
  line = 23;
  column = 24;
  file = Local "source";}; {value = ")";
                            line = 23;
                            column = 41;
                            file = Local "source";}; {value = ";";
                                                      line = 23;
                                                      column = 42;
                                                      file = Local "source";};
 {value = "strcpy";
  line = 24;
  column = 3;
  file = Local "source";}; {value = "(";
                            line = 24;
                            column = 9;
                            file = Local "source";}; {value = "Book2";
                                                      line = 24;
                                                      column = 11;
                                                      file = Local "source";};
 {value = ".";
  line = 24;
  column = 16;
  file = Local "source";}; {value = "author";
                            line = 24;
                            column = 17;
                            file = Local "source";}; {value = ",";
                                                      line = 24;
                                                      column = 23;
                                                      file = Local "source";};
 {value = ""Zara Ali"";
  line = 24;
  column = 25;
  file = Local "source";}; {value = ")";
                            line = 24;
                            column = 35;
                            file = Local "source";}; {value = ";";
                                                      line = 24;
                                                      column = 36;
                                                      file = Local "source";};
 {value = "strcpy";
  line = 25;
  column = 3;
  file = Local "source";}; {value = "(";
                            line = 25;
                            column = 9;
                            file = Local "source";}; {value = "Book2";
                                                      line = 25;
                                                      column = 11;
                                                      file = Local "source";};
 {value = ".";
  line = 25;
  column = 16;
  file = Local "source";}; {value = "subject";
                            line = 25;
                            column = 17;
                            file = Local "source";}; {value = ",";
                                                      line = 25;
                                                      column = 24;
                                                      file = Local "source";};
 {value = ""Telecom Billing Tutorial"";
  line = 25;
  column = 26;
  file = Local "source";}; {value = ")";
                            line = 25;
                            column = 52;
                            file = Local "source";}; {value = ";";
                                                      line = 25;
                                                      column = 53;
                                                      file = Local "source";};
 {value = "Book2";
  line = 26;
  column = 3;
  file = Local "source";}; ...]