[{value = "extern";
  line = 4;
  column = 0;
  file = Local "source";}; {value = "int";
                            line = 4;
                            column = 7;
                            file = Local "source";}; {value = "a";
                                                      line = 4;
                                                      column = 11;
                                                      file = Local "source";};
 {value = ",";
  line = 4;
  column = 12;
  file = Local "source";}; {value = "b";
                            line = 4;
                            column = 14;
                            file = Local "source";}; {value = ";";
                                                      line = 4;
                                                      column = 15;
                                                      file = Local "source";};
 {value = "extern";
  line = 5;
  column = 0;
  file = Local "source";}; {value = "int";
                            line = 5;
                            column = 7;
                            file = Local "source";}; {value = "c";
                                                      line = 5;
                                                      column = 11;
                                                      file = Local "source";};
 {value = ";";
  line = 5;
  column = 12;
  file = Local "source";}; {value = "extern";
                            line = 6;
                            column = 0;
                            file = Local "source";}; {value = "float";
                                                      line = 6;
                                                      column = 7;
                                                      file = Local "source";};
 {value = "f";
  line = 6;
  column = 13;
  file = Local "source";}; {value = ";";
                            line = 6;
                            column = 14;
                            file = Local "source";}; {value = "int";
                                                      line = 8;
                                                      column = 0;
                                                      file = Local "source";};
 {value = "main";
  line = 8;
  column = 4;
  file = Local "source";}; {value = "(";
                            line = 8;
                            column = 9;
                            file = Local "source";}; {value = ")";
                                                      line = 8;
                                                      column = 10;
                                                      file = Local "source";};
 {value = "{";
  line = 8;
  column = 12;
  file = Local "source";}; {value = "int";
                            line = 11;
                            column = 3;
                            file = Local "source";}; {value = "a";
                                                      line = 11;
                                                      column = 7;
                                                      file = Local "source";};
 {value = ",";
  line = 11;
  column = 8;
  file = Local "source";}; {value = "b";
                            line = 11;
                            column = 10;
                            file = Local "source";}; {value = ";";
                                                      line = 11;
                                                      column = 11;
                                                      file = Local "source";};
 {value = "int";
  line = 12;
  column = 3;
  file = Local "source";}; {value = "c";
                            line = 12;
                            column = 7;
                            file = Local "source";}; {value = ";";
                                                      line = 12;
                                                      column = 8;
                                                      file = Local "source";};
 {value = "float";
  line = 13;
  column = 3;
  file = Local "source";}; {value = "f";
                            line = 13;
                            column = 9;
                            file = Local "source";}; {value = ";";
                                                      line = 13;
                                                      column = 10;
                                                      file = Local "source";};
 {value = "a";
  line = 16;
  column = 3;
  file = Local "source";}; {value = "=";
                            line = 16;
                            column = 5;
                            file = Local "source";}; {value = "10";
                                                      line = 16;
                                                      column = 7;
                                                      file = Local "source";};
 {value = ";";
  line = 16;
  column = 9;
  file = Local "source";}; {value = "b";
                            line = 17;
                            column = 3;
                            file = Local "source";}; {value = "=";
                                                      line = 17;
                                                      column = 5;
                                                      file = Local "source";};
 {value = "20";
  line = 17;
  column = 7;
  file = Local "source";}; {value = ";";
                            line = 17;
                            column = 9;
                            file = Local "source";}; {value = "c";
                                                      line = 19;
                                                      column = 3;
                                                      file = Local "source";};
 {value = "=";
  line = 19;
  column = 5;
  file = Local "source";}; {value = "a";
                            line = 19;
                            column = 7;
                            file = Local "source";}; {value = "+";
                                                      line = 19;
                                                      column = 9;
                                                      file = Local "source";};
 {value = "b";
  line = 19;
  column = 11;
  file = Local "source";}; {value = ";";
                            line = 19;
                            column = 12;
                            file = Local "source";}; {value = "printf";
                                                      line = 20;
                                                      column = 3;
                                                      file = Local "source";};
 {value = "(";
  line = 20;
  column = 9;
  file = Local "source";}; {value = ""value of c : %d \n"";
                            line = 20;
                            column = 10;
                            file = Local "source";}; {value = ",";
                                                      line = 20;
                                                      column = 30;
                                                      file = Local "source";};
 {value = "c";
  line = 20;
  column = 32;
  file = Local "source";}; {value = ")";
                            line = 20;
                            column = 33;
                            file = Local "source";}; {value = ";";
                                                      line = 20;
                                                      column = 34;
                                                      file = Local "source";};
 {value = "f";
  line = 22;
  column = 3;
  file = Local "source";}; {value = "=";
                            line = 22;
                            column = 5;
                            file = Local "source";}; {value = "70.0";
                                                      line = 22;
                                                      column = 7;
                                                      file = Local "source";};
 {value = "/";
  line = 22;
  column = 11;
  file = Local "source";}; {value = "3.0";
                            line = 22;
                            column = 12;
                            file = Local "source";}; {value = ";";
                                                      line = 22;
                                                      column = 15;
                                                      file = Local "source";};
 {value = "printf";
  line = 23;
  column = 3;
  file = Local "source";}; {value = "(";
                            line = 23;
                            column = 9;
                            file = Local "source";};
 {value = ""value of f : %f \n"";
  line = 23;
  column = 10;
  file = Local "source";}; {value = ",";
                            line = 23;
                            column = 30;
                            file = Local "source";}; {value = "f";
                                                      line = 23;
                                                      column = 32;
                                                      file = Local "source";};
 {value = ")";
  line = 23;
  column = 33;
  file = Local "source";}; {value = ";";
                            line = 23;
                            column = 34;
                            file = Local "source";}; {value = "return";
                                                      line = 25;
                                                      column = 3;
                                                      file = Local "source";};
 {value = "0";
  line = 25;
  column = 10;
  file = Local "source";}; {value = ";";
                            line = 25;
                            column = 11;
                            file = Local "source";}; {value = "}";
                                                      line = 26;
                                                      column = 0;
                                                      file = Local "source";}]