[{value = "struct";
  line = 4;
  column = 0;
  file = Local "source";}; {value = "Books";
                            line = 4;
                            column = 7;
                            file = Local "source";}; {value = "{";
                                                      line = 4;
                                                      column = 13;
                                                      file = Local "source";};
 {value = "char";
  line = 5;
  column = 3;
  file = Local "source";}; {value = "title";
                            line = 5;
                            column = 9;
                            file = Local "source";}; {value = "[";
                                                      line = 5;
                                                      column = 14;
                                                      file = Local "source";};
 {value = "50";
  line = 5;
  column = 15;
  file = Local "source";}; {value = "]";
                            line = 5;
                            column = 17;
                            file = Local "source";}; {value = ";";
                                                      line = 5;
                                                      column = 18;
                                                      file = Local "source";};
 {value = "char";
  line = 6;
  column = 3;
  file = Local "source";}; {value = "author";
                            line = 6;
                            column = 9;
                            file = Local "source";}; {value = "[";
                                                      line = 6;
                                                      column = 15;
                                                      file = Local "source";};
 {value = "50";
  line = 6;
  column = 16;
  file = Local "source";}; {value = "]";
                            line = 6;
                            column = 18;
                            file = Local "source";}; {value = ";";
                                                      line = 6;
                                                      column = 19;
                                                      file = Local "source";};
 {value = "char";
  line = 7;
  column = 3;
  file = Local "source";}; {value = "subject";
                            line = 7;
                            column = 9;
                            file = Local "source";}; {value = "[";
                                                      line = 7;
                                                      column = 16;
                                                      file = Local "source";};
 {value = "100";
  line = 7;
  column = 17;
  file = Local "source";}; {value = "]";
                            line = 7;
                            column = 20;
                            file = Local "source";}; {value = ";";
                                                      line = 7;
                                                      column = 21;
                                                      file = Local "source";};
 {value = "int";
  line = 8;
  column = 3;
  file = Local "source";}; {value = "book_id";
                            line = 8;
                            column = 9;
                            file = Local "source";}; {value = ";";
                                                      line = 8;
                                                      column = 16;
                                                      file = Local "source";};
 {value = "}";
  line = 9;
  column = 0;
  file = Local "source";}; {value = ";";
                            line = 9;
                            column = 1;
                            file = Local "source";}; {value = "void";
                                                      line = 12;
                                                      column = 0;
                                                      file = Local "source";};
 {value = "printBook";
  line = 12;
  column = 5;
  file = Local "source";}; {value = "(";
                            line = 12;
                            column = 14;
                            file = Local "source";}; {value = "struct";
                                                      line = 12;
                                                      column = 16;
                                                      file = Local "source";};
 {value = "Books";
  line = 12;
  column = 23;
  file = Local "source";}; {value = "book";
                            line = 12;
                            column = 29;
                            file = Local "source";}; {value = ")";
                                                      line = 12;
                                                      column = 34;
                                                      file = Local "source";};
 {value = ";";
  line = 12;
  column = 35;
  file = Local "source";}; {value = "int";
                            line = 14;
                            column = 0;
                            file = Local "source";}; {value = "main";
                                                      line = 14;
                                                      column = 4;
                                                      file = Local "source";};
 {value = "(";
  line = 14;
  column = 8;
  file = Local "source";}; {value = ")";
                            line = 14;
                            column = 10;
                            file = Local "source";}; {value = "{";
                                                      line = 14;
                                                      column = 12;
                                                      file = Local "source";};
 {value = "struct";
  line = 16;
  column = 3;
  file = Local "source";}; {value = "Books";
                            line = 16;
                            column = 10;
                            file = Local "source";}; {value = "Book1";
                                                      line = 16;
                                                      column = 16;
                                                      file = Local "source";};
 {value = ";";
  line = 16;
  column = 21;
  file = Local "source";}; {value = "struct";
                            line = 17;
                            column = 3;
                            file = Local "source";}; {value = "Books";
                                                      line = 17;
                                                      column = 10;
                                                      file = Local "source";};
 {value = "Book2";
  line = 17;
  column = 16;
  file = Local "source";}; {value = ";";
                            line = 17;
                            column = 21;
                            file = Local "source";}; {value = "strcpy";
                                                      line = 20;
                                                      column = 3;
                                                      file = Local "source";};
 {value = "(";
  line = 20;
  column = 9;
  file = Local "source";}; {value = "Book1";
                            line = 20;
                            column = 11;
                            file = Local "source";}; {value = ".";
                                                      line = 20;
                                                      column = 16;
                                                      file = Local "source";};
 {value = "title";
  line = 20;
  column = 17;
  file = Local "source";}; {value = ",";
                            line = 20;
                            column = 22;
                            file = Local "source";}; {value = ""C Programming"";
                                                      line = 20;
                                                      column = 24;
                                                      file = Local "source";};
 {value = ")";
  line = 20;
  column = 39;
  file = Local "source";}; {value = ";";
                            line = 20;
                            column = 40;
                            file = Local "source";}; {value = "strcpy";
                                                      line = 21;
                                                      column = 3;
                                                      file = Local "source";};
 {value = "(";
  line = 21;
  column = 9;
  file = Local "source";}; {value = "Book1";
                            line = 21;
                            column = 11;
                            file = Local "source";}; {value = ".";
                                                      line = 21;
                                                      column = 16;
                                                      file = Local "source";};
 {value = "author";
  line = 21;
  column = 17;
  file = Local "source";}; {value = ",";
                            line = 21;
                            column = 23;
                            file = Local "source";}; {value = ""Nuha Ali"";
                                                      line = 21;
                                                      column = 25;
                                                      file = Local "source";};
 {value = ")";
  line = 21;
  column = 35;
  file = Local "source";}; {value = ";";
                            line = 21;
                            column = 36;
                            file = Local "source";}; {value = "strcpy";
                                                      line = 22;
                                                      column = 3;
                                                      file = Local "source";};
 {value = "(";
  line = 22;
  column = 9;
  file = Local "source";}; {value = "Book1";
                            line = 22;
                            column = 11;
                            file = Local "source";}; {value = ".";
                                                      line = 22;
                                                      column = 16;
                                                      file = Local "source";};
 {value = "subject";
  line = 22;
  column = 17;
  file = Local "source";}; {value = ",";
                            line = 22;
                            column = 24;
                            file = Local "source";};
 {value = ""C Programming Tutorial"";
  line = 22;
  column = 26;
  file = Local "source";}; {value = ")";
                            line = 22;
                            column = 50;
                            file = Local "source";}; {value = ";";
                                                      line = 22;
                                                      column = 51;
                                                      file = Local "source";};
 {value = "Book1";
  line = 23;
  column = 3;
  file = Local "source";}; {value = ".";
                            line = 23;
                            column = 8;
                            file = Local "source";}; {value = "book_id";
                                                      line = 23;
                                                      column = 9;
                                                      file = Local "source";};
 {value = "=";
  line = 23;
  column = 17;
  file = Local "source";}; {value = "6495407";
                            line = 23;
                            column = 19;
                            file = Local "source";}; {value = ";";
                                                      line = 23;
                                                      column = 26;
                                                      file = Local "source";};
 {value = "strcpy";
  line = 26;
  column = 3;
  file = Local "source";}; {value = "(";
                            line = 26;
                            column = 9;
                            file = Local "source";}; {value = "Book2";
                                                      line = 26;
                                                      column = 11;
                                                      file = Local "source";};
 {value = ".";
  line = 26;
  column = 16;
  file = Local "source";}; {value = "title";
                            line = 26;
                            column = 17;
                            file = Local "source";}; {value = ",";
                                                      line = 26;
                                                      column = 22;
                                                      file = Local "source";};
 {value = ""Telecom Billing"";
  line = 26;
  column = 24;
  file = Local "source";}; {value = ")";
                            line = 26;
                            column = 41;
                            file = Local "source";}; {value = ";";
                                                      line = 26;
                                                      column = 42;
                                                      file = Local "source";};
 {value = "strcpy";
  line = 27;
  column = 3;
  file = Local "source";}; {value = "(";
                            line = 27;
                            column = 9;
                            file = Local "source";}; {value = "Book2";
                                                      line = 27;
                                                      column = 11;
                                                      file = Local "source";};
 {value = ".";
  line = 27;
  column = 16;
  file = Local "source";}; {value = "author";
                            line = 27;
                            column = 17;
                            file = Local "source";}; {value = ",";
                                                      line = 27;
                                                      column = 23;
                                                      file = Local "source";};
 {value = ""Zara Ali"";
  line = 27;
  column = 25;
  file = Local "source";}; {value = ")";
                            line = 27;
                            column = 35;
                            file = Local "source";}; {value = ";";
                                                      line = 27;
                                                      column = 36;
                                                      file = Local "source";};
 {value = "strcpy";
  line = 28;
  column = 3;
  file = Local "source";}; {value = "(";
                            line = 28;
                            column = 9;
                            file = Local "source";}; ...]