[{value = "union";
  line = 4;
  column = 0;
  file = Local "source";}; {value = "Data";
                            line = 4;
                            column = 6;
                            file = Local "source";}; {value = "{";
                                                      line = 4;
                                                      column = 11;
                                                      file = Local "source";};
 {value = "int";
  line = 5;
  column = 3;
  file = Local "source";}; {value = "i";
                            line = 5;
                            column = 7;
                            file = Local "source";}; {value = ";";
                                                      line = 5;
                                                      column = 8;
                                                      file = Local "source";};
 {value = "float";
  line = 6;
  column = 3;
  file = Local "source";}; {value = "f";
                            line = 6;
                            column = 9;
                            file = Local "source";}; {value = ";";
                                                      line = 6;
                                                      column = 10;
                                                      file = Local "source";};
 {value = "char";
  line = 7;
  column = 3;
  file = Local "source";}; {value = "str";
                            line = 7;
                            column = 8;
                            file = Local "source";}; {value = "[";
                                                      line = 7;
                                                      column = 11;
                                                      file = Local "source";};
 {value = "20";
  line = 7;
  column = 12;
  file = Local "source";}; {value = "]";
                            line = 7;
                            column = 14;
                            file = Local "source";}; {value = ";";
                                                      line = 7;
                                                      column = 15;
                                                      file = Local "source";};
 {value = "}";
  line = 8;
  column = 0;
  file = Local "source";}; {value = ";";
                            line = 8;
                            column = 1;
                            file = Local "source";}; {value = "int";
                                                      line = 10;
                                                      column = 0;
                                                      file = Local "source";};
 {value = "main";
  line = 10;
  column = 4;
  file = Local "source";}; {value = "(";
                            line = 10;
                            column = 8;
                            file = Local "source";}; {value = ")";
                                                      line = 10;
                                                      column = 10;
                                                      file = Local "source";};
 {value = "{";
  line = 10;
  column = 12;
  file = Local "source";}; {value = "union";
                            line = 12;
                            column = 3;
                            file = Local "source";}; {value = "Data";
                                                      line = 12;
                                                      column = 9;
                                                      file = Local "source";};
 {value = "data";
  line = 12;
  column = 14;
  file = Local "source";}; {value = ";";
                            line = 12;
                            column = 18;
                            file = Local "source";}; {value = "data";
                                                      line = 14;
                                                      column = 3;
                                                      file = Local "source";};
 {value = ".";
  line = 14;
  column = 7;
  file = Local "source";}; {value = "i";
                            line = 14;
                            column = 8;
                            file = Local "source";}; {value = "=";
                                                      line = 14;
                                                      column = 10;
                                                      file = Local "source";};
 {value = "10";
  line = 14;
  column = 12;
  file = Local "source";}; {value = ";";
                            line = 14;
                            column = 14;
                            file = Local "source";}; {value = "printf";
                                                      line = 15;
                                                      column = 3;
                                                      file = Local "source";};
 {value = "(";
  line = 15;
  column = 9;
  file = Local "source";}; {value = ""data.i : %d\n"";
                            line = 15;
                            column = 11;
                            file = Local "source";}; {value = ",";
                                                      line = 15;
                                                      column = 26;
                                                      file = Local "source";};
 {value = "data";
  line = 15;
  column = 28;
  file = Local "source";}; {value = ".";
                            line = 15;
                            column = 32;
                            file = Local "source";}; {value = "i";
                                                      line = 15;
                                                      column = 33;
                                                      file = Local "source";};
 {value = ")";
  line = 15;
  column = 34;
  file = Local "source";}; {value = ";";
                            line = 15;
                            column = 35;
                            file = Local "source";}; {value = "data";
                                                      line = 17;
                                                      column = 3;
                                                      file = Local "source";};
 {value = ".";
  line = 17;
  column = 7;
  file = Local "source";}; {value = "f";
                            line = 17;
                            column = 8;
                            file = Local "source";}; {value = "=";
                                                      line = 17;
                                                      column = 10;
                                                      file = Local "source";};
 {value = "220.5";
  line = 17;
  column = 12;
  file = Local "source";}; {value = ";";
                            line = 17;
                            column = 17;
                            file = Local "source";}; {value = "printf";
                                                      line = 18;
                                                      column = 3;
                                                      file = Local "source";};
 {value = "(";
  line = 18;
  column = 9;
  file = Local "source";}; {value = ""data.f : %f\n"";
                            line = 18;
                            column = 11;
                            file = Local "source";}; {value = ",";
                                                      line = 18;
                                                      column = 26;
                                                      file = Local "source";};
 {value = "data";
  line = 18;
  column = 28;
  file = Local "source";}; {value = ".";
                            line = 18;
                            column = 32;
                            file = Local "source";}; {value = "f";
                                                      line = 18;
                                                      column = 33;
                                                      file = Local "source";};
 {value = ")";
  line = 18;
  column = 34;
  file = Local "source";}; {value = ";";
                            line = 18;
                            column = 35;
                            file = Local "source";}; {value = "strcpy";
                                                      line = 20;
                                                      column = 3;
                                                      file = Local "source";};
 {value = "(";
  line = 20;
  column = 9;
  file = Local "source";}; {value = "data";
                            line = 20;
                            column = 11;
                            file = Local "source";}; {value = ".";
                                                      line = 20;
                                                      column = 15;
                                                      file = Local "source";};
 {value = "str";
  line = 20;
  column = 16;
  file = Local "source";}; {value = ",";
                            line = 20;
                            column = 19;
                            file = Local "source";}; {value = ""C Programming"";
                                                      line = 20;
                                                      column = 21;
                                                      file = Local "source";};
 {value = ")";
  line = 20;
  column = 36;
  file = Local "source";}; {value = ";";
                            line = 20;
                            column = 37;
                            file = Local "source";}; {value = "printf";
                                                      line = 21;
                                                      column = 3;
                                                      file = Local "source";};
 {value = "(";
  line = 21;
  column = 9;
  file = Local "source";}; {value = ""data.str : %s\n"";
                            line = 21;
                            column = 11;
                            file = Local "source";}; {value = ",";
                                                      line = 21;
                                                      column = 28;
                                                      file = Local "source";};
 {value = "data";
  line = 21;
  column = 30;
  file = Local "source";}; {value = ".";
                            line = 21;
                            column = 34;
                            file = Local "source";}; {value = "str";
                                                      line = 21;
                                                      column = 35;
                                                      file = Local "source";};
 {value = ")";
  line = 21;
  column = 38;
  file = Local "source";}; {value = ";";
                            line = 21;
                            column = 39;
                            file = Local "source";}; {value = "return";
                                                      line = 23;
                                                      column = 3;
                                                      file = Local "source";};
 {value = "0";
  line = 23;
  column = 10;
  file = Local "source";}; {value = ";";
                            line = 23;
                            column = 11;
                            file = Local "source";}; {value = "}";
                                                      line = 24;
                                                      column = 0;
                                                      file = Local "source";}]