[{value = "struct";
  line = 5;
  column = 0;
  file = Local "source";}; {value = "{";
                            line = 5;
                            column = 7;
                            file = Local "source";}; {value = "unsigned";
                                                      line = 6;
                                                      column = 3;
                                                      file = Local "source";};
 {value = "int";
  line = 6;
  column = 12;
  file = Local "source";}; {value = "widthValidated";
                            line = 6;
                            column = 16;
                            file = Local "source";}; {value = ";";
                                                      line = 6;
                                                      column = 30;
                                                      file = Local "source";};
 {value = "unsigned";
  line = 7;
  column = 3;
  file = Local "source";}; {value = "int";
                            line = 7;
                            column = 12;
                            file = Local "source";}; {value = "heightValidated";
                                                      line = 7;
                                                      column = 16;
                                                      file = Local "source";};
 {value = ";";
  line = 7;
  column = 31;
  file = Local "source";}; {value = "}";
                            line = 8;
                            column = 0;
                            file = Local "source";}; {value = "status1";
                                                      line = 8;
                                                      column = 2;
                                                      file = Local "source";};
 {value = ";";
  line = 8;
  column = 9;
  file = Local "source";}; {value = "struct";
                            line = 11;
                            column = 0;
                            file = Local "source";}; {value = "{";
                                                      line = 11;
                                                      column = 7;
                                                      file = Local "source";};
 {value = "unsigned";
  line = 12;
  column = 3;
  file = Local "source";}; {value = "int";
                            line = 12;
                            column = 12;
                            file = Local "source";}; {value = "widthValidated";
                                                      line = 12;
                                                      column = 16;
                                                      file = Local "source";};
 {value = ":";
  line = 12;
  column = 31;
  file = Local "source";}; {value = "1";
                            line = 12;
                            column = 33;
                            file = Local "source";}; {value = ";";
                                                      line = 12;
                                                      column = 34;
                                                      file = Local "source";};
 {value = "unsigned";
  line = 13;
  column = 3;
  file = Local "source";}; {value = "int";
                            line = 13;
                            column = 12;
                            file = Local "source";}; {value = "heightValidated";
                                                      line = 13;
                                                      column = 16;
                                                      file = Local "source";};
 {value = ":";
  line = 13;
  column = 32;
  file = Local "source";}; {value = "1";
                            line = 13;
                            column = 34;
                            file = Local "source";}; {value = ";";
                                                      line = 13;
                                                      column = 35;
                                                      file = Local "source";};
 {value = "}";
  line = 14;
  column = 0;
  file = Local "source";}; {value = "status2";
                            line = 14;
                            column = 2;
                            file = Local "source";}; {value = ";";
                                                      line = 14;
                                                      column = 9;
                                                      file = Local "source";};
 {value = "int";
  line = 16;
  column = 0;
  file = Local "source";}; {value = "main";
                            line = 16;
                            column = 4;
                            file = Local "source";}; {value = "(";
                                                      line = 16;
                                                      column = 8;
                                                      file = Local "source";};
 {value = ")";
  line = 16;
  column = 10;
  file = Local "source";}; {value = "{";
                            line = 16;
                            column = 12;
                            file = Local "source";}; {value = "printf";
                                                      line = 18;
                                                      column = 3;
                                                      file = Local "source";};
 {value = "(";
  line = 18;
  column = 9;
  file = Local "source";}; {value = ""Memory size occupied by status1 : %d\n"";
                            line = 18;
                            column = 11;
                            file = Local "source";}; {value = ",";
                                                      line = 18;
                                                      column = 51;
                                                      file = Local "source";};
 {value = "sizeof";
  line = 18;
  column = 53;
  file = Local "source";}; {value = "(";
                            line = 18;
                            column = 59;
                            file = Local "source";}; {value = "status1";
                                                      line = 18;
                                                      column = 60;
                                                      file = Local "source";};
 {value = ")";
  line = 18;
  column = 67;
  file = Local "source";}; {value = ")";
                            line = 18;
                            column = 68;
                            file = Local "source";}; {value = ";";
                                                      line = 18;
                                                      column = 69;
                                                      file = Local "source";};
 {value = "printf";
  line = 19;
  column = 3;
  file = Local "source";}; {value = "(";
                            line = 19;
                            column = 9;
                            file = Local "source";};
 {value = ""Memory size occupied by status2 : %d\n"";
  line = 19;
  column = 11;
  file = Local "source";}; {value = ",";
                            line = 19;
                            column = 51;
                            file = Local "source";}; {value = "sizeof";
                                                      line = 19;
                                                      column = 53;
                                                      file = Local "source";};
 {value = "(";
  line = 19;
  column = 59;
  file = Local "source";}; {value = "status2";
                            line = 19;
                            column = 60;
                            file = Local "source";}; {value = ")";
                                                      line = 19;
                                                      column = 67;
                                                      file = Local "source";};
 {value = ")";
  line = 19;
  column = 68;
  file = Local "source";}; {value = ";";
                            line = 19;
                            column = 69;
                            file = Local "source";}; {value = "return";
                                                      line = 21;
                                                      column = 3;
                                                      file = Local "source";};
 {value = "0";
  line = 21;
  column = 10;
  file = Local "source";}; {value = ";";
                            line = 21;
                            column = 11;
                            file = Local "source";}; {value = "}";
                                                      line = 22;
                                                      column = 0;
                                                      file = Local "source";}]