[{value = "struct";
  line = 4;
  column = 0;
  file = Local "source";}; {value = "{";
                            line = 4;
                            column = 7;
                            file = Local "source";}; {value = "unsigned";
                                                      line = 5;
                                                      column = 3;
                                                      file = Local "source";};
 {value = "int";
  line = 5;
  column = 12;
  file = Local "source";}; {value = "age";
                            line = 5;
                            column = 16;
                            file = Local "source";}; {value = ":";
                                                      line = 5;
                                                      column = 20;
                                                      file = Local "source";};
 {value = "3";
  line = 5;
  column = 22;
  file = Local "source";}; {value = ";";
                            line = 5;
                            column = 23;
                            file = Local "source";}; {value = "}";
                                                      line = 6;
                                                      column = 0;
                                                      file = Local "source";};
 {value = "Age";
  line = 6;
  column = 2;
  file = Local "source";}; {value = ";";
                            line = 6;
                            column = 5;
                            file = Local "source";}; {value = "int";
                                                      line = 8;
                                                      column = 0;
                                                      file = Local "source";};
 {value = "main";
  line = 8;
  column = 4;
  file = Local "source";}; {value = "(";
                            line = 8;
                            column = 8;
                            file = Local "source";}; {value = ")";
                                                      line = 8;
                                                      column = 10;
                                                      file = Local "source";};
 {value = "{";
  line = 8;
  column = 12;
  file = Local "source";}; {value = "Age";
                            line = 10;
                            column = 3;
                            file = Local "source";}; {value = ".";
                                                      line = 10;
                                                      column = 6;
                                                      file = Local "source";};
 {value = "age";
  line = 10;
  column = 7;
  file = Local "source";}; {value = "=";
                            line = 10;
                            column = 11;
                            file = Local "source";}; {value = "4";
                                                      line = 10;
                                                      column = 13;
                                                      file = Local "source";};
 {value = ";";
  line = 10;
  column = 14;
  file = Local "source";}; {value = "printf";
                            line = 11;
                            column = 3;
                            file = Local "source";}; {value = "(";
                                                      line = 11;
                                                      column = 9;
                                                      file = Local "source";};
 {value = ""Sizeof( Age ) : %d\n"";
  line = 11;
  column = 11;
  file = Local "source";}; {value = ",";
                            line = 11;
                            column = 33;
                            file = Local "source";}; {value = "sizeof";
                                                      line = 11;
                                                      column = 35;
                                                      file = Local "source";};
 {value = "(";
  line = 11;
  column = 41;
  file = Local "source";}; {value = "Age";
                            line = 11;
                            column = 42;
                            file = Local "source";}; {value = ")";
                                                      line = 11;
                                                      column = 45;
                                                      file = Local "source";};
 {value = ")";
  line = 11;
  column = 47;
  file = Local "source";}; {value = ";";
                            line = 11;
                            column = 48;
                            file = Local "source";}; {value = "printf";
                                                      line = 12;
                                                      column = 3;
                                                      file = Local "source";};
 {value = "(";
  line = 12;
  column = 9;
  file = Local "source";}; {value = ""Age.age : %d\n"";
                            line = 12;
                            column = 11;
                            file = Local "source";}; {value = ",";
                                                      line = 12;
                                                      column = 27;
                                                      file = Local "source";};
 {value = "Age";
  line = 12;
  column = 29;
  file = Local "source";}; {value = ".";
                            line = 12;
                            column = 32;
                            file = Local "source";}; {value = "age";
                                                      line = 12;
                                                      column = 33;
                                                      file = Local "source";};
 {value = ")";
  line = 12;
  column = 37;
  file = Local "source";}; {value = ";";
                            line = 12;
                            column = 38;
                            file = Local "source";}; {value = "Age";
                                                      line = 14;
                                                      column = 3;
                                                      file = Local "source";};
 {value = ".";
  line = 14;
  column = 6;
  file = Local "source";}; {value = "age";
                            line = 14;
                            column = 7;
                            file = Local "source";}; {value = "=";
                                                      line = 14;
                                                      column = 11;
                                                      file = Local "source";};
 {value = "7";
  line = 14;
  column = 13;
  file = Local "source";}; {value = ";";
                            line = 14;
                            column = 14;
                            file = Local "source";}; {value = "printf";
                                                      line = 15;
                                                      column = 3;
                                                      file = Local "source";};
 {value = "(";
  line = 15;
  column = 9;
  file = Local "source";}; {value = ""Age.age : %d\n"";
                            line = 15;
                            column = 11;
                            file = Local "source";}; {value = ",";
                                                      line = 15;
                                                      column = 27;
                                                      file = Local "source";};
 {value = "Age";
  line = 15;
  column = 29;
  file = Local "source";}; {value = ".";
                            line = 15;
                            column = 32;
                            file = Local "source";}; {value = "age";
                                                      line = 15;
                                                      column = 33;
                                                      file = Local "source";};
 {value = ")";
  line = 15;
  column = 37;
  file = Local "source";}; {value = ";";
                            line = 15;
                            column = 38;
                            file = Local "source";}; {value = "Age";
                                                      line = 17;
                                                      column = 3;
                                                      file = Local "source";};
 {value = ".";
  line = 17;
  column = 6;
  file = Local "source";}; {value = "age";
                            line = 17;
                            column = 7;
                            file = Local "source";}; {value = "=";
                                                      line = 17;
                                                      column = 11;
                                                      file = Local "source";};
 {value = "8";
  line = 17;
  column = 13;
  file = Local "source";}; {value = ";";
                            line = 17;
                            column = 14;
                            file = Local "source";}; {value = "printf";
                                                      line = 18;
                                                      column = 3;
                                                      file = Local "source";};
 {value = "(";
  line = 18;
  column = 9;
  file = Local "source";}; {value = ""Age.age : %d\n"";
                            line = 18;
                            column = 11;
                            file = Local "source";}; {value = ",";
                                                      line = 18;
                                                      column = 27;
                                                      file = Local "source";};
 {value = "Age";
  line = 18;
  column = 29;
  file = Local "source";}; {value = ".";
                            line = 18;
                            column = 32;
                            file = Local "source";}; {value = "age";
                                                      line = 18;
                                                      column = 33;
                                                      file = Local "source";};
 {value = ")";
  line = 18;
  column = 37;
  file = Local "source";}; {value = ";";
                            line = 18;
                            column = 38;
                            file = Local "source";}; {value = "return";
                                                      line = 20;
                                                      column = 3;
                                                      file = Local "source";};
 {value = "0";
  line = 20;
  column = 10;
  file = Local "source";}; {value = ";";
                            line = 20;
                            column = 11;
                            file = Local "source";}; {value = "}";
                                                      line = 21;
                                                      column = 0;
                                                      file = Local "source";}]