[{value = "void";
  line = 4;
  column = 0;
  file = Local "source";}; {value = "func";
                            line = 4;
                            column = 5;
                            file = Local "source";}; {value = "(";
                                                      line = 4;
                                                      column = 9;
                                                      file = Local "source";};
 {value = "void";
  line = 4;
  column = 10;
  file = Local "source";}; {value = ")";
                            line = 4;
                            column = 14;
                            file = Local "source";}; {value = ";";
                                                      line = 4;
                                                      column = 15;
                                                      file = Local "source";};
 {value = "static";
  line = 6;
  column = 0;
  file = Local "source";}; {value = "int";
                            line = 6;
                            column = 7;
                            file = Local "source";}; {value = "count";
                                                      line = 6;
                                                      column = 11;
                                                      file = Local "source";};
 {value = "=";
  line = 6;
  column = 17;
  file = Local "source";}; {value = "5";
                            line = 6;
                            column = 19;
                            file = Local "source";}; {value = ";";
                                                      line = 6;
                                                      column = 20;
                                                      file = Local "source";};
 {value = "main";
  line = 8;
  column = 0;
  file = Local "source";}; {value = "(";
                            line = 8;
                            column = 4;
                            file = Local "source";}; {value = ")";
                                                      line = 8;
                                                      column = 5;
                                                      file = Local "source";};
 {value = "{";
  line = 8;
  column = 7;
  file = Local "source";}; {value = "while";
                            line = 10;
                            column = 3;
                            file = Local "source";}; {value = "(";
                                                      line = 10;
                                                      column = 8;
                                                      file = Local "source";};
 {value = "count";
  line = 10;
  column = 9;
  file = Local "source";}; {value = "--";
                            line = 10;
                            column = 14;
                            file = Local "source";}; {value = ")";
                                                      line = 10;
                                                      column = 16;
                                                      file = Local "source";};
 {value = "{";
  line = 10;
  column = 18;
  file = Local "source";}; {value = "func";
                            line = 11;
                            column = 6;
                            file = Local "source";}; {value = "(";
                                                      line = 11;
                                                      column = 10;
                                                      file = Local "source";};
 {value = ")";
  line = 11;
  column = 11;
  file = Local "source";}; {value = ";";
                            line = 11;
                            column = 12;
                            file = Local "source";}; {value = "}";
                                                      line = 12;
                                                      column = 3;
                                                      file = Local "source";};
 {value = "return";
  line = 14;
  column = 3;
  file = Local "source";}; {value = "0";
                            line = 14;
                            column = 10;
                            file = Local "source";}; {value = ";";
                                                      line = 14;
                                                      column = 11;
                                                      file = Local "source";};
 {value = "}";
  line = 15;
  column = 0;
  file = Local "source";}; {value = "void";
                            line = 18;
                            column = 0;
                            file = Local "source";}; {value = "func";
                                                      line = 18;
                                                      column = 5;
                                                      file = Local "source";};
 {value = "(";
  line = 18;
  column = 9;
  file = Local "source";}; {value = "void";
                            line = 18;
                            column = 11;
                            file = Local "source";}; {value = ")";
                                                      line = 18;
                                                      column = 16;
                                                      file = Local "source";};
 {value = "{";
  line = 18;
  column = 18;
  file = Local "source";}; {value = "static";
                            line = 20;
                            column = 3;
                            file = Local "source";}; {value = "int";
                                                      line = 20;
                                                      column = 10;
                                                      file = Local "source";};
 {value = "i";
  line = 20;
  column = 14;
  file = Local "source";}; {value = "=";
                            line = 20;
                            column = 16;
                            file = Local "source";}; {value = "5";
                                                      line = 20;
                                                      column = 18;
                                                      file = Local "source";};
 {value = ";";
  line = 20;
  column = 19;
  file = Local "source";}; {value = "i";
                            line = 21;
                            column = 3;
                            file = Local "source";}; {value = "++";
                                                      line = 21;
                                                      column = 4;
                                                      file = Local "source";};
 {value = ";";
  line = 21;
  column = 6;
  file = Local "source";}; {value = "printf";
                            line = 23;
                            column = 3;
                            file = Local "source";}; {value = "(";
                                                      line = 23;
                                                      column = 9;
                                                      file = Local "source";};
 {value = ""i is %d and count is %d\n"";
  line = 23;
  column = 10;
  file = Local "source";}; {value = ",";
                            line = 23;
                            column = 37;
                            file = Local "source";}; {value = "i";
                                                      line = 23;
                                                      column = 39;
                                                      file = Local "source";};
 {value = ",";
  line = 23;
  column = 40;
  file = Local "source";}; {value = "count";
                            line = 23;
                            column = 42;
                            file = Local "source";}; {value = ")";
                                                      line = 23;
                                                      column = 47;
                                                      file = Local "source";};
 {value = ";";
  line = 23;
  column = 48;
  file = Local "source";}; {value = "}";
                            line = 24;
                            column = 0;
                            file = Local "source";}]