[{value = "int";
  line = 3;
  column = 0;
  file = Local "source";}; {value = "main";
                            line = 3;
                            column = 4;
                            file = Local "source";}; {value = "(";
                                                      line = 3;
                                                      column = 9;
                                                      file = Local "source";};
 {value = ")";
  line = 3;
  column = 10;
  file = Local "source";}; {value = "{";
                            line = 3;
                            column = 12;
                            file = Local "source";}; {value = "for";
                                                      line = 5;
                                                      column = 3;
                                                      file = Local "source";};
 {value = "(";
  line = 5;
  column = 6;
  file = Local "source";}; {value = ";";
                            line = 5;
                            column = 8;
                            file = Local "source";}; {value = ";";
                                                      line = 5;
                                                      column = 10;
                                                      file = Local "source";};
 {value = ")";
  line = 5;
  column = 12;
  file = Local "source";}; {value = "{";
                            line = 5;
                            column = 14;
                            file = Local "source";}; {value = "printf";
                                                      line = 6;
                                                      column = 6;
                                                      file = Local "source";};
 {value = "(";
  line = 6;
  column = 12;
  file = Local "source";}; {value = ""This loop will run forever.\n"";
                            line = 6;
                            column = 13;
                            file = Local "source";}; {value = ")";
                                                      line = 6;
                                                      column = 44;
                                                      file = Local "source";};
 {value = ";";
  line = 6;
  column = 45;
  file = Local "source";}; {value = "}";
                            line = 7;
                            column = 3;
                            file = Local "source";}; {value = "return";
                                                      line = 9;
                                                      column = 3;
                                                      file = Local "source";};
 {value = "0";
  line = 9;
  column = 10;
  file = Local "source";}; {value = ";";
                            line = 9;
                            column = 11;
                            file = Local "source";}; {value = "}";
                                                      line = 10;
                                                      column = 0;
                                                      file = Local "source";}]