[{value = "int";
  line = 4;
  column = 0;
  file = Local "source";}; {value = "max";
                            line = 4;
                            column = 4;
                            file = Local "source";}; {value = "(";
                                                      line = 4;
                                                      column = 7;
                                                      file = Local "source";};
 {value = "int";
  line = 4;
  column = 8;
  file = Local "source";}; {value = "num1";
                            line = 4;
                            column = 12;
                            file = Local "source";}; {value = ",";
                                                      line = 4;
                                                      column = 16;
                                                      file = Local "source";};
 {value = "int";
  line = 4;
  column = 18;
  file = Local "source";}; {value = "num2";
                            line = 4;
                            column = 22;
                            file = Local "source";}; {value = ")";
                                                      line = 4;
                                                      column = 26;
                                                      file = Local "source";};
 {value = ";";
  line = 4;
  column = 27;
  file = Local "source";}; {value = "int";
                            line = 6;
                            column = 0;
                            file = Local "source";}; {value = "main";
                                                      line = 6;
                                                      column = 4;
                                                      file = Local "source";};
 {value = "(";
  line = 6;
  column = 9;
  file = Local "source";}; {value = ")";
                            line = 6;
                            column = 10;
                            file = Local "source";}; {value = "{";
                                                      line = 6;
                                                      column = 12;
                                                      file = Local "source";};
 {value = "int";
  line = 9;
  column = 3;
  file = Local "source";}; {value = "a";
                            line = 9;
                            column = 7;
                            file = Local "source";}; {value = "=";
                                                      line = 9;
                                                      column = 9;
                                                      file = Local "source";};
 {value = "100";
  line = 9;
  column = 11;
  file = Local "source";}; {value = ";";
                            line = 9;
                            column = 14;
                            file = Local "source";}; {value = "int";
                                                      line = 10;
                                                      column = 3;
                                                      file = Local "source";};
 {value = "b";
  line = 10;
  column = 7;
  file = Local "source";}; {value = "=";
                            line = 10;
                            column = 9;
                            file = Local "source";}; {value = "200";
                                                      line = 10;
                                                      column = 11;
                                                      file = Local "source";};
 {value = ";";
  line = 10;
  column = 14;
  file = Local "source";}; {value = "int";
                            line = 11;
                            column = 3;
                            file = Local "source";}; {value = "ret";
                                                      line = 11;
                                                      column = 7;
                                                      file = Local "source";};
 {value = ";";
  line = 11;
  column = 10;
  file = Local "source";}; {value = "ret";
                            line = 14;
                            column = 3;
                            file = Local "source";}; {value = "=";
                                                      line = 14;
                                                      column = 7;
                                                      file = Local "source";};
 {value = "max";
  line = 14;
  column = 9;
  file = Local "source";}; {value = "(";
                            line = 14;
                            column = 12;
                            file = Local "source";}; {value = "a";
                                                      line = 14;
                                                      column = 13;
                                                      file = Local "source";};
 {value = ",";
  line = 14;
  column = 14;
  file = Local "source";}; {value = "b";
                            line = 14;
                            column = 16;
                            file = Local "source";}; {value = ")";
                                                      line = 14;
                                                      column = 17;
                                                      file = Local "source";};
 {value = ";";
  line = 14;
  column = 18;
  file = Local "source";}; {value = "printf";
                            line = 16;
                            column = 3;
                            file = Local "source";}; {value = "(";
                                                      line = 16;
                                                      column = 9;
                                                      file = Local "source";};
 {value = ""Max value is : %d\n"";
  line = 16;
  column = 11;
  file = Local "source";}; {value = ",";
                            line = 16;
                            column = 32;
                            file = Local "source";}; {value = "ret";
                                                      line = 16;
                                                      column = 34;
                                                      file = Local "source";};
 {value = ")";
  line = 16;
  column = 38;
  file = Local "source";}; {value = ";";
                            line = 16;
                            column = 39;
                            file = Local "source";}; {value = "return";
                                                      line = 18;
                                                      column = 3;
                                                      file = Local "source";};
 {value = "0";
  line = 18;
  column = 10;
  file = Local "source";}; {value = ";";
                            line = 18;
                            column = 11;
                            file = Local "source";}; {value = "}";
                                                      line = 19;
                                                      column = 0;
                                                      file = Local "source";};
 {value = "int";
  line = 22;
  column = 0;
  file = Local "source";}; {value = "max";
                            line = 22;
                            column = 4;
                            file = Local "source";}; {value = "(";
                                                      line = 22;
                                                      column = 7;
                                                      file = Local "source";};
 {value = "int";
  line = 22;
  column = 8;
  file = Local "source";}; {value = "num1";
                            line = 22;
                            column = 12;
                            file = Local "source";}; {value = ",";
                                                      line = 22;
                                                      column = 16;
                                                      file = Local "source";};
 {value = "int";
  line = 22;
  column = 18;
  file = Local "source";}; {value = "num2";
                            line = 22;
                            column = 22;
                            file = Local "source";}; {value = ")";
                                                      line = 22;
                                                      column = 26;
                                                      file = Local "source";};
 {value = "{";
  line = 22;
  column = 28;
  file = Local "source";}; {value = "int";
                            line = 25;
                            column = 3;
                            file = Local "source";}; {value = "result";
                                                      line = 25;
                                                      column = 7;
                                                      file = Local "source";};
 {value = ";";
  line = 25;
  column = 13;
  file = Local "source";}; {value = "if";
                            line = 27;
                            column = 3;
                            file = Local "source";}; {value = "(";
                                                      line = 27;
                                                      column = 6;
                                                      file = Local "source";};
 {value = "num1";
  line = 27;
  column = 7;
  file = Local "source";}; {value = ">";
                            line = 27;
                            column = 12;
                            file = Local "source";}; {value = "num2";
                                                      line = 27;
                                                      column = 14;
                                                      file = Local "source";};
 {value = ")";
  line = 27;
  column = 18;
  file = Local "source";}; {value = "result";
                            line = 28;
                            column = 6;
                            file = Local "source";}; {value = "=";
                                                      line = 28;
                                                      column = 13;
                                                      file = Local "source";};
 {value = "num1";
  line = 28;
  column = 15;
  file = Local "source";}; {value = ";";
                            line = 28;
                            column = 19;
                            file = Local "source";}; {value = "else";
                                                      line = 29;
                                                      column = 3;
                                                      file = Local "source";};
 {value = "result";
  line = 30;
  column = 6;
  file = Local "source";}; {value = "=";
                            line = 30;
                            column = 13;
                            file = Local "source";}; {value = "num2";
                                                      line = 30;
                                                      column = 15;
                                                      file = Local "source";};
 {value = ";";
  line = 30;
  column = 19;
  file = Local "source";}; {value = "return";
                            line = 32;
                            column = 3;
                            file = Local "source";}; {value = "result";
                                                      line = 32;
                                                      column = 10;
                                                      file = Local "source";};
 {value = ";";
  line = 32;
  column = 16;
  file = Local "source";}; {value = "}";
                            line = 33;
                            column = 0;
                            file = Local "source";}]