GlobalParse
  [Declare
     ("$76_61_6c_75_65_20_6f_66_20_61_20_3d_20_25_64_2c_20_62_20_3d_20_25_64_20_61_6e_64_20_67_20_3d_20_25_64_a",
      Pointer (Char,Some 36));
   Assign
     (Index
        (Value
           (Var
              ("$76_61_6c_75_65_20_6f_66_20_61_20_3d_20_25_64_2c_20_62_20_3d_20_25_64_20_61_6e_64_20_67_20_3d_20_25_64_a",
               Pointer (Char,Some 36))),Value (Lit ("0",Int))),
      Value (Lit ("'v'",Char)));
   Assign
     (Index
        (Value
           (Var
              ("$76_61_6c_75_65_20_6f_66_20_61_20_3d_20_25_64_2c_20_62_20_3d_20_25_64_20_61_6e_64_20_67_20_3d_20_25_64_a",
               Pointer (Char,Some 36))),Value (Lit ("1",Int))),
      Value (Lit ("'a'",Char)));
   Assign
     (Index
        (Value
           (Var
              ("$76_61_6c_75_65_20_6f_66_20_61_20_3d_20_25_64_2c_20_62_20_3d_20_25_64_20_61_6e_64_20_67_20_3d_20_25_64_a",
               Pointer (Char,Some 36))),Value (Lit ("2",Int))),
      Value (Lit ("'l'",Char)));
   Assign
     (Index
        (Value
           (Var
              ("$76_61_6c_75_65_20_6f_66_20_61_20_3d_20_25_64_2c_20_62_20_3d_20_25_64_20_61_6e_64_20_67_20_3d_20_25_64_a",
               Pointer (Char,Some 36))),Value (Lit ("3",Int))),
      Value (Lit ("'u'",Char)));
   Assign
     (Index
        (Value
           (Var
              ("$76_61_6c_75_65_20_6f_66_20_61_20_3d_20_25_64_2c_20_62_20_3d_20_25_64_20_61_6e_64_20_67_20_3d_20_25_64_a",
               Pointer (Char,Some 36))),Value (Lit ("4",Int))),
      Value (Lit ("'e'",Char)));
   Assign
     (Index
        (Value
           (Var
              ("$76_61_6c_75_65_20_6f_66_20_61_20_3d_20_25_64_2c_20_62_20_3d_20_25_64_20_61_6e_64_20_67_20_3d_20_25_64_a",
               Pointer (Char,Some 36))),Value (Lit ("5",Int))),
      Value (Lit ("' '",Char)));
   Assign
     (Index
        (Value
           (Var
              ("$76_61_6c_75_65_20_6f_66_20_61_20_3d_20_25_64_2c_20_62_20_3d_20_25_64_20_61_6e_64_20_67_20_3d_20_25_64_a",
               Pointer (Char,Some 36))),Value (Lit ("6",Int))),
      Value (Lit ("'o'",Char)));
   Assign
     (Index
        (Value
           (Var
              ("$76_61_6c_75_65_20_6f_66_20_61_20_3d_20_25_64_2c_20_62_20_3d_20_25_64_20_61_6e_64_20_67_20_3d_20_25_64_a",
               Pointer (Char,Some 36))),Value (Lit ("7",Int))),
      Value (Lit ("'f'",Char)));
   Assign
     (Index
        (Value
           (Var
              ("$76_61_6c_75_65_20_6f_66_20_61_20_3d_20_25_64_2c_20_62_20_3d_20_25_64_20_61_6e_64_20_67_20_3d_20_25_64_a",
               Pointer (Char,Some 36))),Value (Lit ("8",Int))),
      Value (Lit ("' '",Char)));
   Assign
     (Index
        (Value
           (Var
              ("$76_61_6c_75_65_20_6f_66_20_61_20_3d_20_25_64_2c_20_62_20_3d_20_25_64_20_61_6e_64_20_67_20_3d_20_25_64_a",
               Pointer (Char,Some 36))),Value (Lit ("9",Int))),
      Value (Lit ("'a'",Char)));
   Assign
     (Index
        (Value
           (Var
              ("$76_61_6c_75_65_20_6f_66_20_61_20_3d_20_25_64_2c_20_62_20_3d_20_25_64_20_61_6e_64_20_67_20_3d_20_25_64_a",
               Pointer (Char,Some 36))),Value (Lit ("10",Int))),
      Value (Lit ("' '",Char)));
   Assign
     (Index
        (Value
           (Var
              ("$76_61_6c_75_65_20_6f_66_20_61_20_3d_20_25_64_2c_20_62_20_3d_20_25_64_20_61_6e_64_20_67_20_3d_20_25_64_a",
               Pointer (Char,Some 36))),Value (Lit ("11",Int))),
      Value (Lit ("'='",Char)));
   Assign
     (Index
        (Value
           (Var
              ("$76_61_6c_75_65_20_6f_66_20_61_20_3d_20_25_64_2c_20_62_20_3d_20_25_64_20_61_6e_64_20_67_20_3d_20_25_64_a",
               Pointer (Char,Some 36))),Value (Lit ("12",Int))),
      Value (Lit ("' '",Char)));
   Assign
     (Index
        (Value
           (Var
              ("$76_61_6c_75_65_20_6f_66_20_61_20_3d_20_25_64_2c_20_62_20_3d_20_25_64_20_61_6e_64_20_67_20_3d_20_25_64_a",
               Pointer (Char,Some 36))),Value (Lit ("13",Int))),
      Value (Lit ("'%'",Char)));
   Assign
     (Index
        (Value
           (Var
              ("$76_61_6c_75_65_20_6f_66_20_61_20_3d_20_25_64_2c_20_62_20_3d_20_25_64_20_61_6e_64_20_67_20_3d_20_25_64_a",
               Pointer (Char,Some 36))),Value (Lit ("14",Int))),
      Value (Lit ("'d'",Char)));
   Assign
     (Index
        (Value
           (Var
              ("$76_61_6c_75_65_20_6f_66_20_61_20_3d_20_25_64_2c_20_62_20_3d_20_25_64_20_61_6e_64_20_67_20_3d_20_25_64_a",
               Pointer (Char,Some 36))),Value (Lit ("15",Int))),
      Value (Lit ("','",Char)));
   Assign
     (Index
        (Value
           (Var
              ("$76_61_6c_75_65_20_6f_66_20_61_20_3d_20_25_64_2c_20_62_20_3d_20_25_64_20_61_6e_64_20_67_20_3d_20_25_64_a",
               Pointer (Char,Some 36))),Value (Lit ("16",Int))),
      Value (Lit ("' '",Char)));
   Assign
     (Index
        (Value
           (Var
              ("$76_61_6c_75_65_20_6f_66_20_61_20_3d_20_25_64_2c_20_62_20_3d_20_25_64_20_61_6e_64_20_67_20_3d_20_25_64_a",
               Pointer (Char,Some 36))),Value (Lit ("17",Int))),
      Value (Lit ("'b'",Char)));
   Assign
     (Index
        (Value
           (Var
              ("$76_61_6c_75_65_20_6f_66_20_61_20_3d_20_25_64_2c_20_62_20_3d_20_25_64_20_61_6e_64_20_67_20_3d_20_25_64_a",
               Pointer (Char,Some 36))),Value (Lit ("18",Int))),
      Value (Lit ("' '",Char)));
   Assign
     (Index
        (Value
           (Var
              ("$76_61_6c_75_65_20_6f_66_20_61_20_3d_20_25_64_2c_20_62_20_3d_20_25_64_20_61_6e_64_20_67_20_3d_20_25_64_a",
               Pointer (Char,Some 36))),Value (Lit ("19",Int))),
      Value (Lit ("'='",Char)));
   Assign
     (Index
        (Value
           (Var
              ("$76_61_6c_75_65_20_6f_66_20_61_20_3d_20_25_64_2c_20_62_20_3d_20_25_64_20_61_6e_64_20_67_20_3d_20_25_64_a",
               Pointer (Char,Some 36))),Value (Lit ("20",Int))),
      Value (Lit ("' '",Char)));
   Assign
     (Index
        (Value
           (Var
              ("$76_61_6c_75_65_20_6f_66_20_61_20_3d_20_25_64_2c_20_62_20_3d_20_25_64_20_61_6e_64_20_67_20_3d_20_25_64_a",
               Pointer (Char,Some 36))),Value (Lit ("21",Int))),
      Value (Lit ("'%'",Char)));
   Assign
     (Index
        (Value
           (Var
              ("$76_61_6c_75_65_20_6f_66_20_61_20_3d_20_25_64_2c_20_62_20_3d_20_25_64_20_61_6e_64_20_67_20_3d_20_25_64_a",
               Pointer (Char,Some 36))),Value (Lit ("22",Int))),
      Value (Lit ("'d'",Char)));
   Assign
     (Index
        (Value
           (Var
              ("$76_61_6c_75_65_20_6f_66_20_61_20_3d_20_25_64_2c_20_62_20_3d_20_25_64_20_61_6e_64_20_67_20_3d_20_25_64_a",
               Pointer (Char,Some 36))),Value (Lit ("23",Int))),
      Value (Lit ("' '",Char)));
   Assign
     (Index
        (Value
           (Var
              ("$76_61_6c_75_65_20_6f_66_20_61_20_3d_20_25_64_2c_20_62_20_3d_20_25_64_20_61_6e_64_20_67_20_3d_20_25_64_a",
               Pointer (Char,Some 36))),Value (Lit ("24",Int))),
      Value (Lit ("'a'",Char)));
   Assign
     (Index
        (Value
           (Var
              ("$76_61_6c_75_65_20_6f_66_20_61_20_3d_20_25_64_2c_20_62_20_3d_20_25_64_20_61_6e_64_20_67_20_3d_20_25_64_a",
               Pointer (Char,Some 36))),Value (Lit ("25",Int))),
      Value (Lit ("'n'",Char)));
   Assign
     (Index
        (Value
           (Var
              ("$76_61_6c_75_65_20_6f_66_20_61_20_3d_20_25_64_2c_20_62_20_3d_20_25_64_20_61_6e_64_20_67_20_3d_20_25_64_a",
               Pointer (Char,Some 36))),Value (Lit ("26",Int))),
      Value (Lit ("'d'",Char)));
   Assign
     (Index
        (Value
           (Var
              ("$76_61_6c_75_65_20_6f_66_20_61_20_3d_20_25_64_2c_20_62_20_3d_20_25_64_20_61_6e_64_20_67_20_3d_20_25_64_a",
               Pointer (Char,Some 36))),Value (Lit ("27",Int))),
      Value (Lit ("' '",Char)));
   Assign
     (Index
        (Value
           (Var
              ("$76_61_6c_75_65_20_6f_66_20_61_20_3d_20_25_64_2c_20_62_20_3d_20_25_64_20_61_6e_64_20_67_20_3d_20_25_64_a",
               Pointer (Char,Some 36))),Value (Lit ("28",Int))),
      Value (Lit ("'g'",Char)));
   Assign
     (Index
        (Value
           (Var
              ("$76_61_6c_75_65_20_6f_66_20_61_20_3d_20_25_64_2c_20_62_20_3d_20_25_64_20_61_6e_64_20_67_20_3d_20_25_64_a",
               Pointer (Char,Some 36))),Value (Lit ("29",Int))),
      Value (Lit ("' '",Char)));
   Assign
     (Index
        (Value
           (Var
              ("$76_61_6c_75_65_20_6f_66_20_61_20_3d_20_25_64_2c_20_62_20_3d_20_25_64_20_61_6e_64_20_67_20_3d_20_25_64_a",
               Pointer (Char,Some 36))),Value (Lit ("30",Int))),
      Value (Lit ("'='",Char)));
   Assign
     (Index
        (Value
           (Var
              ("$76_61_6c_75_65_20_6f_66_20_61_20_3d_20_25_64_2c_20_62_20_3d_20_25_64_20_61_6e_64_20_67_20_3d_20_25_64_a",
               Pointer (Char,Some 36))),Value (Lit ("31",Int))),
      Value (Lit ("' '",Char)));
   Assign
     (Index
        (Value
           (Var
              ("$76_61_6c_75_65_20_6f_66_20_61_20_3d_20_25_64_2c_20_62_20_3d_20_25_64_20_61_6e_64_20_67_20_3d_20_25_64_a",
               Pointer (Char,Some 36))),Value (Lit ("32",Int))),
      Value (Lit ("'%'",Char)));
   Assign
     (Index
        (Value
           (Var
              ("$76_61_6c_75_65_20_6f_66_20_61_20_3d_20_25_64_2c_20_62_20_3d_20_25_64_20_61_6e_64_20_67_20_3d_20_25_64_a",
               Pointer (Char,Some 36))),Value (Lit ("33",Int))),
      Value (Lit ("'d'",Char)));
   Assign
     (Index
        (Value
           (Var
              ("$76_61_6c_75_65_20_6f_66_20_61_20_3d_20_25_64_2c_20_62_20_3d_20_25_64_20_61_6e_64_20_67_20_3d_20_25_64_a",
               Pointer (Char,Some 36))),Value (Lit ("34",Int))),
      Value (Lit ("'
'",Char)));
   Assign
     (Index
        (Value
           (Var
              ("$76_61_6c_75_65_20_6f_66_20_61_20_3d_20_25_64_2c_20_62_20_3d_20_25_64_20_61_6e_64_20_67_20_3d_20_25_64_a",
               Pointer (Char,Some 36))),Value (Lit ("35",Int))),
      Value (Lit ("'\0'",Char))); Declare ("g",Int);
   Declare ("main",Function ([Unknown []],Int));
   Assign
     (Value (Var ("main",Function ([Unknown []],Int))),
      Function
        ([(".", Unknown [])],
         Block
           [Declare ("a",Int); Declare ("b",Int);
            Assign (Value (Var ("a",Int)),Value (Lit ("10",Int)));
            Assign (Value (Var ("b",Int)),Value (Lit ("20",Int)));
            Assign
              (Value (Var ("g",Int)),
               Apply
                 (Value (Var ("+",Function ([Int; Int],Int))),
                  [Value (Var ("a",Int)); Value (Var ("b",Int))]));
            Apply
              (Value (Var ("printf",Function ([Unknown []],Void))),
               [Value
                  (Var
                     ("$76_61_6c_75_65_20_6f_66_20_61_20_3d_20_25_64_2c_20_62_20_3d_20_25_64_20_61_6e_64_20_67_20_3d_20_25_64_a",
                      Pointer (Char,Some 36))); Value (Var ("a",Int));
                Value (Var ("b",Int)); Value (Var ("g",Int))]);
            Return (Value (Lit ("0",Int)))]))]