GlobalParse
  [Declare
     ("$76_61_6c_75_65_20_6f_66_20_61_20_69_6e_20_6d_61_69_6e_28_29_20_3d_20_25_64_a",
      Pointer (Char,Some 27));
   Assign
     (Index
        (Value
           (Var
              ("$76_61_6c_75_65_20_6f_66_20_61_20_69_6e_20_6d_61_69_6e_28_29_20_3d_20_25_64_a",
               Pointer (Char,Some 27))),Value (Lit ("0",Int))),
      Value (Lit ("'v'",Char)));
   Assign
     (Index
        (Value
           (Var
              ("$76_61_6c_75_65_20_6f_66_20_61_20_69_6e_20_6d_61_69_6e_28_29_20_3d_20_25_64_a",
               Pointer (Char,Some 27))),Value (Lit ("1",Int))),
      Value (Lit ("'a'",Char)));
   Assign
     (Index
        (Value
           (Var
              ("$76_61_6c_75_65_20_6f_66_20_61_20_69_6e_20_6d_61_69_6e_28_29_20_3d_20_25_64_a",
               Pointer (Char,Some 27))),Value (Lit ("2",Int))),
      Value (Lit ("'l'",Char)));
   Assign
     (Index
        (Value
           (Var
              ("$76_61_6c_75_65_20_6f_66_20_61_20_69_6e_20_6d_61_69_6e_28_29_20_3d_20_25_64_a",
               Pointer (Char,Some 27))),Value (Lit ("3",Int))),
      Value (Lit ("'u'",Char)));
   Assign
     (Index
        (Value
           (Var
              ("$76_61_6c_75_65_20_6f_66_20_61_20_69_6e_20_6d_61_69_6e_28_29_20_3d_20_25_64_a",
               Pointer (Char,Some 27))),Value (Lit ("4",Int))),
      Value (Lit ("'e'",Char)));
   Assign
     (Index
        (Value
           (Var
              ("$76_61_6c_75_65_20_6f_66_20_61_20_69_6e_20_6d_61_69_6e_28_29_20_3d_20_25_64_a",
               Pointer (Char,Some 27))),Value (Lit ("5",Int))),
      Value (Lit ("' '",Char)));
   Assign
     (Index
        (Value
           (Var
              ("$76_61_6c_75_65_20_6f_66_20_61_20_69_6e_20_6d_61_69_6e_28_29_20_3d_20_25_64_a",
               Pointer (Char,Some 27))),Value (Lit ("6",Int))),
      Value (Lit ("'o'",Char)));
   Assign
     (Index
        (Value
           (Var
              ("$76_61_6c_75_65_20_6f_66_20_61_20_69_6e_20_6d_61_69_6e_28_29_20_3d_20_25_64_a",
               Pointer (Char,Some 27))),Value (Lit ("7",Int))),
      Value (Lit ("'f'",Char)));
   Assign
     (Index
        (Value
           (Var
              ("$76_61_6c_75_65_20_6f_66_20_61_20_69_6e_20_6d_61_69_6e_28_29_20_3d_20_25_64_a",
               Pointer (Char,Some 27))),Value (Lit ("8",Int))),
      Value (Lit ("' '",Char)));
   Assign
     (Index
        (Value
           (Var
              ("$76_61_6c_75_65_20_6f_66_20_61_20_69_6e_20_6d_61_69_6e_28_29_20_3d_20_25_64_a",
               Pointer (Char,Some 27))),Value (Lit ("9",Int))),
      Value (Lit ("'a'",Char)));
   Assign
     (Index
        (Value
           (Var
              ("$76_61_6c_75_65_20_6f_66_20_61_20_69_6e_20_6d_61_69_6e_28_29_20_3d_20_25_64_a",
               Pointer (Char,Some 27))),Value (Lit ("10",Int))),
      Value (Lit ("' '",Char)));
   Assign
     (Index
        (Value
           (Var
              ("$76_61_6c_75_65_20_6f_66_20_61_20_69_6e_20_6d_61_69_6e_28_29_20_3d_20_25_64_a",
               Pointer (Char,Some 27))),Value (Lit ("11",Int))),
      Value (Lit ("'i'",Char)));
   Assign
     (Index
        (Value
           (Var
              ("$76_61_6c_75_65_20_6f_66_20_61_20_69_6e_20_6d_61_69_6e_28_29_20_3d_20_25_64_a",
               Pointer (Char,Some 27))),Value (Lit ("12",Int))),
      Value (Lit ("'n'",Char)));
   Assign
     (Index
        (Value
           (Var
              ("$76_61_6c_75_65_20_6f_66_20_61_20_69_6e_20_6d_61_69_6e_28_29_20_3d_20_25_64_a",
               Pointer (Char,Some 27))),Value (Lit ("13",Int))),
      Value (Lit ("' '",Char)));
   Assign
     (Index
        (Value
           (Var
              ("$76_61_6c_75_65_20_6f_66_20_61_20_69_6e_20_6d_61_69_6e_28_29_20_3d_20_25_64_a",
               Pointer (Char,Some 27))),Value (Lit ("14",Int))),
      Value (Lit ("'m'",Char)));
   Assign
     (Index
        (Value
           (Var
              ("$76_61_6c_75_65_20_6f_66_20_61_20_69_6e_20_6d_61_69_6e_28_29_20_3d_20_25_64_a",
               Pointer (Char,Some 27))),Value (Lit ("15",Int))),
      Value (Lit ("'a'",Char)));
   Assign
     (Index
        (Value
           (Var
              ("$76_61_6c_75_65_20_6f_66_20_61_20_69_6e_20_6d_61_69_6e_28_29_20_3d_20_25_64_a",
               Pointer (Char,Some 27))),Value (Lit ("16",Int))),
      Value (Lit ("'i'",Char)));
   Assign
     (Index
        (Value
           (Var
              ("$76_61_6c_75_65_20_6f_66_20_61_20_69_6e_20_6d_61_69_6e_28_29_20_3d_20_25_64_a",
               Pointer (Char,Some 27))),Value (Lit ("17",Int))),
      Value (Lit ("'n'",Char)));
   Assign
     (Index
        (Value
           (Var
              ("$76_61_6c_75_65_20_6f_66_20_61_20_69_6e_20_6d_61_69_6e_28_29_20_3d_20_25_64_a",
               Pointer (Char,Some 27))),Value (Lit ("18",Int))),
      Value (Lit ("'('",Char)));
   Assign
     (Index
        (Value
           (Var
              ("$76_61_6c_75_65_20_6f_66_20_61_20_69_6e_20_6d_61_69_6e_28_29_20_3d_20_25_64_a",
               Pointer (Char,Some 27))),Value (Lit ("19",Int))),
      Value (Lit ("')'",Char)));
   Assign
     (Index
        (Value
           (Var
              ("$76_61_6c_75_65_20_6f_66_20_61_20_69_6e_20_6d_61_69_6e_28_29_20_3d_20_25_64_a",
               Pointer (Char,Some 27))),Value (Lit ("20",Int))),
      Value (Lit ("' '",Char)));
   Assign
     (Index
        (Value
           (Var
              ("$76_61_6c_75_65_20_6f_66_20_61_20_69_6e_20_6d_61_69_6e_28_29_20_3d_20_25_64_a",
               Pointer (Char,Some 27))),Value (Lit ("21",Int))),
      Value (Lit ("'='",Char)));
   Assign
     (Index
        (Value
           (Var
              ("$76_61_6c_75_65_20_6f_66_20_61_20_69_6e_20_6d_61_69_6e_28_29_20_3d_20_25_64_a",
               Pointer (Char,Some 27))),Value (Lit ("22",Int))),
      Value (Lit ("' '",Char)));
   Assign
     (Index
        (Value
           (Var
              ("$76_61_6c_75_65_20_6f_66_20_61_20_69_6e_20_6d_61_69_6e_28_29_20_3d_20_25_64_a",
               Pointer (Char,Some 27))),Value (Lit ("23",Int))),
      Value (Lit ("'%'",Char)));
   Assign
     (Index
        (Value
           (Var
              ("$76_61_6c_75_65_20_6f_66_20_61_20_69_6e_20_6d_61_69_6e_28_29_20_3d_20_25_64_a",
               Pointer (Char,Some 27))),Value (Lit ("24",Int))),
      Value (Lit ("'d'",Char)));
   Assign
     (Index
        (Value
           (Var
              ("$76_61_6c_75_65_20_6f_66_20_61_20_69_6e_20_6d_61_69_6e_28_29_20_3d_20_25_64_a",
               Pointer (Char,Some 27))),Value (Lit ("25",Int))),
      Value (Lit ("'
'",Char)));
   Assign
     (Index
        (Value
           (Var
              ("$76_61_6c_75_65_20_6f_66_20_61_20_69_6e_20_6d_61_69_6e_28_29_20_3d_20_25_64_a",
               Pointer (Char,Some 27))),Value (Lit ("26",Int))),
      Value (Lit ("'\0'",Char)));
   Declare
     ("$76_61_6c_75_65_20_6f_66_20_61_20_69_6e_20_73_75_6d_28_29_20_3d_20_25_64_a",
      Pointer (Char,Some 26));
   Assign
     (Index
        (Value
           (Var
              ("$76_61_6c_75_65_20_6f_66_20_61_20_69_6e_20_73_75_6d_28_29_20_3d_20_25_64_a",
               Pointer (Char,Some 26))),Value (Lit ("0",Int))),
      Value (Lit ("'v'",Char)));
   Assign
     (Index
        (Value
           (Var
              ("$76_61_6c_75_65_20_6f_66_20_61_20_69_6e_20_73_75_6d_28_29_20_3d_20_25_64_a",
               Pointer (Char,Some 26))),Value (Lit ("1",Int))),
      Value (Lit ("'a'",Char)));
   Assign
     (Index
        (Value
           (Var
              ("$76_61_6c_75_65_20_6f_66_20_61_20_69_6e_20_73_75_6d_28_29_20_3d_20_25_64_a",
               Pointer (Char,Some 26))),Value (Lit ("2",Int))),
      Value (Lit ("'l'",Char)));
   Assign
     (Index
        (Value
           (Var
              ("$76_61_6c_75_65_20_6f_66_20_61_20_69_6e_20_73_75_6d_28_29_20_3d_20_25_64_a",
               Pointer (Char,Some 26))),Value (Lit ("3",Int))),
      Value (Lit ("'u'",Char)));
   Assign
     (Index
        (Value
           (Var
              ("$76_61_6c_75_65_20_6f_66_20_61_20_69_6e_20_73_75_6d_28_29_20_3d_20_25_64_a",
               Pointer (Char,Some 26))),Value (Lit ("4",Int))),
      Value (Lit ("'e'",Char)));
   Assign
     (Index
        (Value
           (Var
              ("$76_61_6c_75_65_20_6f_66_20_61_20_69_6e_20_73_75_6d_28_29_20_3d_20_25_64_a",
               Pointer (Char,Some 26))),Value (Lit ("5",Int))),
      Value (Lit ("' '",Char)));
   Assign
     (Index
        (Value
           (Var
              ("$76_61_6c_75_65_20_6f_66_20_61_20_69_6e_20_73_75_6d_28_29_20_3d_20_25_64_a",
               Pointer (Char,Some 26))),Value (Lit ("6",Int))),
      Value (Lit ("'o'",Char)));
   Assign
     (Index
        (Value
           (Var
              ("$76_61_6c_75_65_20_6f_66_20_61_20_69_6e_20_73_75_6d_28_29_20_3d_20_25_64_a",
               Pointer (Char,Some 26))),Value (Lit ("7",Int))),
      Value (Lit ("'f'",Char)));
   Assign
     (Index
        (Value
           (Var
              ("$76_61_6c_75_65_20_6f_66_20_61_20_69_6e_20_73_75_6d_28_29_20_3d_20_25_64_a",
               Pointer (Char,Some 26))),Value (Lit ("8",Int))),
      Value (Lit ("' '",Char)));
   Assign
     (Index
        (Value
           (Var
              ("$76_61_6c_75_65_20_6f_66_20_61_20_69_6e_20_73_75_6d_28_29_20_3d_20_25_64_a",
               Pointer (Char,Some 26))),Value (Lit ("9",Int))),
      Value (Lit ("'a'",Char)));
   Assign
     (Index
        (Value
           (Var
              ("$76_61_6c_75_65_20_6f_66_20_61_20_69_6e_20_73_75_6d_28_29_20_3d_20_25_64_a",
               Pointer (Char,Some 26))),Value (Lit ("10",Int))),
      Value (Lit ("' '",Char)));
   Assign
     (Index
        (Value
           (Var
              ("$76_61_6c_75_65_20_6f_66_20_61_20_69_6e_20_73_75_6d_28_29_20_3d_20_25_64_a",
               Pointer (Char,Some 26))),Value (Lit ("11",Int))),
      Value (Lit ("'i'",Char)));
   Assign
     (Index
        (Value
           (Var
              ("$76_61_6c_75_65_20_6f_66_20_61_20_69_6e_20_73_75_6d_28_29_20_3d_20_25_64_a",
               Pointer (Char,Some 26))),Value (Lit ("12",Int))),
      Value (Lit ("'n'",Char)));
   Assign
     (Index
        (Value
           (Var
              ("$76_61_6c_75_65_20_6f_66_20_61_20_69_6e_20_73_75_6d_28_29_20_3d_20_25_64_a",
               Pointer (Char,Some 26))),Value (Lit ("13",Int))),
      Value (Lit ("' '",Char)));
   Assign
     (Index
        (Value
           (Var
              ("$76_61_6c_75_65_20_6f_66_20_61_20_69_6e_20_73_75_6d_28_29_20_3d_20_25_64_a",
               Pointer (Char,Some 26))),Value (Lit ("14",Int))),
      Value (Lit ("'s'",Char)));
   Assign
     (Index
        (Value
           (Var
              ("$76_61_6c_75_65_20_6f_66_20_61_20_69_6e_20_73_75_6d_28_29_20_3d_20_25_64_a",
               Pointer (Char,Some 26))),Value (Lit ("15",Int))),
      Value (Lit ("'u'",Char)));
   Assign
     (Index
        (Value
           (Var
              ("$76_61_6c_75_65_20_6f_66_20_61_20_69_6e_20_73_75_6d_28_29_20_3d_20_25_64_a",
               Pointer (Char,Some 26))),Value (Lit ("16",Int))),
      Value (Lit ("'m'",Char)));
   Assign
     (Index
        (Value
           (Var
              ("$76_61_6c_75_65_20_6f_66_20_61_20_69_6e_20_73_75_6d_28_29_20_3d_20_25_64_a",
               Pointer (Char,Some 26))),Value (Lit ("17",Int))),
      Value (Lit ("'('",Char)));
   Assign
     (Index
        (Value
           (Var
              ("$76_61_6c_75_65_20_6f_66_20_61_20_69_6e_20_73_75_6d_28_29_20_3d_20_25_64_a",
               Pointer (Char,Some 26))),Value (Lit ("18",Int))),
      Value (Lit ("')'",Char)));
   Assign
     (Index
        (Value
           (Var
              ("$76_61_6c_75_65_20_6f_66_20_61_20_69_6e_20_73_75_6d_28_29_20_3d_20_25_64_a",
               Pointer (Char,Some 26))),Value (Lit ("19",Int))),
      Value (Lit ("' '",Char)));
   Assign
     (Index
        (Value
           (Var
              ("$76_61_6c_75_65_20_6f_66_20_61_20_69_6e_20_73_75_6d_28_29_20_3d_20_25_64_a",
               Pointer (Char,Some 26))),Value (Lit ("20",Int))),
      Value (Lit ("'='",Char)));
   Assign
     (Index
        (Value
           (Var
              ("$76_61_6c_75_65_20_6f_66_20_61_20_69_6e_20_73_75_6d_28_29_20_3d_20_25_64_a",
               Pointer (Char,Some 26))),Value (Lit ("21",Int))),
      Value (Lit ("' '",Char)));
   Assign
     (Index
        (Value
           (Var
              ("$76_61_6c_75_65_20_6f_66_20_61_20_69_6e_20_73_75_6d_28_29_20_3d_20_25_64_a",
               Pointer (Char,Some 26))),Value (Lit ("22",Int))),
      Value (Lit ("'%'",Char)));
   Assign
     (Index
        (Value
           (Var
              ("$76_61_6c_75_65_20_6f_66_20_61_20_69_6e_20_73_75_6d_28_29_20_3d_20_25_64_a",
               Pointer (Char,Some 26))),Value (Lit ("23",Int))),
      Value (Lit ("'d'",Char)));
   Assign
     (Index
        (Value
           (Var
              ("$76_61_6c_75_65_20_6f_66_20_61_20_69_6e_20_73_75_6d_28_29_20_3d_20_25_64_a",
               Pointer (Char,Some 26))),Value (Lit ("24",Int))),
      Value (Lit ("'
'",Char)));
   Assign
     (Index
        (Value
           (Var
              ("$76_61_6c_75_65_20_6f_66_20_61_20_69_6e_20_73_75_6d_28_29_20_3d_20_25_64_a",
               Pointer (Char,Some 26))),Value (Lit ("25",Int))),
      Value (Lit ("'\0'",Char)));
   Declare
     ("$76_61_6c_75_65_20_6f_66_20_62_20_69_6e_20_73_75_6d_28_29_20_3d_20_25_64_a",
      Pointer (Char,Some 26));
   Assign
     (Index
        (Value
           (Var
              ("$76_61_6c_75_65_20_6f_66_20_62_20_69_6e_20_73_75_6d_28_29_20_3d_20_25_64_a",
               Pointer (Char,Some 26))),Value (Lit ("0",Int))),
      Value (Lit ("'v'",Char)));
   Assign
     (Index
        (Value
           (Var
              ("$76_61_6c_75_65_20_6f_66_20_62_20_69_6e_20_73_75_6d_28_29_20_3d_20_25_64_a",
               Pointer (Char,Some 26))),Value (Lit ("1",Int))),
      Value (Lit ("'a'",Char)));
   Assign
     (Index
        (Value
           (Var
              ("$76_61_6c_75_65_20_6f_66_20_62_20_69_6e_20_73_75_6d_28_29_20_3d_20_25_64_a",
               Pointer (Char,Some 26))),Value (Lit ("2",Int))),
      Value (Lit ("'l'",Char)));
   Assign
     (Index
        (Value
           (Var
              ("$76_61_6c_75_65_20_6f_66_20_62_20_69_6e_20_73_75_6d_28_29_20_3d_20_25_64_a",
               Pointer (Char,Some 26))),Value (Lit ("3",Int))),
      Value (Lit ("'u'",Char)));
   Assign
     (Index
        (Value
           (Var
              ("$76_61_6c_75_65_20_6f_66_20_62_20_69_6e_20_73_75_6d_28_29_20_3d_20_25_64_a",
               Pointer (Char,Some 26))),Value (Lit ("4",Int))),
      Value (Lit ("'e'",Char)));
   Assign
     (Index
        (Value
           (Var
              ("$76_61_6c_75_65_20_6f_66_20_62_20_69_6e_20_73_75_6d_28_29_20_3d_20_25_64_a",
               Pointer (Char,Some 26))),Value (Lit ("5",Int))),
      Value (Lit ("' '",Char)));
   Assign
     (Index
        (Value
           (Var
              ("$76_61_6c_75_65_20_6f_66_20_62_20_69_6e_20_73_75_6d_28_29_20_3d_20_25_64_a",
               Pointer (Char,Some 26))),Value (Lit ("6",Int))),
      Value (Lit ("'o'",Char)));
   Assign
     (Index
        (Value
           (Var
              ("$76_61_6c_75_65_20_6f_66_20_62_20_69_6e_20_73_75_6d_28_29_20_3d_20_25_64_a",
               Pointer (Char,Some 26))),Value (Lit ("7",Int))),
      Value (Lit ("'f'",Char)));
   Assign
     (Index
        (Value
           (Var
              ("$76_61_6c_75_65_20_6f_66_20_62_20_69_6e_20_73_75_6d_28_29_20_3d_20_25_64_a",
               Pointer (Char,Some 26))),Value (Lit ("8",Int))),
      Value (Lit ("' '",Char)));
   Assign
     (Index
        (Value
           (Var
              ("$76_61_6c_75_65_20_6f_66_20_62_20_69_6e_20_73_75_6d_28_29_20_3d_20_25_64_a",
               Pointer (Char,Some 26))),Value (Lit ("9",Int))),
      Value (Lit ("'b'",Char)));
   Assign
     (Index
        (Value
           (Var
              ("$76_61_6c_75_65_20_6f_66_20_62_20_69_6e_20_73_75_6d_28_29_20_3d_20_25_64_a",
               Pointer (Char,Some 26))),Value (Lit ("10",Int))),
      Value (Lit ("' '",Char)));
   Assign
     (Index
        (Value
           (Var
              ("$76_61_6c_75_65_20_6f_66_20_62_20_69_6e_20_73_75_6d_28_29_20_3d_20_25_64_a",
               Pointer (Char,Some 26))),Value (Lit ("11",Int))),
      Value (Lit ("'i'",Char)));
   Assign
     (Index
        (Value
           (Var
              ("$76_61_6c_75_65_20_6f_66_20_62_20_69_6e_20_73_75_6d_28_29_20_3d_20_25_64_a",
               Pointer (Char,Some 26))),Value (Lit ("12",Int))),
      Value (Lit ("'n'",Char)));
   Assign
     (Index
        (Value
           (Var
              ("$76_61_6c_75_65_20_6f_66_20_62_20_69_6e_20_73_75_6d_28_29_20_3d_20_25_64_a",
               Pointer (Char,Some 26))),Value (Lit ("13",Int))),
      Value (Lit ("' '",Char)));
   Assign
     (Index
        (Value
           (Var
              ("$76_61_6c_75_65_20_6f_66_20_62_20_69_6e_20_73_75_6d_28_29_20_3d_20_25_64_a",
               Pointer (Char,Some 26))),Value (Lit ("14",Int))),
      Value (Lit ("'s'",Char)));
   Assign
     (Index
        (Value
           (Var
              ("$76_61_6c_75_65_20_6f_66_20_62_20_69_6e_20_73_75_6d_28_29_20_3d_20_25_64_a",
               Pointer (Char,Some 26))),Value (Lit ("15",Int))),
      Value (Lit ("'u'",Char)));
   Assign
     (Index
        (Value
           (Var
              ("$76_61_6c_75_65_20_6f_66_20_62_20_69_6e_20_73_75_6d_28_29_20_3d_20_25_64_a",
               Pointer (Char,Some 26))),Value (Lit ("16",Int))),
      Value (Lit ("'m'",Char)));
   Assign
     (Index
        (Value
           (Var
              ("$76_61_6c_75_65_20_6f_66_20_62_20_69_6e_20_73_75_6d_28_29_20_3d_20_25_64_a",
               Pointer (Char,Some 26))),Value (Lit ("17",Int))),
      Value (Lit ("'('",Char)));
   Assign
     (Index
        (Value
           (Var
              ("$76_61_6c_75_65_20_6f_66_20_62_20_69_6e_20_73_75_6d_28_29_20_3d_20_25_64_a",
               Pointer (Char,Some 26))),Value (Lit ("18",Int))),
      Value (Lit ("')'",Char)));
   Assign
     (Index
        (Value
           (Var
              ("$76_61_6c_75_65_20_6f_66_20_62_20_69_6e_20_73_75_6d_28_29_20_3d_20_25_64_a",
               Pointer (Char,Some 26))),Value (Lit ("19",Int))),
      Value (Lit ("' '",Char)));
   Assign
     (Index
        (Value
           (Var
              ("$76_61_6c_75_65_20_6f_66_20_62_20_69_6e_20_73_75_6d_28_29_20_3d_20_25_64_a",
               Pointer (Char,Some 26))),Value (Lit ("20",Int))),
      Value (Lit ("'='",Char)));
   Assign
     (Index
        (Value
           (Var
              ("$76_61_6c_75_65_20_6f_66_20_62_20_69_6e_20_73_75_6d_28_29_20_3d_20_25_64_a",
               Pointer (Char,Some 26))),Value (Lit ("21",Int))),
      Value (Lit ("' '",Char)));
   Assign
     (Index
        (Value
           (Var
              ("$76_61_6c_75_65_20_6f_66_20_62_20_69_6e_20_73_75_6d_28_29_20_3d_20_25_64_a",
               Pointer (Char,Some 26))),Value (Lit ("22",Int))),
      Value (Lit ("'%'",Char)));
   Assign
     (Index
        (Value
           (Var
              ("$76_61_6c_75_65_20_6f_66_20_62_20_69_6e_20_73_75_6d_28_29_20_3d_20_25_64_a",
               Pointer (Char,Some 26))),Value (Lit ("23",Int))),
      Value (Lit ("'d'",Char)));
   Assign
     (Index
        (Value
           (Var
              ("$76_61_6c_75_65_20_6f_66_20_62_20_69_6e_20_73_75_6d_28_29_20_3d_20_25_64_a",
               Pointer (Char,Some 26))),Value (Lit ("24",Int))),
      Value (Lit ("'
'",Char)));
   Assign
     (Index
        (Value
           (Var
              ("$76_61_6c_75_65_20_6f_66_20_62_20_69_6e_20_73_75_6d_28_29_20_3d_20_25_64_a",
               Pointer (Char,Some 26))),Value (Lit ("25",Int))),
      Value (Lit ("'\0'",Char)));
   Declare
     ("$76_61_6c_75_65_20_6f_66_20_63_20_69_6e_20_6d_61_69_6e_28_29_20_3d_20_25_64_a",
      Pointer (Char,Some 27));
   Assign
     (Index
        (Value
           (Var
              ("$76_61_6c_75_65_20_6f_66_20_63_20_69_6e_20_6d_61_69_6e_28_29_20_3d_20_25_64_a",
               Pointer (Char,Some 27))),Value (Lit ("0",Int))),
      Value (Lit ("'v'",Char)));
   Assign
     (Index
        (Value
           (Var
              ("$76_61_6c_75_65_20_6f_66_20_63_20_69_6e_20_6d_61_69_6e_28_29_20_3d_20_25_64_a",
               Pointer (Char,Some 27))),Value (Lit ("1",Int))),
      Value (Lit ("'a'",Char)));
   Assign
     (Index
        (Value
           (Var
              ("$76_61_6c_75_65_20_6f_66_20_63_20_69_6e_20_6d_61_69_6e_28_29_20_3d_20_25_64_a",
               Pointer (Char,Some 27))),Value (Lit ("2",Int))),
      Value (Lit ("'l'",Char)));
   Assign
     (Index
        (Value
           (Var
              ("$76_61_6c_75_65_20_6f_66_20_63_20_69_6e_20_6d_61_69_6e_28_29_20_3d_20_25_64_a",
               Pointer (Char,Some 27))),Value (Lit ("3",Int))),
      Value (Lit ("'u'",Char)));
   Assign
     (Index
        (Value
           (Var
              ("$76_61_6c_75_65_20_6f_66_20_63_20_69_6e_20_6d_61_69_6e_28_29_20_3d_20_25_64_a",
               Pointer (Char,Some 27))),Value (Lit ("4",Int))),
      Value (Lit ("'e'",Char)));
   Assign
     (Index
        (Value
           (Var
              ("$76_61_6c_75_65_20_6f_66_20_63_20_69_6e_20_6d_61_69_6e_28_29_20_3d_20_25_64_a",
               Pointer (Char,Some 27))),Value (Lit ("5",Int))),
      Value (Lit ("' '",Char)));
   Assign
     (Index
        (Value
           (Var
              ("$76_61_6c_75_65_20_6f_66_20_63_20_69_6e_20_6d_61_69_6e_28_29_20_3d_20_25_64_a",
               Pointer (Char,Some 27))),Value (Lit ("6",Int))),
      Value (Lit ("'o'",Char)));
   Assign
     (Index
        (Value
           (Var
              ("$76_61_6c_75_65_20_6f_66_20_63_20_69_6e_20_6d_61_69_6e_28_29_20_3d_20_25_64_a",
               Pointer (Char,Some 27))),Value (Lit ("7",Int))),
      Value (Lit ("'f'",Char)));
   Assign
     (Index
        (Value
           (Var
              ("$76_61_6c_75_65_20_6f_66_20_63_20_69_6e_20_6d_61_69_6e_28_29_20_3d_20_25_64_a",
               Pointer (Char,Some 27))),Value (Lit ("8",Int))),
      Value (Lit ("' '",Char)));
   Assign
     (Index
        (Value
           (Var
              ("$76_61_6c_75_65_20_6f_66_20_63_20_69_6e_20_6d_61_69_6e_28_29_20_3d_20_25_64_a",
               Pointer (Char,Some 27))),Value (Lit ("9",Int))),
      Value (Lit ("'c'",Char)));
   Assign
     (Index
        (Value
           (Var
              ("$76_61_6c_75_65_20_6f_66_20_63_20_69_6e_20_6d_61_69_6e_28_29_20_3d_20_25_64_a",
               Pointer (Char,Some 27))),Value (Lit ("10",Int))),
      Value (Lit ("' '",Char)));
   Assign
     (Index
        (Value
           (Var
              ("$76_61_6c_75_65_20_6f_66_20_63_20_69_6e_20_6d_61_69_6e_28_29_20_3d_20_25_64_a",
               Pointer (Char,Some 27))),Value (Lit ("11",Int))),
      Value (Lit ("'i'",Char)));
   Assign
     (Index
        (Value
           (Var
              ("$76_61_6c_75_65_20_6f_66_20_63_20_69_6e_20_6d_61_69_6e_28_29_20_3d_20_25_64_a",
               Pointer (Char,Some 27))),Value (Lit ("12",Int))),
      Value (Lit ("'n'",Char)));
   Assign
     (Index
        (Value
           (Var
              ("$76_61_6c_75_65_20_6f_66_20_63_20_69_6e_20_6d_61_69_6e_28_29_20_3d_20_25_64_a",
               Pointer (Char,Some 27))),Value (Lit ("13",Int))),
      Value (Lit ("' '",Char)));
   Assign
     (Index
        (Value
           (Var
              ("$76_61_6c_75_65_20_6f_66_20_63_20_69_6e_20_6d_61_69_6e_28_29_20_3d_20_25_64_a",
               Pointer (Char,Some 27))),Value (Lit ("14",Int))),
      Value (Lit ("'m'",Char)));
   Assign
     (Index
        (Value
           (Var
              ("$76_61_6c_75_65_20_6f_66_20_63_20_69_6e_20_6d_61_69_6e_28_29_20_3d_20_25_64_a",
               Pointer (Char,Some 27))),Value (Lit ("15",Int))),
      Value (Lit ("'a'",Char)));
   Assign
     (Index
        (Value
           (Var
              ("$76_61_6c_75_65_20_6f_66_20_63_20_69_6e_20_6d_61_69_6e_28_29_20_3d_20_25_64_a",
               Pointer (Char,Some 27))),Value (Lit ("16",Int))),
      Value (Lit ("'i'",Char))); ...]