GlobalParse
  [Declare
     ("$41_64_64_72_65_73_73_20_6f_66_20_76_61_72_20_76_61_72_69_61_62_6c_65_3a_20_25_78_a",
      Pointer (Char,Some 29));
   Assign
     (Index
        (Value
           (Var
              ("$41_64_64_72_65_73_73_20_6f_66_20_76_61_72_20_76_61_72_69_61_62_6c_65_3a_20_25_78_a",
               Pointer (Char,Some 29))),Value (Lit ("0",Int))),
      Value (Lit ("'A'",Char)));
   Assign
     (Index
        (Value
           (Var
              ("$41_64_64_72_65_73_73_20_6f_66_20_76_61_72_20_76_61_72_69_61_62_6c_65_3a_20_25_78_a",
               Pointer (Char,Some 29))),Value (Lit ("1",Int))),
      Value (Lit ("'d'",Char)));
   Assign
     (Index
        (Value
           (Var
              ("$41_64_64_72_65_73_73_20_6f_66_20_76_61_72_20_76_61_72_69_61_62_6c_65_3a_20_25_78_a",
               Pointer (Char,Some 29))),Value (Lit ("2",Int))),
      Value (Lit ("'d'",Char)));
   Assign
     (Index
        (Value
           (Var
              ("$41_64_64_72_65_73_73_20_6f_66_20_76_61_72_20_76_61_72_69_61_62_6c_65_3a_20_25_78_a",
               Pointer (Char,Some 29))),Value (Lit ("3",Int))),
      Value (Lit ("'r'",Char)));
   Assign
     (Index
        (Value
           (Var
              ("$41_64_64_72_65_73_73_20_6f_66_20_76_61_72_20_76_61_72_69_61_62_6c_65_3a_20_25_78_a",
               Pointer (Char,Some 29))),Value (Lit ("4",Int))),
      Value (Lit ("'e'",Char)));
   Assign
     (Index
        (Value
           (Var
              ("$41_64_64_72_65_73_73_20_6f_66_20_76_61_72_20_76_61_72_69_61_62_6c_65_3a_20_25_78_a",
               Pointer (Char,Some 29))),Value (Lit ("5",Int))),
      Value (Lit ("'s'",Char)));
   Assign
     (Index
        (Value
           (Var
              ("$41_64_64_72_65_73_73_20_6f_66_20_76_61_72_20_76_61_72_69_61_62_6c_65_3a_20_25_78_a",
               Pointer (Char,Some 29))),Value (Lit ("6",Int))),
      Value (Lit ("'s'",Char)));
   Assign
     (Index
        (Value
           (Var
              ("$41_64_64_72_65_73_73_20_6f_66_20_76_61_72_20_76_61_72_69_61_62_6c_65_3a_20_25_78_a",
               Pointer (Char,Some 29))),Value (Lit ("7",Int))),
      Value (Lit ("' '",Char)));
   Assign
     (Index
        (Value
           (Var
              ("$41_64_64_72_65_73_73_20_6f_66_20_76_61_72_20_76_61_72_69_61_62_6c_65_3a_20_25_78_a",
               Pointer (Char,Some 29))),Value (Lit ("8",Int))),
      Value (Lit ("'o'",Char)));
   Assign
     (Index
        (Value
           (Var
              ("$41_64_64_72_65_73_73_20_6f_66_20_76_61_72_20_76_61_72_69_61_62_6c_65_3a_20_25_78_a",
               Pointer (Char,Some 29))),Value (Lit ("9",Int))),
      Value (Lit ("'f'",Char)));
   Assign
     (Index
        (Value
           (Var
              ("$41_64_64_72_65_73_73_20_6f_66_20_76_61_72_20_76_61_72_69_61_62_6c_65_3a_20_25_78_a",
               Pointer (Char,Some 29))),Value (Lit ("10",Int))),
      Value (Lit ("' '",Char)));
   Assign
     (Index
        (Value
           (Var
              ("$41_64_64_72_65_73_73_20_6f_66_20_76_61_72_20_76_61_72_69_61_62_6c_65_3a_20_25_78_a",
               Pointer (Char,Some 29))),Value (Lit ("11",Int))),
      Value (Lit ("'v'",Char)));
   Assign
     (Index
        (Value
           (Var
              ("$41_64_64_72_65_73_73_20_6f_66_20_76_61_72_20_76_61_72_69_61_62_6c_65_3a_20_25_78_a",
               Pointer (Char,Some 29))),Value (Lit ("12",Int))),
      Value (Lit ("'a'",Char)));
   Assign
     (Index
        (Value
           (Var
              ("$41_64_64_72_65_73_73_20_6f_66_20_76_61_72_20_76_61_72_69_61_62_6c_65_3a_20_25_78_a",
               Pointer (Char,Some 29))),Value (Lit ("13",Int))),
      Value (Lit ("'r'",Char)));
   Assign
     (Index
        (Value
           (Var
              ("$41_64_64_72_65_73_73_20_6f_66_20_76_61_72_20_76_61_72_69_61_62_6c_65_3a_20_25_78_a",
               Pointer (Char,Some 29))),Value (Lit ("14",Int))),
      Value (Lit ("' '",Char)));
   Assign
     (Index
        (Value
           (Var
              ("$41_64_64_72_65_73_73_20_6f_66_20_76_61_72_20_76_61_72_69_61_62_6c_65_3a_20_25_78_a",
               Pointer (Char,Some 29))),Value (Lit ("15",Int))),
      Value (Lit ("'v'",Char)));
   Assign
     (Index
        (Value
           (Var
              ("$41_64_64_72_65_73_73_20_6f_66_20_76_61_72_20_76_61_72_69_61_62_6c_65_3a_20_25_78_a",
               Pointer (Char,Some 29))),Value (Lit ("16",Int))),
      Value (Lit ("'a'",Char)));
   Assign
     (Index
        (Value
           (Var
              ("$41_64_64_72_65_73_73_20_6f_66_20_76_61_72_20_76_61_72_69_61_62_6c_65_3a_20_25_78_a",
               Pointer (Char,Some 29))),Value (Lit ("17",Int))),
      Value (Lit ("'r'",Char)));
   Assign
     (Index
        (Value
           (Var
              ("$41_64_64_72_65_73_73_20_6f_66_20_76_61_72_20_76_61_72_69_61_62_6c_65_3a_20_25_78_a",
               Pointer (Char,Some 29))),Value (Lit ("18",Int))),
      Value (Lit ("'i'",Char)));
   Assign
     (Index
        (Value
           (Var
              ("$41_64_64_72_65_73_73_20_6f_66_20_76_61_72_20_76_61_72_69_61_62_6c_65_3a_20_25_78_a",
               Pointer (Char,Some 29))),Value (Lit ("19",Int))),
      Value (Lit ("'a'",Char)));
   Assign
     (Index
        (Value
           (Var
              ("$41_64_64_72_65_73_73_20_6f_66_20_76_61_72_20_76_61_72_69_61_62_6c_65_3a_20_25_78_a",
               Pointer (Char,Some 29))),Value (Lit ("20",Int))),
      Value (Lit ("'b'",Char)));
   Assign
     (Index
        (Value
           (Var
              ("$41_64_64_72_65_73_73_20_6f_66_20_76_61_72_20_76_61_72_69_61_62_6c_65_3a_20_25_78_a",
               Pointer (Char,Some 29))),Value (Lit ("21",Int))),
      Value (Lit ("'l'",Char)));
   Assign
     (Index
        (Value
           (Var
              ("$41_64_64_72_65_73_73_20_6f_66_20_76_61_72_20_76_61_72_69_61_62_6c_65_3a_20_25_78_a",
               Pointer (Char,Some 29))),Value (Lit ("22",Int))),
      Value (Lit ("'e'",Char)));
   Assign
     (Index
        (Value
           (Var
              ("$41_64_64_72_65_73_73_20_6f_66_20_76_61_72_20_76_61_72_69_61_62_6c_65_3a_20_25_78_a",
               Pointer (Char,Some 29))),Value (Lit ("23",Int))),
      Value (Lit ("':'",Char)));
   Assign
     (Index
        (Value
           (Var
              ("$41_64_64_72_65_73_73_20_6f_66_20_76_61_72_20_76_61_72_69_61_62_6c_65_3a_20_25_78_a",
               Pointer (Char,Some 29))),Value (Lit ("24",Int))),
      Value (Lit ("' '",Char)));
   Assign
     (Index
        (Value
           (Var
              ("$41_64_64_72_65_73_73_20_6f_66_20_76_61_72_20_76_61_72_69_61_62_6c_65_3a_20_25_78_a",
               Pointer (Char,Some 29))),Value (Lit ("25",Int))),
      Value (Lit ("'%'",Char)));
   Assign
     (Index
        (Value
           (Var
              ("$41_64_64_72_65_73_73_20_6f_66_20_76_61_72_20_76_61_72_69_61_62_6c_65_3a_20_25_78_a",
               Pointer (Char,Some 29))),Value (Lit ("26",Int))),
      Value (Lit ("'x'",Char)));
   Assign
     (Index
        (Value
           (Var
              ("$41_64_64_72_65_73_73_20_6f_66_20_76_61_72_20_76_61_72_69_61_62_6c_65_3a_20_25_78_a",
               Pointer (Char,Some 29))),Value (Lit ("27",Int))),
      Value (Lit ("'
'",Char)));
   Assign
     (Index
        (Value
           (Var
              ("$41_64_64_72_65_73_73_20_6f_66_20_76_61_72_20_76_61_72_69_61_62_6c_65_3a_20_25_78_a",
               Pointer (Char,Some 29))),Value (Lit ("28",Int))),
      Value (Lit ("'\0'",Char)));
   Declare
     ("$41_64_64_72_65_73_73_20_73_74_6f_72_65_64_20_69_6e_20_69_70_20_76_61_72_69_61_62_6c_65_3a_20_25_78_a",
      Pointer (Char,Some 35));
   Assign
     (Index
        (Value
           (Var
              ("$41_64_64_72_65_73_73_20_73_74_6f_72_65_64_20_69_6e_20_69_70_20_76_61_72_69_61_62_6c_65_3a_20_25_78_a",
               Pointer (Char,Some 35))),Value (Lit ("0",Int))),
      Value (Lit ("'A'",Char)));
   Assign
     (Index
        (Value
           (Var
              ("$41_64_64_72_65_73_73_20_73_74_6f_72_65_64_20_69_6e_20_69_70_20_76_61_72_69_61_62_6c_65_3a_20_25_78_a",
               Pointer (Char,Some 35))),Value (Lit ("1",Int))),
      Value (Lit ("'d'",Char)));
   Assign
     (Index
        (Value
           (Var
              ("$41_64_64_72_65_73_73_20_73_74_6f_72_65_64_20_69_6e_20_69_70_20_76_61_72_69_61_62_6c_65_3a_20_25_78_a",
               Pointer (Char,Some 35))),Value (Lit ("2",Int))),
      Value (Lit ("'d'",Char)));
   Assign
     (Index
        (Value
           (Var
              ("$41_64_64_72_65_73_73_20_73_74_6f_72_65_64_20_69_6e_20_69_70_20_76_61_72_69_61_62_6c_65_3a_20_25_78_a",
               Pointer (Char,Some 35))),Value (Lit ("3",Int))),
      Value (Lit ("'r'",Char)));
   Assign
     (Index
        (Value
           (Var
              ("$41_64_64_72_65_73_73_20_73_74_6f_72_65_64_20_69_6e_20_69_70_20_76_61_72_69_61_62_6c_65_3a_20_25_78_a",
               Pointer (Char,Some 35))),Value (Lit ("4",Int))),
      Value (Lit ("'e'",Char)));
   Assign
     (Index
        (Value
           (Var
              ("$41_64_64_72_65_73_73_20_73_74_6f_72_65_64_20_69_6e_20_69_70_20_76_61_72_69_61_62_6c_65_3a_20_25_78_a",
               Pointer (Char,Some 35))),Value (Lit ("5",Int))),
      Value (Lit ("'s'",Char)));
   Assign
     (Index
        (Value
           (Var
              ("$41_64_64_72_65_73_73_20_73_74_6f_72_65_64_20_69_6e_20_69_70_20_76_61_72_69_61_62_6c_65_3a_20_25_78_a",
               Pointer (Char,Some 35))),Value (Lit ("6",Int))),
      Value (Lit ("'s'",Char)));
   Assign
     (Index
        (Value
           (Var
              ("$41_64_64_72_65_73_73_20_73_74_6f_72_65_64_20_69_6e_20_69_70_20_76_61_72_69_61_62_6c_65_3a_20_25_78_a",
               Pointer (Char,Some 35))),Value (Lit ("7",Int))),
      Value (Lit ("' '",Char)));
   Assign
     (Index
        (Value
           (Var
              ("$41_64_64_72_65_73_73_20_73_74_6f_72_65_64_20_69_6e_20_69_70_20_76_61_72_69_61_62_6c_65_3a_20_25_78_a",
               Pointer (Char,Some 35))),Value (Lit ("8",Int))),
      Value (Lit ("'s'",Char)));
   Assign
     (Index
        (Value
           (Var
              ("$41_64_64_72_65_73_73_20_73_74_6f_72_65_64_20_69_6e_20_69_70_20_76_61_72_69_61_62_6c_65_3a_20_25_78_a",
               Pointer (Char,Some 35))),Value (Lit ("9",Int))),
      Value (Lit ("'t'",Char)));
   Assign
     (Index
        (Value
           (Var
              ("$41_64_64_72_65_73_73_20_73_74_6f_72_65_64_20_69_6e_20_69_70_20_76_61_72_69_61_62_6c_65_3a_20_25_78_a",
               Pointer (Char,Some 35))),Value (Lit ("10",Int))),
      Value (Lit ("'o'",Char)));
   Assign
     (Index
        (Value
           (Var
              ("$41_64_64_72_65_73_73_20_73_74_6f_72_65_64_20_69_6e_20_69_70_20_76_61_72_69_61_62_6c_65_3a_20_25_78_a",
               Pointer (Char,Some 35))),Value (Lit ("11",Int))),
      Value (Lit ("'r'",Char)));
   Assign
     (Index
        (Value
           (Var
              ("$41_64_64_72_65_73_73_20_73_74_6f_72_65_64_20_69_6e_20_69_70_20_76_61_72_69_61_62_6c_65_3a_20_25_78_a",
               Pointer (Char,Some 35))),Value (Lit ("12",Int))),
      Value (Lit ("'e'",Char)));
   Assign
     (Index
        (Value
           (Var
              ("$41_64_64_72_65_73_73_20_73_74_6f_72_65_64_20_69_6e_20_69_70_20_76_61_72_69_61_62_6c_65_3a_20_25_78_a",
               Pointer (Char,Some 35))),Value (Lit ("13",Int))),
      Value (Lit ("'d'",Char)));
   Assign
     (Index
        (Value
           (Var
              ("$41_64_64_72_65_73_73_20_73_74_6f_72_65_64_20_69_6e_20_69_70_20_76_61_72_69_61_62_6c_65_3a_20_25_78_a",
               Pointer (Char,Some 35))),Value (Lit ("14",Int))),
      Value (Lit ("' '",Char)));
   Assign
     (Index
        (Value
           (Var
              ("$41_64_64_72_65_73_73_20_73_74_6f_72_65_64_20_69_6e_20_69_70_20_76_61_72_69_61_62_6c_65_3a_20_25_78_a",
               Pointer (Char,Some 35))),Value (Lit ("15",Int))),
      Value (Lit ("'i'",Char)));
   Assign
     (Index
        (Value
           (Var
              ("$41_64_64_72_65_73_73_20_73_74_6f_72_65_64_20_69_6e_20_69_70_20_76_61_72_69_61_62_6c_65_3a_20_25_78_a",
               Pointer (Char,Some 35))),Value (Lit ("16",Int))),
      Value (Lit ("'n'",Char)));
   Assign
     (Index
        (Value
           (Var
              ("$41_64_64_72_65_73_73_20_73_74_6f_72_65_64_20_69_6e_20_69_70_20_76_61_72_69_61_62_6c_65_3a_20_25_78_a",
               Pointer (Char,Some 35))),Value (Lit ("17",Int))),
      Value (Lit ("' '",Char)));
   Assign
     (Index
        (Value
           (Var
              ("$41_64_64_72_65_73_73_20_73_74_6f_72_65_64_20_69_6e_20_69_70_20_76_61_72_69_61_62_6c_65_3a_20_25_78_a",
               Pointer (Char,Some 35))),Value (Lit ("18",Int))),
      Value (Lit ("'i'",Char)));
   Assign
     (Index
        (Value
           (Var
              ("$41_64_64_72_65_73_73_20_73_74_6f_72_65_64_20_69_6e_20_69_70_20_76_61_72_69_61_62_6c_65_3a_20_25_78_a",
               Pointer (Char,Some 35))),Value (Lit ("19",Int))),
      Value (Lit ("'p'",Char)));
   Assign
     (Index
        (Value
           (Var
              ("$41_64_64_72_65_73_73_20_73_74_6f_72_65_64_20_69_6e_20_69_70_20_76_61_72_69_61_62_6c_65_3a_20_25_78_a",
               Pointer (Char,Some 35))),Value (Lit ("20",Int))),
      Value (Lit ("' '",Char)));
   Assign
     (Index
        (Value
           (Var
              ("$41_64_64_72_65_73_73_20_73_74_6f_72_65_64_20_69_6e_20_69_70_20_76_61_72_69_61_62_6c_65_3a_20_25_78_a",
               Pointer (Char,Some 35))),Value (Lit ("21",Int))),
      Value (Lit ("'v'",Char)));
   Assign
     (Index
        (Value
           (Var
              ("$41_64_64_72_65_73_73_20_73_74_6f_72_65_64_20_69_6e_20_69_70_20_76_61_72_69_61_62_6c_65_3a_20_25_78_a",
               Pointer (Char,Some 35))),Value (Lit ("22",Int))),
      Value (Lit ("'a'",Char)));
   Assign
     (Index
        (Value
           (Var
              ("$41_64_64_72_65_73_73_20_73_74_6f_72_65_64_20_69_6e_20_69_70_20_76_61_72_69_61_62_6c_65_3a_20_25_78_a",
               Pointer (Char,Some 35))),Value (Lit ("23",Int))),
      Value (Lit ("'r'",Char)));
   Assign
     (Index
        (Value
           (Var
              ("$41_64_64_72_65_73_73_20_73_74_6f_72_65_64_20_69_6e_20_69_70_20_76_61_72_69_61_62_6c_65_3a_20_25_78_a",
               Pointer (Char,Some 35))),Value (Lit ("24",Int))),
      Value (Lit ("'i'",Char)));
   Assign
     (Index
        (Value
           (Var
              ("$41_64_64_72_65_73_73_20_73_74_6f_72_65_64_20_69_6e_20_69_70_20_76_61_72_69_61_62_6c_65_3a_20_25_78_a",
               Pointer (Char,Some 35))),Value (Lit ("25",Int))),
      Value (Lit ("'a'",Char)));
   Assign
     (Index
        (Value
           (Var
              ("$41_64_64_72_65_73_73_20_73_74_6f_72_65_64_20_69_6e_20_69_70_20_76_61_72_69_61_62_6c_65_3a_20_25_78_a",
               Pointer (Char,Some 35))),Value (Lit ("26",Int))),
      Value (Lit ("'b'",Char)));
   Assign
     (Index
        (Value
           (Var
              ("$41_64_64_72_65_73_73_20_73_74_6f_72_65_64_20_69_6e_20_69_70_20_76_61_72_69_61_62_6c_65_3a_20_25_78_a",
               Pointer (Char,Some 35))),Value (Lit ("27",Int))),
      Value (Lit ("'l'",Char)));
   Assign
     (Index
        (Value
           (Var
              ("$41_64_64_72_65_73_73_20_73_74_6f_72_65_64_20_69_6e_20_69_70_20_76_61_72_69_61_62_6c_65_3a_20_25_78_a",
               Pointer (Char,Some 35))),Value (Lit ("28",Int))),
      Value (Lit ("'e'",Char)));
   Assign
     (Index
        (Value
           (Var
              ("$41_64_64_72_65_73_73_20_73_74_6f_72_65_64_20_69_6e_20_69_70_20_76_61_72_69_61_62_6c_65_3a_20_25_78_a",
               Pointer (Char,Some 35))),Value (Lit ("29",Int))),
      Value (Lit ("':'",Char)));
   Assign
     (Index
        (Value
           (Var
              ("$41_64_64_72_65_73_73_20_73_74_6f_72_65_64_20_69_6e_20_69_70_20_76_61_72_69_61_62_6c_65_3a_20_25_78_a",
               Pointer (Char,Some 35))),Value (Lit ("30",Int))),
      Value (Lit ("' '",Char)));
   Assign
     (Index
        (Value
           (Var
              ("$41_64_64_72_65_73_73_20_73_74_6f_72_65_64_20_69_6e_20_69_70_20_76_61_72_69_61_62_6c_65_3a_20_25_78_a",
               Pointer (Char,Some 35))),Value (Lit ("31",Int))),
      Value (Lit ("'%'",Char)));
   Assign
     (Index
        (Value
           (Var
              ("$41_64_64_72_65_73_73_20_73_74_6f_72_65_64_20_69_6e_20_69_70_20_76_61_72_69_61_62_6c_65_3a_20_25_78_a",
               Pointer (Char,Some 35))),Value (Lit ("32",Int))),
      Value (Lit ("'x'",Char)));
   Assign
     (Index
        (Value
           (Var
              ("$41_64_64_72_65_73_73_20_73_74_6f_72_65_64_20_69_6e_20_69_70_20_76_61_72_69_61_62_6c_65_3a_20_25_78_a",
               Pointer (Char,Some 35))),Value (Lit ("33",Int))),
      Value (Lit ("'
'",Char)));
   Assign
     (Index
        (Value
           (Var
              ("$41_64_64_72_65_73_73_20_73_74_6f_72_65_64_20_69_6e_20_69_70_20_76_61_72_69_61_62_6c_65_3a_20_25_78_a",
               Pointer (Char,Some 35))),Value (Lit ("34",Int))),
      Value (Lit ("'\0'",Char)));
   Declare
     ("$56_61_6c_75_65_20_6f_66_20_2a_69_70_20_76_61_72_69_61_62_6c_65_3a_20_25_64_a",
      Pointer (Char,Some 27));
   Assign
     (Index
        (Value
           (Var
              ("$56_61_6c_75_65_20_6f_66_20_2a_69_70_20_76_61_72_69_61_62_6c_65_3a_20_25_64_a",
               Pointer (Char,Some 27))),Value (Lit ("0",Int))),
      Value (Lit ("'V'",Char)));
   Assign
     (Index
        (Value
           (Var
              ("$56_61_6c_75_65_20_6f_66_20_2a_69_70_20_76_61_72_69_61_62_6c_65_3a_20_25_64_a",
               Pointer (Char,Some 27))),Value (Lit ("1",Int))),
      Value (Lit ("'a'",Char)));
   Assign
     (Index
        (Value
           (Var
              ("$56_61_6c_75_65_20_6f_66_20_2a_69_70_20_76_61_72_69_61_62_6c_65_3a_20_25_64_a",
               Pointer (Char,Some 27))),Value (Lit ("2",Int))),
      Value (Lit ("'l'",Char)));
   Assign
     (Index
        (Value
           (Var
              ("$56_61_6c_75_65_20_6f_66_20_2a_69_70_20_76_61_72_69_61_62_6c_65_3a_20_25_64_a",
               Pointer (Char,Some 27))),Value (Lit ("3",Int))),
      Value (Lit ("'u'",Char)));
   Assign
     (Index
        (Value
           (Var
              ("$56_61_6c_75_65_20_6f_66_20_2a_69_70_20_76_61_72_69_61_62_6c_65_3a_20_25_64_a",
               Pointer (Char,Some 27))),Value (Lit ("4",Int))),
      Value (Lit ("'e'",Char)));
   Assign
     (Index
        (Value
           (Var
              ("$56_61_6c_75_65_20_6f_66_20_2a_69_70_20_76_61_72_69_61_62_6c_65_3a_20_25_64_a",
               Pointer (Char,Some 27))),Value (Lit ("5",Int))),
      Value (Lit ("' '",Char)));
   Assign
     (Index
        (Value
           (Var
              ("$56_61_6c_75_65_20_6f_66_20_2a_69_70_20_76_61_72_69_61_62_6c_65_3a_20_25_64_a",
               Pointer (Char,Some 27))),Value (Lit ("6",Int))),
      Value (Lit ("'o'",Char)));
   Assign
     (Index
        (Value
           (Var
              ("$56_61_6c_75_65_20_6f_66_20_2a_69_70_20_76_61_72_69_61_62_6c_65_3a_20_25_64_a",
               Pointer (Char,Some 27))),Value (Lit ("7",Int))),
      Value (Lit ("'f'",Char)));
   Assign
     (Index
        (Value
           (Var
              ("$56_61_6c_75_65_20_6f_66_20_2a_69_70_20_76_61_72_69_61_62_6c_65_3a_20_25_64_a",
               Pointer (Char,Some 27))),Value (Lit ("8",Int))),
      Value (Lit ("' '",Char)));
   Assign
     (Index
        (Value
           (Var
              ("$56_61_6c_75_65_20_6f_66_20_2a_69_70_20_76_61_72_69_61_62_6c_65_3a_20_25_64_a",
               Pointer (Char,Some 27))),Value (Lit ("9",Int))),
      Value (Lit ("'*'",Char)));
   Assign
     (Index
        (Value
           (Var
              ("$56_61_6c_75_65_20_6f_66_20_2a_69_70_20_76_61_72_69_61_62_6c_65_3a_20_25_64_a",
               Pointer (Char,Some 27))),Value (Lit ("10",Int))),
      Value (Lit ("'i'",Char)));
   Assign
     (Index
        (Value
           (Var
              ("$56_61_6c_75_65_20_6f_66_20_2a_69_70_20_76_61_72_69_61_62_6c_65_3a_20_25_64_a",
               Pointer (Char,Some 27))),Value (Lit ("11",Int))),
      Value (Lit ("'p'",Char)));
   Assign
     (Index
        (Value
           (Var
              ("$56_61_6c_75_65_20_6f_66_20_2a_69_70_20_76_61_72_69_61_62_6c_65_3a_20_25_64_a",
               Pointer (Char,Some 27))),Value (Lit ("12",Int))),
      Value (Lit ("' '",Char)));
   Assign
     (Index
        (Value
           (Var
              ("$56_61_6c_75_65_20_6f_66_20_2a_69_70_20_76_61_72_69_61_62_6c_65_3a_20_25_64_a",
               Pointer (Char,Some 27))),Value (Lit ("13",Int))),
      Value (Lit ("'v'",Char)));
   Assign
     (Index
        (Value
           (Var
              ("$56_61_6c_75_65_20_6f_66_20_2a_69_70_20_76_61_72_69_61_62_6c_65_3a_20_25_64_a",
               Pointer (Char,Some 27))),Value (Lit ("14",Int))),
      Value (Lit ("'a'",Char)));
   Assign
     (Index
        (Value
           (Var
              ("$56_61_6c_75_65_20_6f_66_20_2a_69_70_20_76_61_72_69_61_62_6c_65_3a_20_25_64_a",
               Pointer (Char,Some 27))),Value (Lit ("15",Int))),
      Value (Lit ("'r'",Char)));
   Assign
     (Index
        (Value
           (Var
              ("$56_61_6c_75_65_20_6f_66_20_2a_69_70_20_76_61_72_69_61_62_6c_65_3a_20_25_64_a",
               Pointer (Char,Some 27))),Value (Lit ("16",Int))),
      Value (Lit ("'i'",Char)));
   Assign
     (Index
        (Value
           (Var
              ("$56_61_6c_75_65_20_6f_66_20_2a_69_70_20_76_61_72_69_61_62_6c_65_3a_20_25_64_a",
               Pointer (Char,Some 27))),Value (Lit ("17",Int))),
      Value (Lit ("'a'",Char)));
   Assign
     (Index
        (Value
           (Var
              ("$56_61_6c_75_65_20_6f_66_20_2a_69_70_20_76_61_72_69_61_62_6c_65_3a_20_25_64_a",
               Pointer (Char,Some 27))),Value (Lit ("18",Int))),
      Value (Lit ("'b'",Char)));
   Assign
     (Index
        (Value
           (Var
              ("$56_61_6c_75_65_20_6f_66_20_2a_69_70_20_76_61_72_69_61_62_6c_65_3a_20_25_64_a",
               Pointer (Char,Some 27))),Value (Lit ("19",Int))),
      Value (Lit ("'l'",Char)));
   Assign
     (Index
        (Value
           (Var
              ("$56_61_6c_75_65_20_6f_66_20_2a_69_70_20_76_61_72_69_61_62_6c_65_3a_20_25_64_a",
               Pointer (Char,Some 27))),Value (Lit ("20",Int))),
      Value (Lit ("'e'",Char)));
   Assign
     (Index
        (Value
           (Var
              ("$56_61_6c_75_65_20_6f_66_20_2a_69_70_20_76_61_72_69_61_62_6c_65_3a_20_25_64_a",
               Pointer (Char,Some 27))),Value (Lit ("21",Int))),
      Value (Lit ("':'",Char)));
   Assign
     (Index
        (Value
           (Var
              ("$56_61_6c_75_65_20_6f_66_20_2a_69_70_20_76_61_72_69_61_62_6c_65_3a_20_25_64_a",
               Pointer (Char,Some 27))),Value (Lit ("22",Int))),
      Value (Lit ("' '",Char)));
   Assign
     (Index
        (Value
           (Var
              ("$56_61_6c_75_65_20_6f_66_20_2a_69_70_20_76_61_72_69_61_62_6c_65_3a_20_25_64_a",
               Pointer (Char,Some 27))),Value (Lit ("23",Int))),
      Value (Lit ("'%'",Char)));
   Assign
     (Index
        (Value
           (Var
              ("$56_61_6c_75_65_20_6f_66_20_2a_69_70_20_76_61_72_69_61_62_6c_65_3a_20_25_64_a",
               Pointer (Char,Some 27))),Value (Lit ("24",Int))),
      Value (Lit ("'d'",Char)));
   Assign
     (Index
        (Value
           (Var
              ("$56_61_6c_75_65_20_6f_66_20_2a_69_70_20_76_61_72_69_61_62_6c_65_3a_20_25_64_a",
               Pointer (Char,Some 27))),Value (Lit ("25",Int))),
      Value (Lit ("'
'",Char)));
   Assign
     (Index
        (Value
           (Var
              ("$56_61_6c_75_65_20_6f_66_20_2a_69_70_20_76_61_72_69_61_62_6c_65_3a_20_25_64_a",
               Pointer (Char,Some 27))),Value (Lit ("26",Int))),
      Value (Lit ("'\0'",Char))); Declare ("main",Function ([Unknown []],Int));
   Assign
     (Value (Var ("main",Function ([Unknown []],Int))),
      Function
        ([(".", Unknown [])],
         Block
           [Declare ("var",Int);
            Assign (Value (Var ("var",Int)),Value (Lit ("20",Int)));
            Declare ("ip",Pointer (Int,Some 4));
            Assign
              (Value (Var ("ip",Pointer (Int,Some 4))),
               Apply
                 (Value (Var ("\cast",Pointer (Int,Some 4))),
                  [Apply
                     (Value
                        (Var ("&prefix",Function ([Int],Pointer (Int,None)))),
                      [Value (Var ("var",Int))])]));
            Apply
              (Value (Var ("printf",Function ([Unknown []],Void))),
               [Value
                  (Var
                     ("$41_64_64_72_65_73_73_20_6f_66_20_76_61_72_20_76_61_72_69_61_62_6c_65_3a_20_25_78_a",
                      Pointer (Char,Some 29)));
                Apply
                  (Value (Var ("&prefix",Function ([Int],Pointer (Int,None)))),
                   [Value (Var ("var",Int))])]);
            Apply
              (Value (Var ("printf",Function ([Unknown []],Void))),
               [Value
                  (Var
                     ("$41_64_64_72_65_73_73_20_73_74_6f_72_65_64_20_69_6e_20_69_70_20_76_61_72_69_61_62_6c_65_3a_20_25_78_a",
                      Pointer (Char,Some 35)));
                Value (Var ("ip",Pointer (Int,Some 4)))]);
            Apply
              (Value (Var ("printf",Function ([Unknown []],Void))),
               [Value
                  (Var
                     ("$56_61_6c_75_65_20_6f_66_20_2a_69_70_20_76_61_72_69_61_62_6c_65_3a_20_25_64_a",
                      Pointer (Char,Some 27)));
                Apply
                  (Value (Var ("*prefix",Function ([Pointer (Int,None)],Int))),
                   [Value (Var ("ip",Pointer (Int,Some 4)))])]);
            Return (Value (Lit ("0",Int)))]))]