GlobalParse
  [Declare
     ("$54_68_65_20_76_61_6c_75_65_20_6f_66_20_70_74_72_20_69_73_20_3a_20_25_78_a",
      Pointer (Char,Some 26));
   Assign
     (Index
        (Value
           (Var
              ("$54_68_65_20_76_61_6c_75_65_20_6f_66_20_70_74_72_20_69_73_20_3a_20_25_78_a",
               Pointer (Char,Some 26))),Value (Lit ("0",Int))),
      Value (Lit ("'T'",Char)));
   Assign
     (Index
        (Value
           (Var
              ("$54_68_65_20_76_61_6c_75_65_20_6f_66_20_70_74_72_20_69_73_20_3a_20_25_78_a",
               Pointer (Char,Some 26))),Value (Lit ("1",Int))),
      Value (Lit ("'h'",Char)));
   Assign
     (Index
        (Value
           (Var
              ("$54_68_65_20_76_61_6c_75_65_20_6f_66_20_70_74_72_20_69_73_20_3a_20_25_78_a",
               Pointer (Char,Some 26))),Value (Lit ("2",Int))),
      Value (Lit ("'e'",Char)));
   Assign
     (Index
        (Value
           (Var
              ("$54_68_65_20_76_61_6c_75_65_20_6f_66_20_70_74_72_20_69_73_20_3a_20_25_78_a",
               Pointer (Char,Some 26))),Value (Lit ("3",Int))),
      Value (Lit ("' '",Char)));
   Assign
     (Index
        (Value
           (Var
              ("$54_68_65_20_76_61_6c_75_65_20_6f_66_20_70_74_72_20_69_73_20_3a_20_25_78_a",
               Pointer (Char,Some 26))),Value (Lit ("4",Int))),
      Value (Lit ("'v'",Char)));
   Assign
     (Index
        (Value
           (Var
              ("$54_68_65_20_76_61_6c_75_65_20_6f_66_20_70_74_72_20_69_73_20_3a_20_25_78_a",
               Pointer (Char,Some 26))),Value (Lit ("5",Int))),
      Value (Lit ("'a'",Char)));
   Assign
     (Index
        (Value
           (Var
              ("$54_68_65_20_76_61_6c_75_65_20_6f_66_20_70_74_72_20_69_73_20_3a_20_25_78_a",
               Pointer (Char,Some 26))),Value (Lit ("6",Int))),
      Value (Lit ("'l'",Char)));
   Assign
     (Index
        (Value
           (Var
              ("$54_68_65_20_76_61_6c_75_65_20_6f_66_20_70_74_72_20_69_73_20_3a_20_25_78_a",
               Pointer (Char,Some 26))),Value (Lit ("7",Int))),
      Value (Lit ("'u'",Char)));
   Assign
     (Index
        (Value
           (Var
              ("$54_68_65_20_76_61_6c_75_65_20_6f_66_20_70_74_72_20_69_73_20_3a_20_25_78_a",
               Pointer (Char,Some 26))),Value (Lit ("8",Int))),
      Value (Lit ("'e'",Char)));
   Assign
     (Index
        (Value
           (Var
              ("$54_68_65_20_76_61_6c_75_65_20_6f_66_20_70_74_72_20_69_73_20_3a_20_25_78_a",
               Pointer (Char,Some 26))),Value (Lit ("9",Int))),
      Value (Lit ("' '",Char)));
   Assign
     (Index
        (Value
           (Var
              ("$54_68_65_20_76_61_6c_75_65_20_6f_66_20_70_74_72_20_69_73_20_3a_20_25_78_a",
               Pointer (Char,Some 26))),Value (Lit ("10",Int))),
      Value (Lit ("'o'",Char)));
   Assign
     (Index
        (Value
           (Var
              ("$54_68_65_20_76_61_6c_75_65_20_6f_66_20_70_74_72_20_69_73_20_3a_20_25_78_a",
               Pointer (Char,Some 26))),Value (Lit ("11",Int))),
      Value (Lit ("'f'",Char)));
   Assign
     (Index
        (Value
           (Var
              ("$54_68_65_20_76_61_6c_75_65_20_6f_66_20_70_74_72_20_69_73_20_3a_20_25_78_a",
               Pointer (Char,Some 26))),Value (Lit ("12",Int))),
      Value (Lit ("' '",Char)));
   Assign
     (Index
        (Value
           (Var
              ("$54_68_65_20_76_61_6c_75_65_20_6f_66_20_70_74_72_20_69_73_20_3a_20_25_78_a",
               Pointer (Char,Some 26))),Value (Lit ("13",Int))),
      Value (Lit ("'p'",Char)));
   Assign
     (Index
        (Value
           (Var
              ("$54_68_65_20_76_61_6c_75_65_20_6f_66_20_70_74_72_20_69_73_20_3a_20_25_78_a",
               Pointer (Char,Some 26))),Value (Lit ("14",Int))),
      Value (Lit ("'t'",Char)));
   Assign
     (Index
        (Value
           (Var
              ("$54_68_65_20_76_61_6c_75_65_20_6f_66_20_70_74_72_20_69_73_20_3a_20_25_78_a",
               Pointer (Char,Some 26))),Value (Lit ("15",Int))),
      Value (Lit ("'r'",Char)));
   Assign
     (Index
        (Value
           (Var
              ("$54_68_65_20_76_61_6c_75_65_20_6f_66_20_70_74_72_20_69_73_20_3a_20_25_78_a",
               Pointer (Char,Some 26))),Value (Lit ("16",Int))),
      Value (Lit ("' '",Char)));
   Assign
     (Index
        (Value
           (Var
              ("$54_68_65_20_76_61_6c_75_65_20_6f_66_20_70_74_72_20_69_73_20_3a_20_25_78_a",
               Pointer (Char,Some 26))),Value (Lit ("17",Int))),
      Value (Lit ("'i'",Char)));
   Assign
     (Index
        (Value
           (Var
              ("$54_68_65_20_76_61_6c_75_65_20_6f_66_20_70_74_72_20_69_73_20_3a_20_25_78_a",
               Pointer (Char,Some 26))),Value (Lit ("18",Int))),
      Value (Lit ("'s'",Char)));
   Assign
     (Index
        (Value
           (Var
              ("$54_68_65_20_76_61_6c_75_65_20_6f_66_20_70_74_72_20_69_73_20_3a_20_25_78_a",
               Pointer (Char,Some 26))),Value (Lit ("19",Int))),
      Value (Lit ("' '",Char)));
   Assign
     (Index
        (Value
           (Var
              ("$54_68_65_20_76_61_6c_75_65_20_6f_66_20_70_74_72_20_69_73_20_3a_20_25_78_a",
               Pointer (Char,Some 26))),Value (Lit ("20",Int))),
      Value (Lit ("':'",Char)));
   Assign
     (Index
        (Value
           (Var
              ("$54_68_65_20_76_61_6c_75_65_20_6f_66_20_70_74_72_20_69_73_20_3a_20_25_78_a",
               Pointer (Char,Some 26))),Value (Lit ("21",Int))),
      Value (Lit ("' '",Char)));
   Assign
     (Index
        (Value
           (Var
              ("$54_68_65_20_76_61_6c_75_65_20_6f_66_20_70_74_72_20_69_73_20_3a_20_25_78_a",
               Pointer (Char,Some 26))),Value (Lit ("22",Int))),
      Value (Lit ("'%'",Char)));
   Assign
     (Index
        (Value
           (Var
              ("$54_68_65_20_76_61_6c_75_65_20_6f_66_20_70_74_72_20_69_73_20_3a_20_25_78_a",
               Pointer (Char,Some 26))),Value (Lit ("23",Int))),
      Value (Lit ("'x'",Char)));
   Assign
     (Index
        (Value
           (Var
              ("$54_68_65_20_76_61_6c_75_65_20_6f_66_20_70_74_72_20_69_73_20_3a_20_25_78_a",
               Pointer (Char,Some 26))),Value (Lit ("24",Int))),
      Value (Lit ("'
'",Char)));
   Assign
     (Index
        (Value
           (Var
              ("$54_68_65_20_76_61_6c_75_65_20_6f_66_20_70_74_72_20_69_73_20_3a_20_25_78_a",
               Pointer (Char,Some 26))),Value (Lit ("25",Int))),
      Value (Lit ("'\0'",Char))); Declare ("main",Function ([Unknown []],Int));
   Assign
     (Value (Var ("main",Function ([Unknown []],Int))),
      Function
        ([(".", Unknown [])],
         Block
           [Declare ("ptr",Pointer (Int,Some 4));
            Assign
              (Value (Var ("ptr",Pointer (Int,Some 4))),
               Apply
                 (Value (Var ("\cast",Pointer (Int,Some 4))),
                  [Value (Lit ("0",Pointer (Void,Some 0)))]));
            Apply
              (Value (Var ("printf",Function ([Unknown []],Void))),
               [Value
                  (Var
                     ("$54_68_65_20_76_61_6c_75_65_20_6f_66_20_70_74_72_20_69_73_20_3a_20_25_78_a",
                      Pointer (Char,Some 26)));
                Value (Var ("ptr",Pointer (Int,Some 4)))]);
            Return (Value (Lit ("0",Int)))]))]