GlobalParse
  [Declare
     ("$47_72_65_65_74_69_6e_67_20_6d_65_73_73_61_67_65_3a_20_25_73_a",
      Pointer (Char,Some 22));
   Assign
     (Index
        (Value
           (Var
              ("$47_72_65_65_74_69_6e_67_20_6d_65_73_73_61_67_65_3a_20_25_73_a",
               Pointer (Char,Some 22))),Value (Lit ("0",Int))),
      Value (Lit ("'G'",Char)));
   Assign
     (Index
        (Value
           (Var
              ("$47_72_65_65_74_69_6e_67_20_6d_65_73_73_61_67_65_3a_20_25_73_a",
               Pointer (Char,Some 22))),Value (Lit ("1",Int))),
      Value (Lit ("'r'",Char)));
   Assign
     (Index
        (Value
           (Var
              ("$47_72_65_65_74_69_6e_67_20_6d_65_73_73_61_67_65_3a_20_25_73_a",
               Pointer (Char,Some 22))),Value (Lit ("2",Int))),
      Value (Lit ("'e'",Char)));
   Assign
     (Index
        (Value
           (Var
              ("$47_72_65_65_74_69_6e_67_20_6d_65_73_73_61_67_65_3a_20_25_73_a",
               Pointer (Char,Some 22))),Value (Lit ("3",Int))),
      Value (Lit ("'e'",Char)));
   Assign
     (Index
        (Value
           (Var
              ("$47_72_65_65_74_69_6e_67_20_6d_65_73_73_61_67_65_3a_20_25_73_a",
               Pointer (Char,Some 22))),Value (Lit ("4",Int))),
      Value (Lit ("'t'",Char)));
   Assign
     (Index
        (Value
           (Var
              ("$47_72_65_65_74_69_6e_67_20_6d_65_73_73_61_67_65_3a_20_25_73_a",
               Pointer (Char,Some 22))),Value (Lit ("5",Int))),
      Value (Lit ("'i'",Char)));
   Assign
     (Index
        (Value
           (Var
              ("$47_72_65_65_74_69_6e_67_20_6d_65_73_73_61_67_65_3a_20_25_73_a",
               Pointer (Char,Some 22))),Value (Lit ("6",Int))),
      Value (Lit ("'n'",Char)));
   Assign
     (Index
        (Value
           (Var
              ("$47_72_65_65_74_69_6e_67_20_6d_65_73_73_61_67_65_3a_20_25_73_a",
               Pointer (Char,Some 22))),Value (Lit ("7",Int))),
      Value (Lit ("'g'",Char)));
   Assign
     (Index
        (Value
           (Var
              ("$47_72_65_65_74_69_6e_67_20_6d_65_73_73_61_67_65_3a_20_25_73_a",
               Pointer (Char,Some 22))),Value (Lit ("8",Int))),
      Value (Lit ("' '",Char)));
   Assign
     (Index
        (Value
           (Var
              ("$47_72_65_65_74_69_6e_67_20_6d_65_73_73_61_67_65_3a_20_25_73_a",
               Pointer (Char,Some 22))),Value (Lit ("9",Int))),
      Value (Lit ("'m'",Char)));
   Assign
     (Index
        (Value
           (Var
              ("$47_72_65_65_74_69_6e_67_20_6d_65_73_73_61_67_65_3a_20_25_73_a",
               Pointer (Char,Some 22))),Value (Lit ("10",Int))),
      Value (Lit ("'e'",Char)));
   Assign
     (Index
        (Value
           (Var
              ("$47_72_65_65_74_69_6e_67_20_6d_65_73_73_61_67_65_3a_20_25_73_a",
               Pointer (Char,Some 22))),Value (Lit ("11",Int))),
      Value (Lit ("'s'",Char)));
   Assign
     (Index
        (Value
           (Var
              ("$47_72_65_65_74_69_6e_67_20_6d_65_73_73_61_67_65_3a_20_25_73_a",
               Pointer (Char,Some 22))),Value (Lit ("12",Int))),
      Value (Lit ("'s'",Char)));
   Assign
     (Index
        (Value
           (Var
              ("$47_72_65_65_74_69_6e_67_20_6d_65_73_73_61_67_65_3a_20_25_73_a",
               Pointer (Char,Some 22))),Value (Lit ("13",Int))),
      Value (Lit ("'a'",Char)));
   Assign
     (Index
        (Value
           (Var
              ("$47_72_65_65_74_69_6e_67_20_6d_65_73_73_61_67_65_3a_20_25_73_a",
               Pointer (Char,Some 22))),Value (Lit ("14",Int))),
      Value (Lit ("'g'",Char)));
   Assign
     (Index
        (Value
           (Var
              ("$47_72_65_65_74_69_6e_67_20_6d_65_73_73_61_67_65_3a_20_25_73_a",
               Pointer (Char,Some 22))),Value (Lit ("15",Int))),
      Value (Lit ("'e'",Char)));
   Assign
     (Index
        (Value
           (Var
              ("$47_72_65_65_74_69_6e_67_20_6d_65_73_73_61_67_65_3a_20_25_73_a",
               Pointer (Char,Some 22))),Value (Lit ("16",Int))),
      Value (Lit ("':'",Char)));
   Assign
     (Index
        (Value
           (Var
              ("$47_72_65_65_74_69_6e_67_20_6d_65_73_73_61_67_65_3a_20_25_73_a",
               Pointer (Char,Some 22))),Value (Lit ("17",Int))),
      Value (Lit ("' '",Char)));
   Assign
     (Index
        (Value
           (Var
              ("$47_72_65_65_74_69_6e_67_20_6d_65_73_73_61_67_65_3a_20_25_73_a",
               Pointer (Char,Some 22))),Value (Lit ("18",Int))),
      Value (Lit ("'%'",Char)));
   Assign
     (Index
        (Value
           (Var
              ("$47_72_65_65_74_69_6e_67_20_6d_65_73_73_61_67_65_3a_20_25_73_a",
               Pointer (Char,Some 22))),Value (Lit ("19",Int))),
      Value (Lit ("'s'",Char)));
   Assign
     (Index
        (Value
           (Var
              ("$47_72_65_65_74_69_6e_67_20_6d_65_73_73_61_67_65_3a_20_25_73_a",
               Pointer (Char,Some 22))),Value (Lit ("20",Int))),
      Value (Lit ("'
'",Char)));
   Assign
     (Index
        (Value
           (Var
              ("$47_72_65_65_74_69_6e_67_20_6d_65_73_73_61_67_65_3a_20_25_73_a",
               Pointer (Char,Some 22))),Value (Lit ("21",Int))),
      Value (Lit ("'\0'",Char))); Declare ("main",Function ([Unknown []],Int));
   Assign
     (Value (Var ("main",Function ([Unknown []],Int))),
      Function
        ([(".", Unknown [])],
         Block
           [Declare ("greeting",Pointer (Char,Some 6));
            Assign
              (Index
                 (Value (Var ("greeting",Pointer (Char,Some 6))),
                  Value (Lit ("0",Int))),Value (Lit ("'H'",Char)));
            Assign
              (Index
                 (Value (Var ("greeting",Pointer (Char,Some 6))),
                  Value (Lit ("1",Int))),Value (Lit ("'e'",Char)));
            Assign
              (Index
                 (Value (Var ("greeting",Pointer (Char,Some 6))),
                  Value (Lit ("2",Int))),Value (Lit ("'l'",Char)));
            Assign
              (Index
                 (Value (Var ("greeting",Pointer (Char,Some 6))),
                  Value (Lit ("3",Int))),Value (Lit ("'l'",Char)));
            Assign
              (Index
                 (Value (Var ("greeting",Pointer (Char,Some 6))),
                  Value (Lit ("4",Int))),Value (Lit ("'o'",Char)));
            Assign
              (Index
                 (Value (Var ("greeting",Pointer (Char,Some 6))),
                  Value (Lit ("5",Int))),Value (Lit ("'\0'",Char)));
            Apply
              (Value (Var ("printf",Function ([Unknown []],Void))),
               [Value
                  (Var
                     ("$47_72_65_65_74_69_6e_67_20_6d_65_73_73_61_67_65_3a_20_25_73_a",
                      Pointer (Char,Some 22)));
                Value (Var ("greeting",Pointer (Char,Some 6)))]);
            Return (Value (Lit ("0",Int)))]))]