GlobalParse
  [Declare
     ("$48_65_6c_6c_6f_9_57_6f_72_6c_64_5c_6e_5c_6e",Pointer (Char,Some 16));
   Assign
     (Index
        (Value
           (Var
              ("$48_65_6c_6c_6f_9_57_6f_72_6c_64_5c_6e_5c_6e",
               Pointer (Char,Some 16))),Value (Lit ("0",Int))),
      Value (Lit ("'H'",Char)));
   Assign
     (Index
        (Value
           (Var
              ("$48_65_6c_6c_6f_9_57_6f_72_6c_64_5c_6e_5c_6e",
               Pointer (Char,Some 16))),Value (Lit ("1",Int))),
      Value (Lit ("'e'",Char)));
   Assign
     (Index
        (Value
           (Var
              ("$48_65_6c_6c_6f_9_57_6f_72_6c_64_5c_6e_5c_6e",
               Pointer (Char,Some 16))),Value (Lit ("2",Int))),
      Value (Lit ("'l'",Char)));
   Assign
     (Index
        (Value
           (Var
              ("$48_65_6c_6c_6f_9_57_6f_72_6c_64_5c_6e_5c_6e",
               Pointer (Char,Some 16))),Value (Lit ("3",Int))),
      Value (Lit ("'l'",Char)));
   Assign
     (Index
        (Value
           (Var
              ("$48_65_6c_6c_6f_9_57_6f_72_6c_64_5c_6e_5c_6e",
               Pointer (Char,Some 16))),Value (Lit ("4",Int))),
      Value (Lit ("'o'",Char)));
   Assign
     (Index
        (Value
           (Var
              ("$48_65_6c_6c_6f_9_57_6f_72_6c_64_5c_6e_5c_6e",
               Pointer (Char,Some 16))),Value (Lit ("5",Int))),
      Value (Lit ("'	'",Char)));
   Assign
     (Index
        (Value
           (Var
              ("$48_65_6c_6c_6f_9_57_6f_72_6c_64_5c_6e_5c_6e",
               Pointer (Char,Some 16))),Value (Lit ("6",Int))),
      Value (Lit ("'W'",Char)));
   Assign
     (Index
        (Value
           (Var
              ("$48_65_6c_6c_6f_9_57_6f_72_6c_64_5c_6e_5c_6e",
               Pointer (Char,Some 16))),Value (Lit ("7",Int))),
      Value (Lit ("'o'",Char)));
   Assign
     (Index
        (Value
           (Var
              ("$48_65_6c_6c_6f_9_57_6f_72_6c_64_5c_6e_5c_6e",
               Pointer (Char,Some 16))),Value (Lit ("8",Int))),
      Value (Lit ("'r'",Char)));
   Assign
     (Index
        (Value
           (Var
              ("$48_65_6c_6c_6f_9_57_6f_72_6c_64_5c_6e_5c_6e",
               Pointer (Char,Some 16))),Value (Lit ("9",Int))),
      Value (Lit ("'l'",Char)));
   Assign
     (Index
        (Value
           (Var
              ("$48_65_6c_6c_6f_9_57_6f_72_6c_64_5c_6e_5c_6e",
               Pointer (Char,Some 16))),Value (Lit ("10",Int))),
      Value (Lit ("'d'",Char)));
   Assign
     (Index
        (Value
           (Var
              ("$48_65_6c_6c_6f_9_57_6f_72_6c_64_5c_6e_5c_6e",
               Pointer (Char,Some 16))),Value (Lit ("11",Int))),
      Value (Lit ("'\'",Char)));
   Assign
     (Index
        (Value
           (Var
              ("$48_65_6c_6c_6f_9_57_6f_72_6c_64_5c_6e_5c_6e",
               Pointer (Char,Some 16))),Value (Lit ("12",Int))),
      Value (Lit ("'n'",Char)));
   Assign
     (Index
        (Value
           (Var
              ("$48_65_6c_6c_6f_9_57_6f_72_6c_64_5c_6e_5c_6e",
               Pointer (Char,Some 16))),Value (Lit ("13",Int))),
      Value (Lit ("'\'",Char)));
   Assign
     (Index
        (Value
           (Var
              ("$48_65_6c_6c_6f_9_57_6f_72_6c_64_5c_6e_5c_6e",
               Pointer (Char,Some 16))),Value (Lit ("14",Int))),
      Value (Lit ("'n'",Char)));
   Assign
     (Index
        (Value
           (Var
              ("$48_65_6c_6c_6f_9_57_6f_72_6c_64_5c_6e_5c_6e",
               Pointer (Char,Some 16))),Value (Lit ("15",Int))),
      Value (Lit ("'\0'",Char))); Declare ("main",Function ([Unknown []],Int));
   Assign
     (Value (Var ("main",Function ([Unknown []],Int))),
      Function
        ([(".", Unknown [])],
         Block
           [Apply
              (Value (Var ("printf",Function ([Unknown []],Void))),
               [Value
                  (Var
                     ("$48_65_6c_6c_6f_9_57_6f_72_6c_64_5c_6e_5c_6e",
                      Pointer (Char,Some 16)))]); Return (Value (Lit ("0",Int)))]))]