GlobalParse
  [Declare
     ("$4d_61_78_20_76_61_6c_75_65_20_69_73_20_3a_20_25_64_a",
      Pointer (Char,Some 19));
   Assign
     (Index
        (Value
           (Var
              ("$4d_61_78_20_76_61_6c_75_65_20_69_73_20_3a_20_25_64_a",
               Pointer (Char,Some 19))),Value (Lit ("0",Int))),
      Value (Lit ("'M'",Char)));
   Assign
     (Index
        (Value
           (Var
              ("$4d_61_78_20_76_61_6c_75_65_20_69_73_20_3a_20_25_64_a",
               Pointer (Char,Some 19))),Value (Lit ("1",Int))),
      Value (Lit ("'a'",Char)));
   Assign
     (Index
        (Value
           (Var
              ("$4d_61_78_20_76_61_6c_75_65_20_69_73_20_3a_20_25_64_a",
               Pointer (Char,Some 19))),Value (Lit ("2",Int))),
      Value (Lit ("'x'",Char)));
   Assign
     (Index
        (Value
           (Var
              ("$4d_61_78_20_76_61_6c_75_65_20_69_73_20_3a_20_25_64_a",
               Pointer (Char,Some 19))),Value (Lit ("3",Int))),
      Value (Lit ("' '",Char)));
   Assign
     (Index
        (Value
           (Var
              ("$4d_61_78_20_76_61_6c_75_65_20_69_73_20_3a_20_25_64_a",
               Pointer (Char,Some 19))),Value (Lit ("4",Int))),
      Value (Lit ("'v'",Char)));
   Assign
     (Index
        (Value
           (Var
              ("$4d_61_78_20_76_61_6c_75_65_20_69_73_20_3a_20_25_64_a",
               Pointer (Char,Some 19))),Value (Lit ("5",Int))),
      Value (Lit ("'a'",Char)));
   Assign
     (Index
        (Value
           (Var
              ("$4d_61_78_20_76_61_6c_75_65_20_69_73_20_3a_20_25_64_a",
               Pointer (Char,Some 19))),Value (Lit ("6",Int))),
      Value (Lit ("'l'",Char)));
   Assign
     (Index
        (Value
           (Var
              ("$4d_61_78_20_76_61_6c_75_65_20_69_73_20_3a_20_25_64_a",
               Pointer (Char,Some 19))),Value (Lit ("7",Int))),
      Value (Lit ("'u'",Char)));
   Assign
     (Index
        (Value
           (Var
              ("$4d_61_78_20_76_61_6c_75_65_20_69_73_20_3a_20_25_64_a",
               Pointer (Char,Some 19))),Value (Lit ("8",Int))),
      Value (Lit ("'e'",Char)));
   Assign
     (Index
        (Value
           (Var
              ("$4d_61_78_20_76_61_6c_75_65_20_69_73_20_3a_20_25_64_a",
               Pointer (Char,Some 19))),Value (Lit ("9",Int))),
      Value (Lit ("' '",Char)));
   Assign
     (Index
        (Value
           (Var
              ("$4d_61_78_20_76_61_6c_75_65_20_69_73_20_3a_20_25_64_a",
               Pointer (Char,Some 19))),Value (Lit ("10",Int))),
      Value (Lit ("'i'",Char)));
   Assign
     (Index
        (Value
           (Var
              ("$4d_61_78_20_76_61_6c_75_65_20_69_73_20_3a_20_25_64_a",
               Pointer (Char,Some 19))),Value (Lit ("11",Int))),
      Value (Lit ("'s'",Char)));
   Assign
     (Index
        (Value
           (Var
              ("$4d_61_78_20_76_61_6c_75_65_20_69_73_20_3a_20_25_64_a",
               Pointer (Char,Some 19))),Value (Lit ("12",Int))),
      Value (Lit ("' '",Char)));
   Assign
     (Index
        (Value
           (Var
              ("$4d_61_78_20_76_61_6c_75_65_20_69_73_20_3a_20_25_64_a",
               Pointer (Char,Some 19))),Value (Lit ("13",Int))),
      Value (Lit ("':'",Char)));
   Assign
     (Index
        (Value
           (Var
              ("$4d_61_78_20_76_61_6c_75_65_20_69_73_20_3a_20_25_64_a",
               Pointer (Char,Some 19))),Value (Lit ("14",Int))),
      Value (Lit ("' '",Char)));
   Assign
     (Index
        (Value
           (Var
              ("$4d_61_78_20_76_61_6c_75_65_20_69_73_20_3a_20_25_64_a",
               Pointer (Char,Some 19))),Value (Lit ("15",Int))),
      Value (Lit ("'%'",Char)));
   Assign
     (Index
        (Value
           (Var
              ("$4d_61_78_20_76_61_6c_75_65_20_69_73_20_3a_20_25_64_a",
               Pointer (Char,Some 19))),Value (Lit ("16",Int))),
      Value (Lit ("'d'",Char)));
   Assign
     (Index
        (Value
           (Var
              ("$4d_61_78_20_76_61_6c_75_65_20_69_73_20_3a_20_25_64_a",
               Pointer (Char,Some 19))),Value (Lit ("17",Int))),
      Value (Lit ("'
'",Char)));
   Assign
     (Index
        (Value
           (Var
              ("$4d_61_78_20_76_61_6c_75_65_20_69_73_20_3a_20_25_64_a",
               Pointer (Char,Some 19))),Value (Lit ("18",Int))),
      Value (Lit ("'\0'",Char))); Declare ("max",Function ([Int; Int],Int));
   Assign
     (Value (Var ("max",Function ([Int; Int],Int))),
      Function ([("num1", Int); ("num2", Int)],Block []));
   Declare ("main",Function ([Unknown []],Int));
   Assign
     (Value (Var ("main",Function ([Unknown []],Int))),
      Function
        ([(".", Unknown [])],
         Block
           [Declare ("a",Int);
            Assign (Value (Var ("a",Int)),Value (Lit ("100",Int)));
            Declare ("b",Int);
            Assign (Value (Var ("b",Int)),Value (Lit ("200",Int)));
            Declare ("ret",Int);
            Assign
              (Value (Var ("ret",Int)),
               Apply
                 (Value (Var ("max",Function ([Int; Int],Int))),
                  [Value (Var ("a",Int)); Value (Var ("b",Int))]));
            Apply
              (Value (Var ("printf",Function ([Unknown []],Void))),
               [Value
                  (Var
                     ("$4d_61_78_20_76_61_6c_75_65_20_69_73_20_3a_20_25_64_a",
                      Pointer (Char,Some 19))); Value (Var ("ret",Int))]);
            Return (Value (Lit ("0",Int)))]));
   Assign
     (Value (Var ("max",Function ([Int; Int],Int))),
      Function
        ([("num1", Int); ("num2", Int)],
         Block
           [Declare ("result",Int);
            If
              (Apply
                 (Value (Var (">",Function ([Int; Int],Char))),
                  [Value (Var ("num1",Int)); Value (Var ("num2",Int))]),
               Block
                 [Assign (Value (Var ("result",Int)),Value (Var ("num1",Int)))],
               Block
                 [Assign (Value (Var ("result",Int)),Value (Var ("num2",Int)))]);
            Return (Value (Var ("result",Int)))]))]