GlobalParse
  [DeclareHelper
     [Declare ("sum",Function ([Int; Int],Int));
      Assign
        (Value (Var ("sum",Function ([Int; Int],Int))),
         Function ([("a", Int); ("b", Int)],Block []))];
   DeclareHelper
     [Declare ("a",Int);
      Assign
        (Value (Var ("a",T (0,[Byte; Int; Int64; ... ]))),Value (Lit ("20",Int)))];
   DeclareHelper
     [Declare ("main",Function2 Int);
      Assign
        (Value (Var ("main",Function2 Int)),
         Function
           ([],
            Block
              [DeclareHelper
                 [Declare ("a",Int);
                  Assign
                    (Value (Var ("a",T (0,[Byte; Int; Int64; ... ]))),
                     Value (Lit ("10",Int)))];
               DeclareHelper
                 [Declare ("b",Int);
                  Assign
                    (Value (Var ("b",T (0,[Byte; Int; Int64; ... ]))),
                     Value (Lit ("20",Int)))];
               DeclareHelper
                 [Declare ("c",Int);
                  Assign
                    (Value (Var ("c",T (0,[Byte; Int; Int64; ... ]))),
                     Value (Lit ("0",Int)))];
               Apply
                 (Value (Var ("printf",T (0,[Byte; Int; Int64; ... ]))),
                  [Value (Lit (""value of a in main() = %d\n"",Ptr Byte));
                   Value (Var ("a",T (0,[Byte; Int; Int64; ... ])))]);
               Assign
                 (Value (Var ("c",T (0,[Byte; Int; Int64; ... ]))),
                  Apply
                    (Value (Var ("sum",T (0,[Byte; Int; Int64; ... ]))),
                     [Value (Var ("a",T (0,[Byte; Int; Int64; ... ])));
                      Value (Var ("b",T (0,[Byte; Int; Int64; ... ])))]));
               Apply
                 (Value (Var ("printf",T (0,[Byte; Int; Int64; ... ]))),
                  [Value (Lit (""value of c in main() = %d\n"",Ptr Byte));
                   Value (Var ("c",T (0,[Byte; Int; Int64; ... ])))]);
               Return (Value (Lit ("0",Int)))]))];
   DeclareHelper
     [Declare ("sum",Function ([Int; Int],Int));
      Assign
        (Value (Var ("sum",Function ([Int; Int],Int))),
         Function
           ([("a", Int); ("b", Int)],
            Block
              [Apply
                 (Value (Var ("printf",T (0,[Byte; Int; Int64; ... ]))),
                  [Value (Lit (""value of a in sum() = %d\n"",Ptr Byte));
                   Value (Var ("a",T (0,[Byte; Int; Int64; ... ])))]);
               Apply
                 (Value (Var ("printf",T (0,[Byte; Int; Int64; ... ]))),
                  [Value (Lit (""value of b in sum() = %d\n"",Ptr Byte));
                   Value (Var ("b",T (0,[Byte; Int; Int64; ... ])))]);
               Return
                 (Apply
                    (Value
                       (Var
                          ("+",
                           Function
                             ([T (0,Value is not created.);
                               T (0,[Byte; Int; Int64; ... ])],
                              T (0,[Byte; Int; Int64; ... ])))),
                     [Value (Var ("a",T (0,[Byte; Int; Int64; ... ])));
                      Value (Var ("b",T (0,[Byte; Int; Int64; ... ])))]))]))]]