GlobalParse
  [Declare
     ("?",
      TypeDef
        (DeclStruct
           ("Books",
            [StructField ("title",Ptr Byte,0,54);
             StructField ("author",Ptr Byte,432,54);
             StructField ("subject",Ptr Byte,864,104);
             StructField ("book_id",Int,1696,4)])));
   DeclareHelper
     [Declare ("printBook",Function ([TypeDef (Struct "Books")],Void));
      Assign
        (Value (Var ("printBook",Function ([TypeDef (Struct "Books")],Void))),
         Function ([("book", TypeDef (Struct "Books"))],Block []))];
   DeclareHelper
     [Declare ("main",Function2 Int);
      Assign
        (Value (Var ("main",Function2 Int)),
         Function
           ([],
            Block
              [DeclareHelper [Declare ("Book1",TypeDef (Struct "Books"))];
               DeclareHelper [Declare ("Book2",TypeDef (Struct "Books"))];
               Apply
                 (Value (Var ("strcpy",T (0,[Byte; Int; Int64; ... ]))),
                  [Apply
                     (Value (Var (".",T (0,[Byte; Int; Int64; ... ]))),
                      [Value (Var ("Book1",T (0,[Byte; Int; Int64; ... ])));
                       Value (Var ("title",T (0,[Byte; Int; Int64; ... ])))]);
                   Value (Lit (""C Programming"",Ptr Byte))]);
               Apply
                 (Value (Var ("strcpy",T (0,[Byte; Int; Int64; ... ]))),
                  [Apply
                     (Value (Var (".",T (0,[Byte; Int; Int64; ... ]))),
                      [Value (Var ("Book1",T (0,[Byte; Int; Int64; ... ])));
                       Value (Var ("author",T (0,[Byte; Int; Int64; ... ])))]);
                   Value (Lit (""Nuha Ali"",Ptr Byte))]);
               Apply
                 (Value (Var ("strcpy",T (0,[Byte; Int; Int64; ... ]))),
                  [Apply
                     (Value (Var (".",T (0,[Byte; Int; Int64; ... ]))),
                      [Value (Var ("Book1",T (0,[Byte; Int; Int64; ... ])));
                       Value (Var ("subject",T (0,[Byte; Int; Int64; ... ])))]);
                   Value (Lit (""C Programming Tutorial"",Ptr Byte))]);
               Assign
                 (Apply
                    (Value (Var (".",T (0,[Byte; Int; Int64; ... ]))),
                     [Value (Var ("Book1",T (0,[Byte; Int; Int64; ... ])));
                      Value (Var ("book_id",T (0,[Byte; Int; Int64; ... ])))]),
                  Value (Lit ("6495407",Int)));
               Apply
                 (Value (Var ("strcpy",T (0,[Byte; Int; Int64; ... ]))),
                  [Apply
                     (Value (Var (".",T (0,[Byte; Int; Int64; ... ]))),
                      [Value (Var ("Book2",T (0,[Byte; Int; Int64; ... ])));
                       Value (Var ("title",T (0,[Byte; Int; Int64; ... ])))]);
                   Value (Lit (""Telecom Billing"",Ptr Byte))]);
               Apply
                 (Value (Var ("strcpy",T (0,[Byte; Int; Int64; ... ]))),
                  [Apply
                     (Value (Var (".",T (0,[Byte; Int; Int64; ... ]))),
                      [Value (Var ("Book2",T (0,[Byte; Int; Int64; ... ])));
                       Value (Var ("author",T (0,[Byte; Int; Int64; ... ])))]);
                   Value (Lit (""Zara Ali"",Ptr Byte))]);
               Apply
                 (Value (Var ("strcpy",T (0,[Byte; Int; Int64; ... ]))),
                  [Apply
                     (Value (Var (".",T (0,[Byte; Int; Int64; ... ]))),
                      [Value (Var ("Book2",T (0,[Byte; Int; Int64; ... ])));
                       Value (Var ("subject",T (0,[Byte; Int; Int64; ... ])))]);
                   Value (Lit (""Telecom Billing Tutorial"",Ptr Byte))]);
               Assign
                 (Apply
                    (Value (Var (".",T (0,[Byte; Int; Int64; ... ]))),
                     [Value (Var ("Book2",T (0,[Byte; Int; Int64; ... ])));
                      Value (Var ("book_id",T (0,[Byte; Int; Int64; ... ])))]),
                  Value (Lit ("6495700",Int)));
               Apply
                 (Value (Var ("printBook",T (0,[Byte; Int; Int64; ... ]))),
                  [Value (Var ("Book1",T (0,[Byte; Int; Int64; ... ])))]);
               Apply
                 (Value (Var ("printBook",T (0,[Byte; Int; Int64; ... ]))),
                  [Value (Var ("Book2",T (0,[Byte; Int; Int64; ... ])))]);
               Return (Value (Lit ("0",Int)))]))];
   DeclareHelper
     [Declare ("printBook",Function ([TypeDef (Struct "Books")],Void));
      Assign
        (Value (Var ("printBook",Function ([TypeDef (Struct "Books")],Void))),
         Function
           ([("book", TypeDef (Struct "Books"))],
            Block
              [Apply
                 (Value (Var ("printf",T (0,[Byte; Int; Int64; ... ]))),
                  [Value (Lit (""Book title : %s\n"",Ptr Byte));
                   Apply
                     (Value (Var (".",T (0,[Byte; Int; Int64; ... ]))),
                      [Value (Var ("book",T (0,[Byte; Int; Int64; ... ])));
                       Value (Var ("title",T (0,[Byte; Int; Int64; ... ])))])]);
               Apply
                 (Value (Var ("printf",T (0,[Byte; Int; Int64; ... ]))),
                  [Value (Lit (""Book author : %s\n"",Ptr Byte));
                   Apply
                     (Value (Var (".",T (0,[Byte; Int; Int64; ... ]))),
                      [Value (Var ("book",T (0,[Byte; Int; Int64; ... ])));
                       Value (Var ("author",T (0,[Byte; Int; Int64; ... ])))])]);
               Apply
                 (Value (Var ("printf",T (0,[Byte; Int; Int64; ... ]))),
                  [Value (Lit (""Book subject : %s\n"",Ptr Byte));
                   Apply
                     (Value (Var (".",T (0,[Byte; Int; Int64; ... ]))),
                      [Value (Var ("book",T (0,[Byte; Int; Int64; ... ])));
                       Value (Var ("subject",T (0,[Byte; Int; Int64; ... ])))])]);
               Apply
                 (Value (Var ("printf",T (0,[Byte; Int; Int64; ... ]))),
                  [Value (Lit (""Book book_id : %d\n"",Ptr Byte));
                   Apply
                     (Value (Var (".",T (0,[Byte; Int; Int64; ... ]))),
                      [Value (Var ("book",T (0,[Byte; Int; Int64; ... ])));
                       Value (Var ("book_id",T (0,[Byte; Int; Int64; ... ])))])])]))]]