GlobalParse
  [Declare
     ("?",
      TypeDef
        (DeclUnion
           ("Data",
            [StructField ("i",Int,0,4); StructField ("f",Float,0,4);
             StructField ("str",Ptr Byte,0,24)])));
   DeclareHelper
     [Declare ("main",Function2 Int);
      Assign
        (Value (Var ("main",Function2 Int)),
         Function
           ([],
            Block
              [DeclareHelper [Declare ("data",TypeDef (Union "Data"))];
               Assign
                 (Apply
                    (Value (Var (".",T (0,[Byte; Int; Int64; ... ]))),
                     [Value (Var ("data",T (0,[Byte; Int; Int64; ... ])));
                      Value (Var ("i",T (0,[Byte; Int; Int64; ... ])))]),
                  Value (Lit ("10",Int)));
               Apply
                 (Value (Var ("printf",T (0,[Byte; Int; Int64; ... ]))),
                  [Value (Lit (""data.i : %d\n"",Ptr Byte));
                   Apply
                     (Value (Var (".",T (0,[Byte; Int; Int64; ... ]))),
                      [Value (Var ("data",T (0,[Byte; Int; Int64; ... ])));
                       Value (Var ("i",T (0,[Byte; Int; Int64; ... ])))])]);
               Assign
                 (Apply
                    (Value (Var (".",T (0,[Byte; Int; Int64; ... ]))),
                     [Value (Var ("data",T (0,[Byte; Int; Int64; ... ])));
                      Value (Var ("f",T (0,[Byte; Int; Int64; ... ])))]),
                  Value (Lit ("220.5",Float)));
               Apply
                 (Value (Var ("printf",T (0,[Byte; Int; Int64; ... ]))),
                  [Value (Lit (""data.f : %f\n"",Ptr Byte));
                   Apply
                     (Value (Var (".",T (0,[Byte; Int; Int64; ... ]))),
                      [Value (Var ("data",T (0,[Byte; Int; Int64; ... ])));
                       Value (Var ("f",T (0,[Byte; Int; Int64; ... ])))])]);
               Apply
                 (Value (Var ("strcpy",T (0,[Byte; Int; Int64; ... ]))),
                  [Apply
                     (Value (Var (".",T (0,[Byte; Int; Int64; ... ]))),
                      [Value (Var ("data",T (0,[Byte; Int; Int64; ... ])));
                       Value (Var ("str",T (0,[Byte; Int; Int64; ... ])))]);
                   Value (Lit (""C Programming"",Ptr Byte))]);
               Apply
                 (Value (Var ("printf",T (0,[Byte; Int; Int64; ... ]))),
                  [Value (Lit (""data.str : %s\n"",Ptr Byte));
                   Apply
                     (Value (Var (".",T (0,[Byte; Int; Int64; ... ]))),
                      [Value (Var ("data",T (0,[Byte; Int; Int64; ... ])));
                       Value (Var ("str",T (0,[Byte; Int; Int64; ... ])))])]);
               Return (Value (Lit ("0",Int)))]))]]