GlobalParse
  [Declare
     ("status1",
      TypeDef
        (DeclStruct
           ("_anon",
            [StructField ("widthValidated",Int,0,4);
             StructField ("heightValidated",Int,32,4)])));
   Declare
     ("status2",
      TypeDef
        (DeclStruct
           ("_anon",
            [StructField ("widthValidated",Int,1,4);
             StructField ("heightValidated",Int,1,4)])));
   DeclareHelper
     [Declare ("main",Function2 Int);
      Assign
        (Value (Var ("main",Function2 Int)),
         Function
           ([],
            Block
              [Apply
                 (Value (Var ("printf",T (0,[Byte; Int; Int64; ... ]))),
                  [Value
                     (Lit (""Memory size occupied by status1 : %d\n"",Ptr Byte));
                   Apply
                     (Value (Var ("sizeof",T (0,[Byte; Int; Int64; ... ]))),
                      [Value (Var ("status1",T (0,[Byte; Int; Int64; ... ])))])]);
               Apply
                 (Value (Var ("printf",T (0,[Byte; Int; Int64; ... ]))),
                  [Value
                     (Lit (""Memory size occupied by status2 : %d\n"",Ptr Byte));
                   Apply
                     (Value (Var ("sizeof",T (0,[Byte; Int; Int64; ... ]))),
                      [Value (Var ("status2",T (0,[Byte; Int; Int64; ... ])))])]);
               Return (Value (Lit ("0",Int)))]))]]