GlobalParse
  [DeclareHelper [Declare ("count",Int)];
   DeclareHelper
     [Declare ("write_extern",Function ([],Void));
      Assign
        (Value (Var ("write_extern",Function ([],Void))),
         Function
           ([],
            Block
              [Apply
                 (Value (Var ("printf",Unknown [])),
                  [Value (Lit (""count is %d\n"",Pointer (Char,Some 16)));
                   Value (Var ("count",Unknown []))])]))]]