GlobalParse
  [DeclareHelper
     [Declare ("main",Function2 Int);
      Assign
        (Value (Var ("main",Function2 Int)),
         Function
           ([],
            Block
              [Block
                 [Value (Lit ("'1'",Byte));
                  While
                    (Value (Lit ("'1'",Byte)),
                     Block
                       [Apply
                          (Value (Var ("printf",T (0,[Byte; Int; Int64; ... ]))),
                           [Value
                              (Lit (""This loop will run forever.\n"",Ptr Byte))]);
                        Value (Lit ("'1'",Byte))])];
               Return (Value (Lit ("0",Int)))]))]]